Component: Arm Compiler for Embedded 6.24 Tool: armlink [5f371500]

==============================================================================

Section Cross References

    startup_stm32h743xx.o(RESET) refers to startup_stm32h743xx.o(STACK) for __initial_sp
    startup_stm32h743xx.o(RESET) refers to startup_stm32h743xx.o(.text) for Reset_Handler
    startup_stm32h743xx.o(RESET) refers to stm32h7xx_it.o(.text.NMI_Handler) for NMI_Handler
    startup_stm32h743xx.o(RESET) refers to stm32h7xx_it.o(.text.HardFault_Handler) for HardFault_Handler
    startup_stm32h743xx.o(RESET) refers to stm32h7xx_it.o(.text.MemManage_Handler) for MemManage_Handler
    startup_stm32h743xx.o(RESET) refers to stm32h7xx_it.o(.text.BusFault_Handler) for BusFault_Handler
    startup_stm32h743xx.o(RESET) refers to stm32h7xx_it.o(.text.UsageFault_Handler) for UsageFault_Handler
    startup_stm32h743xx.o(RESET) refers to stm32h7xx_it.o(.text.SVC_Handler) for SVC_Handler
    startup_stm32h743xx.o(RESET) refers to stm32h7xx_it.o(.text.DebugMon_Handler) for DebugMon_Handler
    startup_stm32h743xx.o(RESET) refers to stm32h7xx_it.o(.text.PendSV_Handler) for PendSV_Handler
    startup_stm32h743xx.o(RESET) refers to stm32h7xx_it.o(.text.SysTick_Handler) for SysTick_Handler
    startup_stm32h743xx.o(RESET) refers to stm32h7xx_it.o(.text.DMA1_Stream0_IRQHandler) for DMA1_Stream0_IRQHandler
    startup_stm32h743xx.o(RESET) refers to stm32h7xx_it.o(.text.DMA1_Stream1_IRQHandler) for DMA1_Stream1_IRQHandler
    startup_stm32h743xx.o(RESET) refers to stm32h7xx_it.o(.text.ADC_IRQHandler) for ADC_IRQHandler
    startup_stm32h743xx.o(RESET) refers to stm32h7xx_it.o(.text.SPI1_IRQHandler) for SPI1_IRQHandler
    startup_stm32h743xx.o(.text) refers to system_stm32h7xx.o(.text.ExitRun0Mode) for ExitRun0Mode
    startup_stm32h743xx.o(.text) refers to system_stm32h7xx.o(.text.SystemInit) for SystemInit
    startup_stm32h743xx.o(.text) refers to entry.o(.ARM.Collect$$$$00000000) for __main
    adc_driver.o(.text.ADC_DisplayOnLCD) refers to main.o(.bss.g_hist_idx) for g_hist_idx
    adc_driver.o(.text.ADC_DisplayOnLCD) refers to ili9488.o(.text.LCD_FillRect) for LCD_FillRect
    adc_driver.o(.text.ADC_DisplayOnLCD) refers to ili9488.o(.text.LCD_DrawString) for LCD_DrawString
    adc_driver.o(.text.ADC_DisplayOnLCD) refers to main.o(.bss.diff_voltage_1) for diff_voltage_1
    adc_driver.o(.text.ADC_DisplayOnLCD) refers to printfa.o(i.__0snprintf) for __2snprintf
    adc_driver.o(.text.ADC_DisplayOnLCD) refers to main.o(.bss.diff_voltage_2) for diff_voltage_2
    adc_driver.o(.text.ADC_DisplayOnLCD) refers to main.o(.bss.g_hist2) for g_hist2
    adc_driver.o(.text.ADC_DisplayOnLCD) refers to main.o(.bss.g_hist1) for g_hist1
    adc_driver.o(.ARM.exidx.text.ADC_DisplayOnLCD) refers to adc_driver.o(.text.ADC_DisplayOnLCD) for [Anonymous Symbol]
    ili9488.o(.text.LCD_GetWidth) refers to ili9488.o(.bss.lcd_rotation) for lcd_rotation
    ili9488.o(.ARM.exidx.text.LCD_GetWidth) refers to ili9488.o(.text.LCD_GetWidth) for [Anonymous Symbol]
    ili9488.o(.text.LCD_GetHeight) refers to ili9488.o(.bss.lcd_rotation) for lcd_rotation
    ili9488.o(.ARM.exidx.text.LCD_GetHeight) refers to ili9488.o(.text.LCD_GetHeight) for [Anonymous Symbol]
    ili9488.o(.text.LCD_WriteCommand) refers to stm32h7xx_hal_gpio.o(.text.HAL_GPIO_WritePin) for HAL_GPIO_WritePin
    ili9488.o(.text.LCD_WriteCommand) refers to spi.o(.bss.hspi1) for hspi1
    ili9488.o(.text.LCD_WriteCommand) refers to stm32h7xx_hal_spi.o(.text.HAL_SPI_Transmit) for HAL_SPI_Transmit
    ili9488.o(.ARM.exidx.text.LCD_WriteCommand) refers to ili9488.o(.text.LCD_WriteCommand) for [Anonymous Symbol]
    ili9488.o(.text.LCD_WriteData) refers to stm32h7xx_hal_gpio.o(.text.HAL_GPIO_WritePin) for HAL_GPIO_WritePin
    ili9488.o(.text.LCD_WriteData) refers to spi.o(.bss.hspi1) for hspi1
    ili9488.o(.text.LCD_WriteData) refers to stm32h7xx_hal_spi.o(.text.HAL_SPI_Transmit) for HAL_SPI_Transmit
    ili9488.o(.ARM.exidx.text.LCD_WriteData) refers to ili9488.o(.text.LCD_WriteData) for [Anonymous Symbol]
    ili9488.o(.text.LCD_WriteData16) refers to stm32h7xx_hal_gpio.o(.text.HAL_GPIO_WritePin) for HAL_GPIO_WritePin
    ili9488.o(.text.LCD_WriteData16) refers to spi.o(.bss.hspi1) for hspi1
    ili9488.o(.text.LCD_WriteData16) refers to stm32h7xx_hal_spi.o(.text.HAL_SPI_Transmit) for HAL_SPI_Transmit
    ili9488.o(.ARM.exidx.text.LCD_WriteData16) refers to ili9488.o(.text.LCD_WriteData16) for [Anonymous Symbol]
    ili9488.o(.text.LCD_WriteDataBuffer16) refers to stm32h7xx_hal_gpio.o(.text.HAL_GPIO_WritePin) for HAL_GPIO_WritePin
    ili9488.o(.text.LCD_WriteDataBuffer16) refers to spi.o(.bss.hspi1) for hspi1
    ili9488.o(.text.LCD_WriteDataBuffer16) refers to stm32h7xx_hal_spi.o(.text.HAL_SPI_Transmit) for HAL_SPI_Transmit
    ili9488.o(.ARM.exidx.text.LCD_WriteDataBuffer16) refers to ili9488.o(.text.LCD_WriteDataBuffer16) for [Anonymous Symbol]
[...]
    ../clib/microlib/printf/stubs.s          0x00000000   Number         0  printfstubs.o ABSOLUTE
    ../clib/microlib/stdio/fputc.c           0x00000000   Number         0  fputc.o ABSOLUTE
    ../clib/microlib/stdio/fputc.c           0x00000000   Number         0  fputc_h.o ABSOLUTE
    ../clib/microlib/stdio/semi.s            0x00000000   Number         0  semi.o ABSOLUTE
    ../clib/microlib/stdio/streams.c         0x00000000   Number         0  stdout.o ABSOLUTE
    ../clib/microlib/string/memset.c         0x00000000   Number         0  memseta.o ABSOLUTE
    ../clib/microlib/stubs.s                 0x00000000   Number         0  iusefp.o ABSOLUTE
    ../clib/microlib/stubs.s                 0x00000000   Number         0  iusesemip.o ABSOLUTE
    ../fplib/microlib/fpadd.c                0x00000000   Number         0  dadd.o ABSOLUTE
    ../fplib/microlib/fpdiv.c                0x00000000   Number         0  ddiv.o ABSOLUTE
    ../fplib/microlib/fpepilogue.c           0x00000000   Number         0  depilogue.o ABSOLUTE
    ../fplib/microlib/fpfix.c                0x00000000   Number         0  dfixul.o ABSOLUTE
    ../fplib/microlib/fpmul.c                0x00000000   Number         0  dmul.o ABSOLUTE
    ILI9488.c                                0x00000000   Number         0  ili9488.o ABSOLUTE
    adc.c                                    0x00000000   Number         0  adc.o ABSOLUTE
    adc_driver.c                             0x00000000   Number         0  adc_driver.o ABSOLUTE
    cdrcmple.s                               0x00000000   Number         0  cdrcmple.o ABSOLUTE
    dc.s                                     0x00000000   Number         0  dc.o ABSOLUTE
    dma.c                                    0x00000000   Number         0  dma.o ABSOLUTE
    gpio.c                                   0x00000000   Number         0  gpio.o ABSOLUTE
    handlers.s                               0x00000000   Number         0  handlers.o ABSOLUTE
    init.s                                   0x00000000   Number         0  init.o ABSOLUTE
    main.c                                   0x00000000   Number         0  main.o ABSOLUTE
    scope.c                                  0x00000000   Number         0  scope.o ABSOLUTE
    spi.c                                    0x00000000   Number         0  spi.o ABSOLUTE
    startup_stm32h743xx.s                    0x00000000   Number         0  startup_stm32h743xx.o ABSOLUTE
    stm32h7xx_hal.c                          0x00000000   Number         0  stm32h7xx_hal.o ABSOLUTE
    stm32h7xx_hal_adc.c                      0x00000000   Number         0  stm32h7xx_hal_adc.o ABSOLUTE
    stm32h7xx_hal_adc_ex.c                   0x00000000   Number         0  stm32h7xx_hal_adc_ex.o ABSOLUTE
    stm32h7xx_hal_cortex.c                   0x00000000   Number         0  stm32h7xx_hal_cortex.o ABSOLUTE
    stm32h7xx_hal_dma.c                      0x00000000   Number         0  stm32h7xx_hal_dma.o ABSOLUTE
    stm32h7xx_hal_dma_ex.c                   0x00000000   Number         0  stm32h7xx_hal_dma_ex.o ABSOLUTE
    stm32h7xx_hal_exti.c                     0x00000000   Number         0  stm32h7xx_hal_exti.o ABSOLUTE
    stm32h7xx_hal_flash.c                    0x00000000   Number         0  stm32h7xx_hal_flash.o ABSOLUTE
    stm32h7xx_hal_flash_ex.c                 0x00000000   Number         0  stm32h7xx_hal_flash_ex.o ABSOLUTE
    stm32h7xx_hal_gpio.c                     0x00000000   Number         0  stm32h7xx_hal_gpio.o ABSOLUTE
    stm32h7xx_hal_hsem.c                     0x00000000   Number         0  stm32h7xx_hal_hsem.o ABSOLUTE
    stm32h7xx_hal_i2c.c                      0x00000000   Number         0  stm32h7xx_hal_i2c.o ABSOLUTE
    stm32h7xx_hal_i2c_ex.c                   0x00000000   Number         0  stm32h7xx_hal_i2c_ex.o ABSOLUTE
    stm32h7xx_hal_mdma.c                     0x00000000   Number         0  stm32h7xx_hal_mdma.o ABSOLUTE
    stm32h7xx_hal_msp.c                      0x00000000   Number         0  stm32h7xx_hal_msp.o ABSOLUTE
    stm32h7xx_hal_pwr.c                      0x00000000   Number         0  stm32h7xx_hal_pwr.o ABSOLUTE
    stm32h7xx_hal_pwr_ex.c                   0x00000000   Number         0  stm32h7xx_hal_pwr_ex.o ABSOLUTE
    stm32h7xx_hal_rcc.c                      0x00000000   Number         0  stm32h7xx_hal_rcc.o ABSOLUTE
    stm32h7xx_hal_rcc_ex.c                   0x00000000   Number         0  stm32h7xx_hal_rcc_ex.o ABSOLUTE
    stm32h7xx_hal_spi.c                      0x00000000   Number         0  stm32h7xx_hal_spi.o ABSOLUTE
    stm32h7xx_hal_spi_ex.c                   0x00000000   Number         0  stm32h7xx_hal_spi_ex.o ABSOLUTE
    stm32h7xx_hal_tim.c                      0x00000000   Number         0  stm32h7xx_hal_tim.o ABSOLUTE
    stm32h7xx_hal_tim_ex.c                   0x00000000   Number         0  stm32h7xx_hal_tim_ex.o ABSOLUTE
    stm32h7xx_it.c                           0x00000000   Number         0  stm32h7xx_it.o ABSOLUTE
    system_stm32h7xx.c                       0x00000000   Number         0  system_stm32h7xx.o ABSOLUTE
    tim.c                                    0x00000000   Number         0  tim.o ABSOLUTE
    RESET                                    0x08000000   Section      664  startup_stm32h743xx.o(RESET)
    .ARM.Collect$$$$00000000                 0x08000298   Section        0  entry.o(.ARM.Collect$$$$00000000)
    .ARM.Collect$$$$00000001                 0x08000298   Section        4  entry2.o(.ARM.Collect$$$$00000001)
    .ARM.Collect$$$$00000004                 0x0800029c   Section        4  entry5.o(.ARM.Collect$$$$00000004)
    .ARM.Collect$$$$00000008                 0x080002a0   Section        0  entry7b.o(.ARM.Collect$$$$00000008)
    .ARM.Collect$$$$0000000A                 0x080002a0   Section        0  entry8b.o(.ARM.Collect$$$$0000000A)
    .ARM.Collect$$$$0000000B                 0x080002a0   Section        8  entry9a.o(.ARM.Collect$$$$0000000B)
    __lit__00000000                          0x080002a8   Data           4  entry2.o(.ARM.Collect$$$$00002712)
    .ARM.Collect$$$$0000000D                 0x080002a8   Section        0  entry10a.o(.ARM.Collect$$$$0000000D)
    .ARM.Collect$$$$0000000F                 0x080002a8   Section        0  entry11a.o(.ARM.Collect$$$$0000000F)
    .ARM.Collect$$$$00002712                 0x080002a8   Section        4  entry2.o(.ARM.Collect$$$$00002712)
    $v0                                      0x080002ac   Number         0  startup_stm32h743xx.o(.text)
    .text                                    0x080002ac   Section       44  startup_stm32h743xx.o(.text)
    .text                                    0x080002d8   Section        0  memseta.o(.text)
    .text                                    0x080002fc   Section        0  uidiv.o(.text)
    .text                                    0x08000328   Section        0  uldiv.o(.text)
    .text                                    0x0800038a   Section        0  iusefp.o(.text)
    .text                                    0x0800038a   Section        0  dadd.o(.text)
    .text                                    0x080004d8   Section        0  dmul.o(.text)
    .text                                    0x080005bc   Section        0  ddiv.o(.text)
    .text                                    0x0800069a   Section        0  dfixul.o(.text)
    .text                                    0x080006cc   Section       48  cdrcmple.o(.text)
    .text                                    0x080006fc   Section       48  init.o(.text)
    .text                                    0x0800072c   Section        0  llshl.o(.text)
    .text                                    0x0800074a   Section        0  llushr.o(.text)
    .text                                    0x0800076a   Section        0  llsshr.o(.text)
    .text                                    0x0800078e   Section        0  depilogue.o(.text)
    [Anonymous Symbol]                       0x08000848   Section        0  stm32h7xx_hal_adc.o(.text.ADC_ConfigureBoostMode)
    [Anonymous Symbol]                       0x08000978   Section        0  stm32h7xx_hal_adc.o(.text.ADC_DMAConvCplt)
    [Anonymous Symbol]                       0x080009d8   Section        0  stm32h7xx_hal_adc.o(.text.ADC_DMAError)
    [Anonymous Symbol]                       0x080009f0   Section        0  stm32h7xx_hal_adc.o(.text.ADC_DMAHalfConvCplt)
    [Anonymous Symbol]                       0x080009f8   Section        0  stm32h7xx_hal_adc.o(.text.ADC_Disable)
    [Anonymous Symbol]                       0x08000a70   Section        0  stm32h7xx_hal_adc.o(.text.ADC_Enable)
    [Anonymous Symbol]                       0x08000b20   Section        0  stm32h7xx_it.o(.text.ADC_IRQHandler)
    [Anonymous Symbol]                       0x08000b40   Section        0  stm32h7xx_it.o(.text.BusFault_Handler)
    [Anonymous Symbol]                       0x08000b48   Section        0  stm32h7xx_it.o(.text.DMA1_Stream0_IRQHandler)
    [Anonymous Symbol]                       0x08000b58   Section        0  stm32h7xx_it.o(.text.DMA1_Stream1_IRQHandler)
    DMA_CalcBaseAndBitshift                  0x08000b69   Thumb Code   288  stm32h7xx_hal_dma.o(.text.DMA_CalcBaseAndBitshift)
    [Anonymous Symbol]                       0x08000b68   Section        0  stm32h7xx_hal_dma.o(.text.DMA_CalcBaseAndBitshift)
    DMA_CalcBaseAndBitshift.flagBitshiftOffset 0x08000c88   Number         0  stm32h7xx_hal_dma.o(.text.DMA_CalcBaseAndBitshift)
    DMA_SetConfig                            0x08000c91   Thumb Code   776  stm32h7xx_hal_dma.o(.text.DMA_SetConfig)
    [Anonymous Symbol]                       0x08000c90   Section        0  stm32h7xx_hal_dma.o(.text.DMA_SetConfig)
    [Anonymous Symbol]                       0x08000f98   Section        0  stm32h7xx_it.o(.text.DebugMon_Handler)
    [Anonymous Symbol]                       0x08000fa0   Section        0  main.o(.text.Error_Handler)
    [Anonymous Symbol]                       0x08000fa8   Section        0  system_stm32h7xx.o(.text.ExitRun0Mode)
    [Anonymous Symbol]                       0x08000fd8   Section        0  stm32h7xx_hal_adc_ex.o(.text.HAL_ADCEx_Calibration_Start)
    [Anonymous Symbol]                       0x080010b0   Section        0  stm32h7xx_hal_adc_ex.o(.text.HAL_ADCEx_EndOfSamplingCallback)
    [Anonymous Symbol]                       0x080010b8   Section        0  stm32h7xx_hal_adc_ex.o(.text.HAL_ADCEx_InjectedConvCpltCallback)
    [Anonymous Symbol]                       0x080010c0   Section        0  stm32h7xx_hal_adc_ex.o(.text.HAL_ADCEx_InjectedQueueOverflowCallback)
    [Anonymous Symbol]                       0x080010c8   Section        0  stm32h7xx_hal_adc_ex.o(.text.HAL_ADCEx_LevelOutOfWindow2Callback)
    [Anonymous Symbol]                       0x080010d0   Section        0  stm32h7xx_hal_adc_ex.o(.text.HAL_ADCEx_LevelOutOfWindow3Callback)
    [Anonymous Symbol]                       0x080010d8   Section        0  stm32h7xx_hal_adc_ex.o(.text.HAL_ADCEx_MultiModeConfigChannel)
    [Anonymous Symbol]                       0x08001190   Section        0  stm32h7xx_hal_adc_ex.o(.text.HAL_ADCEx_MultiModeStart_DMA)
    [Anonymous Symbol]                       0x080012a8   Section        0  stm32h7xx_hal_adc.o(.text.HAL_ADC_ConfigChannel)
    [Anonymous Symbol]                       0x08001798   Section        0  main.o(.text.HAL_ADC_ConvCpltCallback)
    [Anonymous Symbol]                       0x080017f8   Section        0  stm32h7xx_hal_adc.o(.text.HAL_ADC_ConvHalfCpltCallback)
    [Anonymous Symbol]                       0x08001800   Section        0  stm32h7xx_hal_adc.o(.text.HAL_ADC_ErrorCallback)
    [Anonymous Symbol]                       0x08001808   Section        0  stm32h7xx_hal_adc.o(.text.HAL_ADC_IRQHandler)
    [Anonymous Symbol]                       0x08001ad8   Section        0  stm32h7xx_hal_adc.o(.text.HAL_ADC_Init)
    [Anonymous Symbol]                       0x08001d30   Section        0  stm32h7xx_hal_adc.o(.text.HAL_ADC_LevelOutOfWindowCallback)
    [Anonymous Symbol]                       0x08001d38   Section        0  adc.o(.text.HAL_ADC_MspInit)
    [Anonymous Symbol]                       0x08001ea8   Section        0  stm32h7xx_hal_dma.o(.text.HAL_DMA_Abort_IT)
    [Anonymous Symbol]                       0x08002160   Section        0  stm32h7xx_hal_dma.o(.text.HAL_DMA_IRQHandler)
    [Anonymous Symbol]                       0x08002988   Section        0  stm32h7xx_hal_dma.o(.text.HAL_DMA_Init)
    [Anonymous Symbol]                       0x08002fe8   Section        0  stm32h7xx_hal_dma.o(.text.HAL_DMA_Start_IT)
    [Anonymous Symbol]                       0x08003398   Section        0  stm32h7xx_hal.o(.text.HAL_Delay)
    [Anonymous Symbol]                       0x080033c0   Section        0  stm32h7xx_hal_gpio.o(.text.HAL_GPIO_Init)
    [Anonymous Symbol]                       0x080035a8   Section        0  stm32h7xx_hal_gpio.o(.text.HAL_GPIO_WritePin)
    [Anonymous Symbol]                       0x080035b8   Section        0  stm32h7xx_hal.o(.text.HAL_GetREVID)
    [Anonymous Symbol]                       0x080035c8   Section        0  stm32h7xx_hal.o(.text.HAL_GetTick)
    [Anonymous Symbol]                       0x080035d8   Section        0  stm32h7xx_hal.o(.text.HAL_IncTick)
    [Anonymous Symbol]                       0x080035f8   Section        0  stm32h7xx_hal.o(.text.HAL_Init)
    [Anonymous Symbol]                       0x08003660   Section        0  stm32h7xx_hal.o(.text.HAL_InitTick)
    [Anonymous Symbol]                       0x080036b0   Section        0  stm32h7xx_hal_cortex.o(.text.HAL_MPU_ConfigRegion)
    [Anonymous Symbol]                       0x08003710   Section        0  stm32h7xx_hal_cortex.o(.text.HAL_MPU_Disable)
    [Anonymous Symbol]                       0x08003730   Section        0  stm32h7xx_hal_cortex.o(.text.HAL_MPU_Enable)
    [Anonymous Symbol]                       0x08003750   Section        0  stm32h7xx_hal_msp.o(.text.HAL_MspInit)
    [Anonymous Symbol]                       0x08003770   Section        0  stm32h7xx_hal_cortex.o(.text.HAL_NVIC_EnableIRQ)
    [Anonymous Symbol]                       0x08003798   Section        0  stm32h7xx_hal_cortex.o(.text.HAL_NVIC_SetPriority)
    [Anonymous Symbol]                       0x080037f8   Section        0  stm32h7xx_hal_cortex.o(.text.HAL_NVIC_SetPriorityGrouping)
    [Anonymous Symbol]                       0x08003818   Section        0  stm32h7xx_hal_pwr_ex.o(.text.HAL_PWREx_ConfigSupply)
    [Anonymous Symbol]                       0x08003868   Section        0  stm32h7xx_hal_rcc_ex.o(.text.HAL_RCCEx_GetPLL1ClockFreq)
    [Anonymous Symbol]                       0x08003998   Section        0  stm32h7xx_hal_rcc_ex.o(.text.HAL_RCCEx_GetPLL2ClockFreq)
    [Anonymous Symbol]                       0x08003ac0   Section        0  stm32h7xx_hal_rcc_ex.o(.text.HAL_RCCEx_GetPLL3ClockFreq)
    [Anonymous Symbol]                       0x08003be8   Section        0  stm32h7xx_hal_rcc_ex.o(.text.HAL_RCCEx_GetPeriphCLKFreq)
    [Anonymous Symbol]                       0x08003f98   Section        0  stm32h7xx_hal_rcc_ex.o(.text.HAL_RCCEx_PeriphCLKConfig)
    [Anonymous Symbol]                       0x08004aa8   Section        0  stm32h7xx_hal_rcc.o(.text.HAL_RCC_ClockConfig)
    [Anonymous Symbol]                       0x08004d00   Section        0  stm32h7xx_hal_rcc.o(.text.HAL_RCC_GetHCLKFreq)
    [Anonymous Symbol]                       0x08004d50   Section        0  stm32h7xx_hal_rcc.o(.text.HAL_RCC_GetPCLK1Freq)
    [Anonymous Symbol]                       0x08004db0   Section        0  stm32h7xx_hal_rcc.o(.text.HAL_RCC_GetSysClockFreq)
    [Anonymous Symbol]                       0x08004ed0   Section        0  stm32h7xx_hal_rcc.o(.text.HAL_RCC_OscConfig)
    [Anonymous Symbol]                       0x08005440   Section        0  stm32h7xx_hal_spi.o(.text.HAL_SPI_ErrorCallback)
    [Anonymous Symbol]                       0x08005448   Section        0  stm32h7xx_hal_spi.o(.text.HAL_SPI_IRQHandler)
    [Anonymous Symbol]                       0x08005698   Section        0  stm32h7xx_hal_spi.o(.text.HAL_SPI_Init)
    [Anonymous Symbol]                       0x08005858   Section        0  spi.o(.text.HAL_SPI_MspInit)
    [Anonymous Symbol]                       0x08005978   Section        0  stm32h7xx_hal_spi.o(.text.HAL_SPI_RxCpltCallback)
    [Anonymous Symbol]                       0x08005980   Section        0  stm32h7xx_hal_spi.o(.text.HAL_SPI_SuspendCallback)
    [Anonymous Symbol]                       0x08005988   Section        0  stm32h7xx_hal_spi.o(.text.HAL_SPI_Transmit)
    [Anonymous Symbol]                       0x08005c20   Section        0  ili9488.o(.text.HAL_SPI_TxCpltCallback)
    [Anonymous Symbol]                       0x08005c50   Section        0  stm32h7xx_hal_spi.o(.text.HAL_SPI_TxRxCpltCallback)
    [Anonymous Symbol]                       0x08005c58   Section        0  stm32h7xx_hal_cortex.o(.text.HAL_SYSTICK_Config)
    [Anonymous Symbol]                       0x08005c88   Section        0  stm32h7xx_hal_tim_ex.o(.text.HAL_TIMEx_MasterConfigSynchronization)
    [Anonymous Symbol]                       0x08005d58   Section        0  stm32h7xx_hal_tim.o(.text.HAL_TIM_Base_Init)
    [Anonymous Symbol]                       0x08005db8   Section        0  tim.o(.text.HAL_TIM_Base_MspInit)
    [Anonymous Symbol]                       0x08005de8   Section        0  stm32h7xx_hal_tim.o(.text.HAL_TIM_Base_Start)
    [Anonymous Symbol]                       0x08005e98   Section        0  stm32h7xx_hal_tim.o(.text.HAL_TIM_ConfigClockSource)
    [Anonymous Symbol]                       0x08006158   Section        0  stm32h7xx_hal_tim.o(.text.HAL_TIM_Encoder_Init)
    [Anonymous Symbol]                       0x08006210   Section        0  tim.o(.text.HAL_TIM_Encoder_MspInit)
    [Anonymous Symbol]                       0x08006288   Section        0  stm32h7xx_it.o(.text.HardFault_Handler)
    [Anonymous Symbol]                       0x08006290   Section        0  ili9488.o(.text.LCD_DrawString)
    [Anonymous Symbol]                       0x08006538   Section        0  ili9488.o(.text.LCD_FillColor)
    [Anonymous Symbol]                       0x08006758   Section        0  ili9488.o(.text.LCD_FillRect)
    [Anonymous Symbol]                       0x080069a8   Section        0  ili9488.o(.text.LCD_Init)
    [Anonymous Symbol]                       0x08007488   Section        0  ili9488.o(.text.LCD_SetRotation)
    [Anonymous Symbol]                       0x08007558   Section        0  ili9488.o(.text.LCD_SetWindow)
    [Anonymous Symbol]                       0x08007858   Section        0  adc.o(.text.MX_ADC1_Init)
    [Anonymous Symbol]                       0x08007920   Section        0  adc.o(.text.MX_ADC2_Init)
    [Anonymous Symbol]                       0x080079a0   Section        0  dma.o(.text.MX_DMA_Init)
    [Anonymous Symbol]                       0x080079e8   Section        0  gpio.o(.text.MX_GPIO_Init)
    [Anonymous Symbol]                       0x08007b00   Section        0  spi.o(.text.MX_SPI1_Init)
    [Anonymous Symbol]                       0x08007b68   Section        0  tim.o(.text.MX_TIM3_Init)
    [Anonymous Symbol]                       0x08007be0   Section        0  tim.o(.text.MX_TIM4_Init)
    [Anonymous Symbol]                       0x08007c48   Section        0  stm32h7xx_it.o(.text.MemManage_Handler)
    [Anonymous Symbol]                       0x08007c50   Section        0  stm32h7xx_it.o(.text.NMI_Handler)
    [Anonymous Symbol]                       0x08007c58   Section        0  stm32h7xx_it.o(.text.PendSV_Handler)
    RCCEx_PLL2_Config                        0x08007c61   Thumb Code   290  stm32h7xx_hal_rcc_ex.o(.text.RCCEx_PLL2_Config)
    [Anonymous Symbol]                       0x08007c60   Section        0  stm32h7xx_hal_rcc_ex.o(.text.RCCEx_PLL2_Config)
    RCCEx_PLL3_Config                        0x08007d89   Thumb Code   290  stm32h7xx_hal_rcc_ex.o(.text.RCCEx_PLL3_Config)
    [Anonymous Symbol]                       0x08007d88   Section        0  stm32h7xx_hal_rcc_ex.o(.text.RCCEx_PLL3_Config)
    [Anonymous Symbol]                       0x08007eb0   Section        0  stm32h7xx_it.o(.text.SPI1_IRQHandler)
    SPI_CloseTransfer                        0x08007ec1   Thumb Code   208  stm32h7xx_hal_spi.o(.text.SPI_CloseTransfer)
    [Anonymous Symbol]                       0x08007ec0   Section        0  stm32h7xx_hal_spi.o(.text.SPI_CloseTransfer)
    SPI_DMAAbortOnError                      0x08007f91   Thumb Code    22  stm32h7xx_hal_spi.o(.text.SPI_DMAAbortOnError)
    [Anonymous Symbol]                       0x08007f90   Section        0  stm32h7xx_hal_spi.o(.text.SPI_DMAAbortOnError)
    [Anonymous Symbol]                       0x08007fa8   Section        0  stm32h7xx_it.o(.text.SVC_Handler)
    [Anonymous Symbol]                       0x08007fb0   Section        0  scope.o(.text.Scope_Draw)
    [Anonymous Symbol]                       0x080084a8   Section        0  scope.o(.text.Scope_Init)
    [Anonymous Symbol]                       0x08008508   Section        0  scope.o(.text.Scope_Measure)
    [Anonymous Symbol]                       0x08008548   Section        0  scope.o(.text.Scope_ProcessFrame)
    [Anonymous Symbol]                       0x080085b0   Section        0  scope.o(.text.Scope_PushSample)
    [Anonymous Symbol]                       0x08008638   Section        0  stm32h7xx_it.o(.text.SysTick_Handler)
    [Anonymous Symbol]                       0x08008640   Section        0  main.o(.text.SystemClock_Config)
    [Anonymous Symbol]                       0x08008720   Section        0  system_stm32h7xx.o(.text.SystemInit)
    [Anonymous Symbol]                       0x08008810   Section        0  stm32h7xx_hal_tim.o(.text.TIM_Base_SetConfig)
    [Anonymous Symbol]                       0x08008960   Section        0  stm32h7xx_it.o(.text.UsageFault_Handler)
    do_measure                               0x08008969   Thumb Code  1012  scope.o(.text.do_measure)
    [Anonymous Symbol]                       0x08008968   Section        0  scope.o(.text.do_measure)
    __arm_cp.4_7                             0x08008c50   Number         4  scope.o(.text.do_measure)
    [Anonymous Symbol]                       0x08008d70   Section        0  main.o(.text.main)
    i.__0snprintf                            0x08008ee8   Section        0  printfa.o(i.__0snprintf)
    i.__scatterload_copy                     0x08008f1c   Section       14  handlers.o(i.__scatterload_copy)
    i.__scatterload_null                     0x08008f2a   Section        2  handlers.o(i.__scatterload_null)
    i.__scatterload_zeroinit                 0x08008f2c   Section       14  handlers.o(i.__scatterload_zeroinit)
    _fp_digits                               0x08008f3d   Thumb Code   366  printfa.o(i._fp_digits)
    i._fp_digits                             0x08008f3c   Section        0  printfa.o(i._fp_digits)
    _printf_core                             0x080090c1   Thumb Code  1744  printfa.o(i._printf_core)
    i._printf_core                           0x080090c0   Section        0  printfa.o(i._printf_core)
    _printf_post_padding                     0x0800979d   Thumb Code    36  printfa.o(i._printf_post_padding)
    i._printf_post_padding                   0x0800979c   Section        0  printfa.o(i._printf_post_padding)
    _printf_pre_padding                      0x080097c1   Thumb Code    46  printfa.o(i._printf_pre_padding)
    i._printf_pre_padding                    0x080097c0   Section        0  printfa.o(i._printf_pre_padding)
    _snputc                                  0x080097ef   Thumb Code    22  printfa.o(i._snputc)
    i._snputc                                0x080097ee   Section        0  printfa.o(i._snputc)
    font6x8                                  0x08009814   Data         576  ili9488.o(.rodata.font6x8)
    [Anonymous Symbol]                       0x08009814   Section        0  ili9488.o(.rodata.font6x8)
    [Anonymous Symbol]                       0x08009a68   Section        0  scope.o(.rodata.str1.1)
    .L.str.14                                0x08009a6d   Data           9  scope.o(.rodata.str1.1)
    .L.str.13                                0x08009a95   Data           9  scope.o(.rodata.str1.1)
    .L_MergedGlobals                         0x24000010   Data           8  stm32h7xx_hal.o(.data..L_MergedGlobals)
    [Anonymous Symbol]                       0x24000010   Section        0  stm32h7xx_hal.o(.data..L_MergedGlobals)
    .L_MergedGlobals                         0x24000018   Data           8  system_stm32h7xx.o(.data..L_MergedGlobals)
    [Anonymous Symbol]                       0x24000018   Section        0  system_stm32h7xx.o(.data..L_MergedGlobals)
    .L_MergedGlobals                         0x24000020   Data           8  ili9488.o(.bss..L_MergedGlobals)
    dma_complete_flag                        0x24000020   Data           1  ili9488.o(.bss..L_MergedGlobals)
    [Anonymous Symbol]                       0x24000020   Section        0  ili9488.o(.bss..L_MergedGlobals)
    dma_state                                0x24000021   Data           1  ili9488.o(.bss..L_MergedGlobals)
    dma_callback                             0x24000024   Data           4  ili9488.o(.bss..L_MergedGlobals)
    .L_MergedGlobals                         0x24000028   Data         124  adc.o(.bss..L_MergedGlobals)
    HAL_RCC_ADC12_CLK_ENABLED                0x24000028   Data           4  adc.o(.bss..L_MergedGlobals)
    [Anonymous Symbol]                       0x24000028   Section        0  adc.o(.bss..L_MergedGlobals)
    lcd_rotation                             0x24000364   Data           1  ili9488.o(.bss.lcd_rotation)
    [Anonymous Symbol]                       0x24000364   Section        0  ili9488.o(.bss.lcd_rotation)
    scope_buf1                               0x24000368   Data        4096  scope.o(.bss.scope_buf1)
    [Anonymous Symbol]                       0x24000368   Section        0  scope.o(.bss.scope_buf1)
    scope_buf2                               0x24001368   Data        4096  scope.o(.bss.scope_buf2)
    [Anonymous Symbol]                       0x24001368   Section        0  scope.o(.bss.scope_buf2)
    STACK                                    0x24002370   Section    16384  startup_stm32h743xx.o(STACK)

    Global Symbols

    Symbol Name                              Value     Ov Type        Size  Object(Section)

    BuildAttributes$$THM_ISAv4$E$P$D$K$B$S$7EM$VFPv5_D16$PE$PLD8$A:L22UL41UL21$X:L11$S22US41US21$IEEE1$IW$~IW$USESV6$~STKCKD$USESV7$~SHL$OTIME$ROPI$EBA8$MICROLIB$REQ8$PRES8$EABIv2 0x00000000   Number         0  anon$$obj.o ABSOLUTE
    _printf_a                                0x00000000   Number         0  printfstubs.o ABSOLUTE
    _printf_c                                0x00000000   Number         0  printfstubs.o ABSOLUTE
    _printf_charcount                        0x00000000   Number         0  printfstubs.o ABSOLUTE
    _printf_d                                0x00000000   Number         0  printfstubs.o ABSOLUTE
    _printf_e                                0x00000000   Number         0  printfstubs.o ABSOLUTE
    _printf_f                                0x00000000   Number         0  printfstubs.o ABSOLUTE
    _printf_flags                            0x00000000   Number         0  printfstubs.o ABSOLUTE
    _printf_fp_dec                           0x00000000   Number         0  printfstubs.o ABSOLUTE
    _printf_fp_hex                           0x00000000   Number         0  printfstubs.o ABSOLUTE
    _printf_g                                0x00000000   Number         0  printfstubs.o ABSOLUTE
    _printf_i                                0x00000000   Number         0  printfstubs.o ABSOLUTE
    _printf_int_dec                          0x00000000   Number         0  printfstubs.o ABSOLUTE
    _printf_l                                0x00000000   Number         0  printfstubs.o ABSOLUTE
    _printf_lc                               0x00000000   Number         0  printfstubs.o ABSOLUTE
    _printf_ll                               0x00000000   Number         0  printfstubs.o ABSOLUTE
    _printf_lld                              0x00000000   Number         0  printfstubs.o ABSOLUTE
    _printf_lli                              0x00000000   Number         0  printfstubs.o ABSOLUTE
    _printf_llo                              0x00000000   Number         0  printfstubs.o ABSOLUTE
    _printf_llu                              0x00000000   Number         0  printfstubs.o ABSOLUTE
    _printf_llx                              0x00000000   Number         0  printfstubs.o ABSOLUTE
    _printf_longlong_dec                     0x00000000   Number         0  printfstubs.o ABSOLUTE
    _printf_longlong_hex                     0x00000000   Number         0  printfstubs.o ABSOLUTE
    _printf_longlong_oct                     0x00000000   Number         0  printfstubs.o ABSOLUTE
    _printf_ls                               0x00000000   Number         0  printfstubs.o ABSOLUTE
    _printf_mbtowc                           0x00000000   Number         0  printfstubs.o ABSOLUTE
    _printf_n                                0x00000000   Number         0  printfstubs.o ABSOLUTE
    _printf_o                                0x00000000   Number         0  printfstubs.o ABSOLUTE
    _printf_p                                0x00000000   Number         0  printfstubs.o ABSOLUTE
    _printf_percent                          0x00000000   Number         0  printfstubs.o ABSOLUTE
    _printf_pre_padding                      0x00000000   Number         0  printfstubs.o ABSOLUTE
    _printf_return_value                     0x00000000   Number         0  printfstubs.o ABSOLUTE
    _printf_s                                0x00000000   Number         0  printfstubs.o ABSOLUTE
    _printf_sizespec                         0x00000000   Number         0  printfstubs.o ABSOLUTE
    _printf_str                              0x00000000   Number         0  printfstubs.o ABSOLUTE
    _printf_truncate_signed                  0x00000000   Number         0  printfstubs.o ABSOLUTE
    _printf_truncate_unsigned                0x00000000   Number         0  printfstubs.o ABSOLUTE
    _printf_u                                0x00000000   Number         0  printfstubs.o ABSOLUTE
    _printf_wc                               0x00000000   Number         0  printfstubs.o ABSOLUTE
    _printf_wctomb                           0x00000000   Number         0  printfstubs.o ABSOLUTE
    _printf_widthprec                        0x00000000   Number         0  printfstubs.o ABSOLUTE
    _printf_x                                0x00000000   Number         0  printfstubs.o ABSOLUTE
    __cpp_initialize__aeabi_                  - Undefined Weak Reference
    __cxa_finalize                            - Undefined Weak Reference
    __decompress                              - Undefined Weak Reference
    _clock_init                               - Undefined Weak Reference
    _microlib_exit                            - Undefined Weak Reference
    __Vectors_Size                           0x00000298   Number         0  startup_stm32h743xx.o ABSOLUTE
    __Vectors                                0x08000000   Data           4  startup_stm32h743xx.o(RESET)
    __Vectors_End                            0x08000298   Data           0  startup_stm32h743xx.o(RESET)
    __main                                   0x08000299   Thumb Code     0  entry.o(.ARM.Collect$$$$00000000)
    _main_stk                                0x08000299   Thumb Code     0  entry2.o(.ARM.Collect$$$$00000001)
    _main_scatterload                        0x0800029d   Thumb Code     0  entry5.o(.ARM.Collect$$$$00000004)
    __main_after_scatterload                 0x080002a1   Thumb Code     0  entry5.o(.ARM.Collect$$$$00000004)
    _main_clock                              0x080002a1   Thumb Code     0  entry7b.o(.ARM.Collect$$$$00000008)
    _main_cpp_init                           0x080002a1   Thumb Code     0  entry8b.o(.ARM.Collect$$$$0000000A)
    _main_init                               0x080002a1   Thumb Code     0  entry9a.o(.ARM.Collect$$$$0000000B)
    __rt_final_cpp                           0x080002a9   Thumb Code     0  entry10a.o(.ARM.Collect$$$$0000000D)
    __rt_final_exit                          0x080002a9   Thumb Code     0  entry11a.o(.ARM.Collect$$$$0000000F)
    Reset_Handler                            0x080002ad   Thumb Code    12  startup_stm32h743xx.o(.text)
    ADC3_IRQHandler                          0x080002cb   Thumb Code     0  startup_stm32h743xx.o(.text)
    BDMA_Channel0_IRQHandler                 0x080002cb   Thumb Code     0  startup_stm32h743xx.o(.text)
    BDMA_Channel1_IRQHandler                 0x080002cb   Thumb Code     0  startup_stm32h743xx.o(.text)
    BDMA_Channel2_IRQHandler                 0x080002cb   Thumb Code     0  startup_stm32h743xx.o(.text)
    BDMA_Channel3_IRQHandler                 0x080002cb   Thumb Code     0  startup_stm32h743xx.o(.text)
    BDMA_Channel4_IRQHandler                 0x080002cb   Thumb Code     0  startup_stm32h743xx.o(.text)
    BDMA_Channel5_IRQHandler                 0x080002cb   Thumb Code     0  startup_stm32h743xx.o(.text)
    BDMA_Channel6_IRQHandler                 0x080002cb   Thumb Code     0  startup_stm32h743xx.o(.text)
    BDMA_Channel7_IRQHandler                 0x080002cb   Thumb Code     0  startup_stm32h743xx.o(.text)
    CEC_IRQHandler                           0x080002cb   Thumb Code     0  startup_stm32h743xx.o(.text)
    COMP1_IRQHandler                         0x080002cb   Thumb Code     0  startup_stm32h743xx.o(.text)
    CRS_IRQHandler                           0x080002cb   Thumb Code     0  startup_stm32h743xx.o(.text)
    DCMI_IRQHandler                          0x080002cb   Thumb Code     0  startup_stm32h743xx.o(.text)
    DFSDM1_FLT0_IRQHandler                   0x080002cb   Thumb Code     0  startup_stm32h743xx.o(.text)
    DFSDM1_FLT1_IRQHandler                   0x080002cb   Thumb Code     0  startup_stm32h743xx.o(.text)
    DFSDM1_FLT2_IRQHandler                   0x080002cb   Thumb Code     0  startup_stm32h743xx.o(.text)
    DFSDM1_FLT3_IRQHandler                   0x080002cb   Thumb Code     0  startup_stm32h743xx.o(.text)
    DMA1_Stream2_IRQHandler                  0x080002cb   Thumb Code     0  startup_stm32h743xx.o(.text)
    DMA1_Stream3_IRQHandler                  0x080002cb   Thumb Code     0  startup_stm32h743xx.o(.text)
    DMA1_Stream4_IRQHandler                  0x080002cb   Thumb Code     0  startup_stm32h743xx.o(.text)
    DMA1_Stream5_IRQHandler                  0x080002cb   Thumb Code     0  startup_stm32h743xx.o(.text)
    DMA1_Stream6_IRQHandler                  0x080002cb   Thumb Code     0  startup_stm32h743xx.o(.text)
    DMA1_Stream7_IRQHandler                  0x080002cb   Thumb Code     0  startup_stm32h743xx.o(.text)
    DMA2D_IRQHandler                         0x080002cb   Thumb Code     0  startup_stm32h743xx.o(.text)
    DMA2_Stream0_IRQHandler                  0x080002cb   Thumb Code     0  startup_stm32h743xx.o(.text)
    DMA2_Stream1_IRQHandler                  0x080002cb   Thumb Code     0  startup_stm32h743xx.o(.text)
    DMA2_Stream2_IRQHandler                  0x080002cb   Thumb Code     0  startup_stm32h743xx.o(.text)
    DMA2_Stream3_IRQHandler                  0x080002cb   Thumb Code     0  startup_stm32h743xx.o(.text)
    DMA2_Stream4_IRQHandler                  0x080002cb   Thumb Code     0  startup_stm32h743xx.o(.text)
    DMA2_Stream5_IRQHandler                  0x080002cb   Thumb Code     0  startup_stm32h743xx.o(.text)
    DMA2_Stream6_IRQHandler                  0x080002cb   Thumb Code     0  startup_stm32h743xx.o(.text)
    DMA2_Stream7_IRQHandler                  0x080002cb   Thumb Code     0  startup_stm32h743xx.o(.text)
    DMAMUX1_OVR_IRQHandler                   0x080002cb   Thumb Code     0  startup_stm32h743xx.o(.text)
    DMAMUX2_OVR_IRQHandler                   0x080002cb   Thumb Code     0  startup_stm32h743xx.o(.text)
    ECC_IRQHandler                           0x080002cb   Thumb Code     0  startup_stm32h743xx.o(.text)
    ETH_IRQHandler                           0x080002cb   Thumb Code     0  startup_stm32h743xx.o(.text)
    ETH_WKUP_IRQHandler                      0x080002cb   Thumb Code     0  startup_stm32h743xx.o(.text)
    EXTI0_IRQHandler                         0x080002cb   Thumb Code     0  startup_stm32h743xx.o(.text)
    EXTI15_10_IRQHandler                     0x080002cb   Thumb Code     0  startup_stm32h743xx.o(.text)
    EXTI1_IRQHandler                         0x080002cb   Thumb Code     0  startup_stm32h743xx.o(.text)
    EXTI2_IRQHandler                         0x080002cb   Thumb Code     0  startup_stm32h743xx.o(.text)
    EXTI3_IRQHandler                         0x080002cb   Thumb Code     0  startup_stm32h743xx.o(.text)
    EXTI4_IRQHandler                         0x080002cb   Thumb Code     0  startup_stm32h743xx.o(.text)
    EXTI9_5_IRQHandler                       0x080002cb   Thumb Code     0  startup_stm32h743xx.o(.text)
    FDCAN1_IT0_IRQHandler                    0x080002cb   Thumb Code     0  startup_stm32h743xx.o(.text)
    FDCAN1_IT1_IRQHandler                    0x080002cb   Thumb Code     0  startup_stm32h743xx.o(.text)
    FDCAN2_IT0_IRQHandler                    0x080002cb   Thumb Code     0  startup_stm32h743xx.o(.text)
    FDCAN2_IT1_IRQHandler                    0x080002cb   Thumb Code     0  startup_stm32h743xx.o(.text)
    FDCAN_CAL_IRQHandler                     0x080002cb   Thumb Code     0  startup_stm32h743xx.o(.text)
    FLASH_IRQHandler                         0x080002cb   Thumb Code     0  startup_stm32h743xx.o(.text)
    FMC_IRQHandler                           0x080002cb   Thumb Code     0  startup_stm32h743xx.o(.text)
    FPU_IRQHandler                           0x080002cb   Thumb Code     0  startup_stm32h743xx.o(.text)
    HRTIM1_FLT_IRQHandler                    0x080002cb   Thumb Code     0  startup_stm32h743xx.o(.text)
    HRTIM1_Master_IRQHandler                 0x080002cb   Thumb Code     0  startup_stm32h743xx.o(.text)
    HRTIM1_TIMA_IRQHandler                   0x080002cb   Thumb Code     0  startup_stm32h743xx.o(.text)
    HRTIM1_TIMB_IRQHandler                   0x080002cb   Thumb Code     0  startup_stm32h743xx.o(.text)
    HRTIM1_TIMC_IRQHandler                   0x080002cb   Thumb Code     0  startup_stm32h743xx.o(.text)
    HRTIM1_TIMD_IRQHandler                   0x080002cb   Thumb Code     0  startup_stm32h743xx.o(.text)
    HRTIM1_TIME_IRQHandler                   0x080002cb   Thumb Code     0  startup_stm32h743xx.o(.text)
    HSEM1_IRQHandler                         0x080002cb   Thumb Code     0  startup_stm32h743xx.o(.text)
    I2C1_ER_IRQHandler                       0x080002cb   Thumb Code     0  startup_stm32h743xx.o(.text)
    I2C1_EV_IRQHandler                       0x080002cb   Thumb Code     0  startup_stm32h743xx.o(.text)
    I2C2_ER_IRQHandler                       0x080002cb   Thumb Code     0  startup_stm32h743xx.o(.text)
    I2C2_EV_IRQHandler                       0x080002cb   Thumb Code     0  startup_stm32h743xx.o(.text)
    I2C3_ER_IRQHandler                       0x080002cb   Thumb Code     0  startup_stm32h743xx.o(.text)
    I2C3_EV_IRQHandler                       0x080002cb   Thumb Code     0  startup_stm32h743xx.o(.text)
    I2C4_ER_IRQHandler                       0x080002cb   Thumb Code     0  startup_stm32h743xx.o(.text)
    I2C4_EV_IRQHandler                       0x080002cb   Thumb Code     0  startup_stm32h743xx.o(.text)
    JPEG_IRQHandler                          0x080002cb   Thumb Code     0  startup_stm32h743xx.o(.text)
    LPTIM1_IRQHandler                        0x080002cb   Thumb Code     0  startup_stm32h743xx.o(.text)
    LPTIM2_IRQHandler                        0x080002cb   Thumb Code     0  startup_stm32h743xx.o(.text)
    LPTIM3_IRQHandler                        0x080002cb   Thumb Code     0  startup_stm32h743xx.o(.text)
    LPTIM4_IRQHandler                        0x080002cb   Thumb Code     0  startup_stm32h743xx.o(.text)
    LPTIM5_IRQHandler                        0x080002cb   Thumb Code     0  startup_stm32h743xx.o(.text)
    LPUART1_IRQHandler                       0x080002cb   Thumb Code     0  startup_stm32h743xx.o(.text)
    LTDC_ER_IRQHandler                       0x080002cb   Thumb Code     0  startup_stm32h743xx.o(.text)
    LTDC_IRQHandler                          0x080002cb   Thumb Code     0  startup_stm32h743xx.o(.text)
    MDIOS_IRQHandler                         0x080002cb   Thumb Code     0  startup_stm32h743xx.o(.text)
    MDIOS_WKUP_IRQHandler                    0x080002cb   Thumb Code     0  startup_stm32h743xx.o(.text)
    MDMA_IRQHandler                          0x080002cb   Thumb Code     0  startup_stm32h743xx.o(.text)
    OTG_FS_EP1_IN_IRQHandler                 0x080002cb   Thumb Code     0  startup_stm32h743xx.o(.text)
    OTG_FS_EP1_OUT_IRQHandler                0x080002cb   Thumb Code     0  startup_stm32h743xx.o(.text)
    OTG_FS_IRQHandler                        0x080002cb   Thumb Code     0  startup_stm32h743xx.o(.text)
    OTG_FS_WKUP_IRQHandler                   0x080002cb   Thumb Code     0  startup_stm32h743xx.o(.text)
    OTG_HS_EP1_IN_IRQHandler                 0x080002cb   Thumb Code     0  startup_stm32h743xx.o(.text)
    OTG_HS_EP1_OUT_IRQHandler                0x080002cb   Thumb Code     0  startup_stm32h743xx.o(.text)
    OTG_HS_IRQHandler                        0x080002cb   Thumb Code     0  startup_stm32h743xx.o(.text)
    OTG_HS_WKUP_IRQHandler                   0x080002cb   Thumb Code     0  startup_stm32h743xx.o(.text)
    PVD_AVD_IRQHandler                       0x080002cb   Thumb Code     0  startup_stm32h743xx.o(.text)
    QUADSPI_IRQHandler                       0x080002cb   Thumb Code     0  startup_stm32h743xx.o(.text)
    RCC_IRQHandler                           0x080002cb   Thumb Code     0  startup_stm32h743xx.o(.text)
    RNG_IRQHandler                           0x080002cb   Thumb Code     0  startup_stm32h743xx.o(.text)
    RTC_Alarm_IRQHandler                     0x080002cb   Thumb Code     0  startup_stm32h743xx.o(.text)
    RTC_WKUP_IRQHandler                      0x080002cb   Thumb Code     0  startup_stm32h743xx.o(.text)
    SAI1_IRQHandler                          0x080002cb   Thumb Code     0  startup_stm32h743xx.o(.text)
    SAI2_IRQHandler                          0x080002cb   Thumb Code     0  startup_stm32h743xx.o(.text)
    SAI3_IRQHandler                          0x080002cb   Thumb Code     0  startup_stm32h743xx.o(.text)
    SAI4_IRQHandler                          0x080002cb   Thumb Code     0  startup_stm32h743xx.o(.text)
    SDMMC1_IRQHandler                        0x080002cb   Thumb Code     0  startup_stm32h743xx.o(.text)
    SDMMC2_IRQHandler                        0x080002cb   Thumb Code     0  startup_stm32h743xx.o(.text)
    SPDIF_RX_IRQHandler                      0x080002cb   Thumb Code     0  startup_stm32h743xx.o(.text)
    SPI2_IRQHandler                          0x080002cb   Thumb Code     0  startup_stm32h743xx.o(.text)
    SPI3_IRQHandler                          0x080002cb   Thumb Code     0  startup_stm32h743xx.o(.text)
    SPI4_IRQHandler                          0x080002cb   Thumb Code     0  startup_stm32h743xx.o(.text)
    SPI5_IRQHandler                          0x080002cb   Thumb Code     0  startup_stm32h743xx.o(.text)
    SPI6_IRQHandler                          0x080002cb   Thumb Code     0  startup_stm32h743xx.o(.text)
    SWPMI1_IRQHandler                        0x080002cb   Thumb Code     0  startup_stm32h743xx.o(.text)
    TAMP_STAMP_IRQHandler                    0x080002cb   Thumb Code     0  startup_stm32h743xx.o(.text)
    TIM15_IRQHandler                         0x080002cb   Thumb Code     0  startup_stm32h743xx.o(.text)
    TIM16_IRQHandler                         0x080002cb   Thumb Code     0  startup_stm32h743xx.o(.text)
    TIM17_IRQHandler                         0x080002cb   Thumb Code     0  startup_stm32h743xx.o(.text)
    TIM1_BRK_IRQHandler                      0x080002cb   Thumb Code     0  startup_stm32h743xx.o(.text)
    TIM1_CC_IRQHandler                       0x080002cb   Thumb Code     0  startup_stm32h743xx.o(.text)
    TIM1_TRG_COM_IRQHandler                  0x080002cb   Thumb Code     0  startup_stm32h743xx.o(.text)
    TIM1_UP_IRQHandler                       0x080002cb   Thumb Code     0  startup_stm32h743xx.o(.text)
    TIM2_IRQHandler                          0x080002cb   Thumb Code     0  startup_stm32h743xx.o(.text)
    TIM3_IRQHandler                          0x080002cb   Thumb Code     0  startup_stm32h743xx.o(.text)
    TIM4_IRQHandler                          0x080002cb   Thumb Code     0  startup_stm32h743xx.o(.text)
    TIM5_IRQHandler                          0x080002cb   Thumb Code     0  startup_stm32h743xx.o(.text)
    TIM6_DAC_IRQHandler                      0x080002cb   Thumb Code     0  startup_stm32h743xx.o(.text)
    TIM7_IRQHandler                          0x080002cb   Thumb Code     0  startup_stm32h743xx.o(.text)
    TIM8_BRK_TIM12_IRQHandler                0x080002cb   Thumb Code     0  startup_stm32h743xx.o(.text)
    TIM8_CC_IRQHandler                       0x080002cb   Thumb Code     0  startup_stm32h743xx.o(.text)
    TIM8_TRG_COM_TIM14_IRQHandler            0x080002cb   Thumb Code     0  startup_stm32h743xx.o(.text)
    TIM8_UP_TIM13_IRQHandler                 0x080002cb   Thumb Code     0  startup_stm32h743xx.o(.text)
    UART4_IRQHandler                         0x080002cb   Thumb Code     0  startup_stm32h743xx.o(.text)
    UART5_IRQHandler                         0x080002cb   Thumb Code     0  startup_stm32h743xx.o(.text)
    UART7_IRQHandler                         0x080002cb   Thumb Code     0  startup_stm32h743xx.o(.text)
    UART8_IRQHandler                         0x080002cb   Thumb Code     0  startup_stm32h743xx.o(.text)
    USART1_IRQHandler                        0x080002cb   Thumb Code     0  startup_stm32h743xx.o(.text)
    USART2_IRQHandler                        0x080002cb   Thumb Code     0  startup_stm32h743xx.o(.text)
    USART3_IRQHandler                        0x080002cb   Thumb Code     0  startup_stm32h743xx.o(.text)
    USART6_IRQHandler                        0x080002cb   Thumb Code     0  startup_stm32h743xx.o(.text)
    WAKEUP_PIN_IRQHandler                    0x080002cb   Thumb Code     0  startup_stm32h743xx.o(.text)
    WWDG_IRQHandler                          0x080002cb   Thumb Code     0  startup_stm32h743xx.o(.text)
    __aeabi_memset                           0x080002d9   Thumb Code    14  memseta.o(.text)
    __aeabi_memset4                          0x080002d9   Thumb Code     0  memseta.o(.text)
    __aeabi_memset8                          0x080002d9   Thumb Code     0  memseta.o(.text)
    __aeabi_memclr                           0x080002e7   Thumb Code     4  memseta.o(.text)
    __aeabi_memclr4                          0x080002e7   Thumb Code     0  memseta.o(.text)
    __aeabi_memclr8                          0x080002e7   Thumb Code     0  memseta.o(.text)
    _memset$wrapper                          0x080002eb   Thumb Code    18  memseta.o(.text)
    __aeabi_uidiv                            0x080002fd   Thumb Code     0  uidiv.o(.text)
    __aeabi_uidivmod                         0x080002fd   Thumb Code    44  uidiv.o(.text)
    __aeabi_uldivmod                         0x08000329   Thumb Code    98  uldiv.o(.text)
    __I$use$fp                               0x0800038b   Thumb Code     0  iusefp.o(.text)
    __aeabi_dadd                             0x0800038b   Thumb Code   322  dadd.o(.text)
    __aeabi_dsub                             0x080004cd   Thumb Code     6  dadd.o(.text)
    __aeabi_drsub                            0x080004d3   Thumb Code     6  dadd.o(.text)
    __aeabi_dmul                             0x080004d9   Thumb Code   228  dmul.o(.text)
    __aeabi_ddiv                             0x080005bd   Thumb Code   222  ddiv.o(.text)
    __aeabi_d2ulz                            0x0800069b   Thumb Code    48  dfixul.o(.text)
    __aeabi_cdrcmple                         0x080006cd   Thumb Code    48  cdrcmple.o(.text)
    __scatterload                            0x080006fd   Thumb Code    38  init.o(.text)
    __scatterload_rt2                        0x080006fd   Thumb Code     0  init.o(.text)
    __aeabi_llsl                             0x0800072d   Thumb Code    30  llshl.o(.text)
    _ll_shift_l                              0x0800072d   Thumb Code     0  llshl.o(.text)
    __aeabi_llsr                             0x0800074b   Thumb Code    32  llushr.o(.text)
    _ll_ushift_r                             0x0800074b   Thumb Code     0  llushr.o(.text)
    __aeabi_lasr                             0x0800076b   Thumb Code    36  llsshr.o(.text)
    _ll_sshift_r                             0x0800076b   Thumb Code     0  llsshr.o(.text)
    _double_round                            0x0800078f   Thumb Code    30  depilogue.o(.text)
    _double_epilogue                         0x080007ad   Thumb Code   156  depilogue.o(.text)
    ADC_ConfigureBoostMode                   0x08000849   Thumb Code   300  stm32h7xx_hal_adc.o(.text.ADC_ConfigureBoostMode)
    ADC_DMAConvCplt                          0x08000979   Thumb Code    94  stm32h7xx_hal_adc.o(.text.ADC_DMAConvCplt)
    ADC_DMAError                             0x080009d9   Thumb Code    22  stm32h7xx_hal_adc.o(.text.ADC_DMAError)
    ADC_DMAHalfConvCplt                      0x080009f1   Thumb Code     6  stm32h7xx_hal_adc.o(.text.ADC_DMAHalfConvCplt)
    ADC_Disable                              0x080009f9   Thumb Code   120  stm32h7xx_hal_adc.o(.text.ADC_Disable)
    ADC_Enable                               0x08000a71   Thumb Code   170  stm32h7xx_hal_adc.o(.text.ADC_Enable)
    ADC_IRQHandler                           0x08000b21   Thumb Code    30  stm32h7xx_it.o(.text.ADC_IRQHandler)
    BusFault_Handler                         0x08000b41   Thumb Code     2  stm32h7xx_it.o(.text.BusFault_Handler)
    DMA1_Stream0_IRQHandler                  0x08000b49   Thumb Code    12  stm32h7xx_it.o(.text.DMA1_Stream0_IRQHandler)
    DMA1_Stream1_IRQHandler                  0x08000b59   Thumb Code    12  stm32h7xx_it.o(.text.DMA1_Stream1_IRQHandler)
    DebugMon_Handler                         0x08000f99   Thumb Code     2  stm32h7xx_it.o(.text.DebugMon_Handler)
    Error_Handler                            0x08000fa1   Thumb Code     6  main.o(.text.Error_Handler)
    ExitRun0Mode                             0x08000fa9   Thumb Code    44  system_stm32h7xx.o(.text.ExitRun0Mode)
    HAL_ADCEx_Calibration_Start              0x08000fd9   Thumb Code   216  stm32h7xx_hal_adc_ex.o(.text.HAL_ADCEx_Calibration_Start)
    HAL_ADCEx_EndOfSamplingCallback          0x080010b1   Thumb Code     2  stm32h7xx_hal_adc_ex.o(.text.HAL_ADCEx_EndOfSamplingCallback)
    HAL_ADCEx_InjectedConvCpltCallback       0x080010b9   Thumb Code     2  stm32h7xx_hal_adc_ex.o(.text.HAL_ADCEx_InjectedConvCpltCallback)
    HAL_ADCEx_InjectedQueueOverflowCallback  0x080010c1   Thumb Code     2  stm32h7xx_hal_adc_ex.o(.text.HAL_ADCEx_InjectedQueueOverflowCallback)
    HAL_ADCEx_LevelOutOfWindow2Callback      0x080010c9   Thumb Code     2  stm32h7xx_hal_adc_ex.o(.text.HAL_ADCEx_LevelOutOfWindow2Callback)
    HAL_ADCEx_LevelOutOfWindow3Callback      0x080010d1   Thumb Code     2  stm32h7xx_hal_adc_ex.o(.text.HAL_ADCEx_LevelOutOfWindow3Callback)
    HAL_ADCEx_MultiModeConfigChannel         0x080010d9   Thumb Code   184  stm32h7xx_hal_adc_ex.o(.text.HAL_ADCEx_MultiModeConfigChannel)
    HAL_ADCEx_MultiModeStart_DMA             0x08001191   Thumb Code   276  stm32h7xx_hal_adc_ex.o(.text.HAL_ADCEx_MultiModeStart_DMA)
    HAL_ADC_ConfigChannel                    0x080012a9   Thumb Code  1264  stm32h7xx_hal_adc.o(.text.HAL_ADC_ConfigChannel)
    HAL_ADC_ConvCpltCallback                 0x08001799   Thumb Code    92  main.o(.text.HAL_ADC_ConvCpltCallback)
    HAL_ADC_ConvHalfCpltCallback             0x080017f9   Thumb Code     2  stm32h7xx_hal_adc.o(.text.HAL_ADC_ConvHalfCpltCallback)
    HAL_ADC_ErrorCallback                    0x08001801   Thumb Code     2  stm32h7xx_hal_adc.o(.text.HAL_ADC_ErrorCallback)
    HAL_ADC_IRQHandler                       0x08001809   Thumb Code   714  stm32h7xx_hal_adc.o(.text.HAL_ADC_IRQHandler)
    HAL_ADC_Init                             0x08001ad9   Thumb Code   598  stm32h7xx_hal_adc.o(.text.HAL_ADC_Init)
    HAL_ADC_LevelOutOfWindowCallback         0x08001d31   Thumb Code     2  stm32h7xx_hal_adc.o(.text.HAL_ADC_LevelOutOfWindowCallback)
    HAL_ADC_MspInit                          0x08001d39   Thumb Code   362  adc.o(.text.HAL_ADC_MspInit)
    HAL_DMA_Abort_IT                         0x08001ea9   Thumb Code   694  stm32h7xx_hal_dma.o(.text.HAL_DMA_Abort_IT)
    HAL_DMA_IRQHandler                       0x08002161   Thumb Code  2084  stm32h7xx_hal_dma.o(.text.HAL_DMA_IRQHandler)
    HAL_DMA_Init                             0x08002989   Thumb Code  1630  stm32h7xx_hal_dma.o(.text.HAL_DMA_Init)
    HAL_DMA_Start_IT                         0x08002fe9   Thumb Code   938  stm32h7xx_hal_dma.o(.text.HAL_DMA_Start_IT)
    HAL_Delay                                0x08003399   Thumb Code    40  stm32h7xx_hal.o(.text.HAL_Delay)
    HAL_GPIO_Init                            0x080033c1   Thumb Code   482  stm32h7xx_hal_gpio.o(.text.HAL_GPIO_Init)
    HAL_GPIO_WritePin                        0x080035a9   Thumb Code    10  stm32h7xx_hal_gpio.o(.text.HAL_GPIO_WritePin)
    HAL_GetREVID                             0x080035b9   Thumb Code    14  stm32h7xx_hal.o(.text.HAL_GetREVID)
    HAL_GetTick                              0x080035c9   Thumb Code    12  stm32h7xx_hal.o(.text.HAL_GetTick)
    HAL_IncTick                              0x080035d9   Thumb Code    26  stm32h7xx_hal.o(.text.HAL_IncTick)
    HAL_Init                                 0x080035f9   Thumb Code   100  stm32h7xx_hal.o(.text.HAL_Init)
    HAL_InitTick                             0x08003661   Thumb Code    80  stm32h7xx_hal.o(.text.HAL_InitTick)
    HAL_MPU_ConfigRegion                     0x080036b1   Thumb Code    94  stm32h7xx_hal_cortex.o(.text.HAL_MPU_ConfigRegion)
    HAL_MPU_Disable                          0x08003711   Thumb Code    26  stm32h7xx_hal_cortex.o(.text.HAL_MPU_Disable)
    HAL_MPU_Enable                           0x08003731   Thumb Code    32  stm32h7xx_hal_cortex.o(.text.HAL_MPU_Enable)
    HAL_MspInit                              0x08003751   Thumb Code    32  stm32h7xx_hal_msp.o(.text.HAL_MspInit)
    HAL_NVIC_EnableIRQ                       0x08003771   Thumb Code    34  stm32h7xx_hal_cortex.o(.text.HAL_NVIC_EnableIRQ)
    HAL_NVIC_SetPriority                     0x08003799   Thumb Code    90  stm32h7xx_hal_cortex.o(.text.HAL_NVIC_SetPriority)
    HAL_NVIC_SetPriorityGrouping             0x080037f9   Thumb Code    32  stm32h7xx_hal_cortex.o(.text.HAL_NVIC_SetPriorityGrouping)
    HAL_PWREx_ConfigSupply                   0x08003819   Thumb Code    76  stm32h7xx_hal_pwr_ex.o(.text.HAL_PWREx_ConfigSupply)
    HAL_RCCEx_GetPLL1ClockFreq               0x08003869   Thumb Code   280  stm32h7xx_hal_rcc_ex.o(.text.HAL_RCCEx_GetPLL1ClockFreq)
    HAL_RCCEx_GetPLL2ClockFreq               0x08003999   Thumb Code   280  stm32h7xx_hal_rcc_ex.o(.text.HAL_RCCEx_GetPLL2ClockFreq)
    HAL_RCCEx_GetPLL3ClockFreq               0x08003ac1   Thumb Code   280  stm32h7xx_hal_rcc_ex.o(.text.HAL_RCCEx_GetPLL3ClockFreq)
    HAL_RCCEx_GetPeriphCLKFreq               0x08003be9   Thumb Code   940  stm32h7xx_hal_rcc_ex.o(.text.HAL_RCCEx_GetPeriphCLKFreq)
    HAL_RCCEx_PeriphCLKConfig                0x08003f99   Thumb Code  2828  stm32h7xx_hal_rcc_ex.o(.text.HAL_RCCEx_PeriphCLKConfig)
    HAL_RCC_ClockConfig                      0x08004aa9   Thumb Code   596  stm32h7xx_hal_rcc.o(.text.HAL_RCC_ClockConfig)
    HAL_RCC_GetHCLKFreq                      0x08004d01   Thumb Code    76  stm32h7xx_hal_rcc.o(.text.HAL_RCC_GetHCLKFreq)
    HAL_RCC_GetPCLK1Freq                     0x08004d51   Thumb Code    96  stm32h7xx_hal_rcc.o(.text.HAL_RCC_GetPCLK1Freq)
    HAL_RCC_GetSysClockFreq                  0x08004db1   Thumb Code   264  stm32h7xx_hal_rcc.o(.text.HAL_RCC_GetSysClockFreq)
    HAL_RCC_OscConfig                        0x08004ed1   Thumb Code  1388  stm32h7xx_hal_rcc.o(.text.HAL_RCC_OscConfig)
    HAL_SPI_ErrorCallback                    0x08005441   Thumb Code     2  stm32h7xx_hal_spi.o(.text.HAL_SPI_ErrorCallback)
    HAL_SPI_IRQHandler                       0x08005449   Thumb Code   590  stm32h7xx_hal_spi.o(.text.HAL_SPI_IRQHandler)
    HAL_SPI_Init                             0x08005699   Thumb Code   444  stm32h7xx_hal_spi.o(.text.HAL_SPI_Init)
    HAL_SPI_MspInit                          0x08005859   Thumb Code   286  spi.o(.text.HAL_SPI_MspInit)
    HAL_SPI_RxCpltCallback                   0x08005979   Thumb Code     2  stm32h7xx_hal_spi.o(.text.HAL_SPI_RxCpltCallback)
    HAL_SPI_SuspendCallback                  0x08005981   Thumb Code     2  stm32h7xx_hal_spi.o(.text.HAL_SPI_SuspendCallback)
    HAL_SPI_Transmit                         0x08005989   Thumb Code   664  stm32h7xx_hal_spi.o(.text.HAL_SPI_Transmit)
    HAL_SPI_TxCpltCallback                   0x08005c21   Thumb Code    42  ili9488.o(.text.HAL_SPI_TxCpltCallback)
    HAL_SPI_TxRxCpltCallback                 0x08005c51   Thumb Code     2  stm32h7xx_hal_spi.o(.text.HAL_SPI_TxRxCpltCallback)
    HAL_SYSTICK_Config                       0x08005c59   Thumb Code    46  stm32h7xx_hal_cortex.o(.text.HAL_SYSTICK_Config)
    HAL_TIMEx_MasterConfigSynchronization    0x08005c89   Thumb Code   206  stm32h7xx_hal_tim_ex.o(.text.HAL_TIMEx_MasterConfigSynchronization)
    HAL_TIM_Base_Init                        0x08005d59   Thumb Code    96  stm32h7xx_hal_tim.o(.text.HAL_TIM_Base_Init)
    HAL_TIM_Base_MspInit                     0x08005db9   Thumb Code    48  tim.o(.text.HAL_TIM_Base_MspInit)
    HAL_TIM_Base_Start                       0x08005de9   Thumb Code   172  stm32h7xx_hal_tim.o(.text.HAL_TIM_Base_Start)
    HAL_TIM_ConfigClockSource                0x08005e99   Thumb Code   700  stm32h7xx_hal_tim.o(.text.HAL_TIM_ConfigClockSource)
    HAL_TIM_Encoder_Init                     0x08006159   Thumb Code   184  stm32h7xx_hal_tim.o(.text.HAL_TIM_Encoder_Init)
    HAL_TIM_Encoder_MspInit                  0x08006211   Thumb Code   114  tim.o(.text.HAL_TIM_Encoder_MspInit)
    HardFault_Handler                        0x08006289   Thumb Code     2  stm32h7xx_it.o(.text.HardFault_Handler)
    LCD_DrawString                           0x08006291   Thumb Code   680  ili9488.o(.text.LCD_DrawString)
    LCD_FillColor                            0x08006539   Thumb Code   538  ili9488.o(.text.LCD_FillColor)
    LCD_FillRect                             0x08006759   Thumb Code   590  ili9488.o(.text.LCD_FillRect)
    LCD_Init                                 0x080069a9   Thumb Code  2740  ili9488.o(.text.LCD_Init)
    LCD_SetRotation                          0x08007489   Thumb Code   204  ili9488.o(.text.LCD_SetRotation)
    LCD_SetWindow                            0x08007559   Thumb Code   768  ili9488.o(.text.LCD_SetWindow)
    MX_ADC1_Init                             0x08007859   Thumb Code   196  adc.o(.text.MX_ADC1_Init)
    MX_ADC2_Init                             0x08007921   Thumb Code   126  adc.o(.text.MX_ADC2_Init)
    MX_DMA_Init                              0x080079a1   Thumb Code    68  dma.o(.text.MX_DMA_Init)
    MX_GPIO_Init                             0x080079e9   Thumb Code   276  gpio.o(.text.MX_GPIO_Init)
    MX_SPI1_Init                             0x08007b01   Thumb Code    98  spi.o(.text.MX_SPI1_Init)
    MX_TIM3_Init                             0x08007b69   Thumb Code   114  tim.o(.text.MX_TIM3_Init)
    MX_TIM4_Init                             0x08007be1   Thumb Code   100  tim.o(.text.MX_TIM4_Init)
    MemManage_Handler                        0x08007c49   Thumb Code     2  stm32h7xx_it.o(.text.MemManage_Handler)
    NMI_Handler                              0x08007c51   Thumb Code     2  stm32h7xx_it.o(.text.NMI_Handler)
    PendSV_Handler                           0x08007c59   Thumb Code     2  stm32h7xx_it.o(.text.PendSV_Handler)
    SPI1_IRQHandler                          0x08007eb1   Thumb Code    12  stm32h7xx_it.o(.text.SPI1_IRQHandler)
    SVC_Handler                              0x08007fa9   Thumb Code     2  stm32h7xx_it.o(.text.SVC_Handler)
    Scope_Draw                               0x08007fb1   Thumb Code  1156  scope.o(.text.Scope_Draw)
    Scope_Init                               0x080084a9   Thumb Code    90  scope.o(.text.Scope_Init)
    Scope_Measure                            0x08008509   Thumb Code    62  scope.o(.text.Scope_Measure)
    Scope_ProcessFrame                       0x08008549   Thumb Code    98  scope.o(.text.Scope_ProcessFrame)
    Scope_PushSample                         0x080085b1   Thumb Code   134  scope.o(.text.Scope_PushSample)
    SysTick_Handler                          0x08008639   Thumb Code     4  stm32h7xx_it.o(.text.SysTick_Handler)
    SystemClock_Config                       0x08008641   Thumb Code   220  main.o(.text.SystemClock_Config)
    SystemInit                               0x08008721   Thumb Code   238  system_stm32h7xx.o(.text.SystemInit)
    TIM_Base_SetConfig                       0x08008811   Thumb Code   334  stm32h7xx_hal_tim.o(.text.TIM_Base_SetConfig)
    UsageFault_Handler                       0x08008961   Thumb Code     2  stm32h7xx_it.o(.text.UsageFault_Handler)
    main                                     0x08008d71   Thumb Code   376  main.o(.text.main)
    __0snprintf                              0x08008ee9   Thumb Code    48  printfa.o(i.__0snprintf)
    __1snprintf                              0x08008ee9   Thumb Code     0  printfa.o(i.__0snprintf)
    __2snprintf                              0x08008ee9   Thumb Code     0  printfa.o(i.__0snprintf)
    __c89snprintf                            0x08008ee9   Thumb Code     0  printfa.o(i.__0snprintf)
    snprintf                                 0x08008ee9   Thumb Code     0  printfa.o(i.__0snprintf)
    __scatterload_copy                       0x08008f1d   Thumb Code    14  handlers.o(i.__scatterload_copy)
    __scatterload_null                       0x08008f2b   Thumb Code     2  handlers.o(i.__scatterload_null)
    __scatterload_zeroinit                   0x08008f2d   Thumb Code    14  handlers.o(i.__scatterload_zeroinit)
    D1CorePrescTable                         0x08009804   Data          16  system_stm32h7xx.o(.rodata.D1CorePrescTable)
    scope_tb_interval_us                     0x08009a54   Data          12  scope.o(.rodata.scope_tb_interval_us)
    scope_vdiv_mv                            0x08009a60   Data           8  scope.o(.rodata.scope_vdiv_mv)
    Region$$Table$$Base                      0x08009aa0   Number         0  anon$$obj.o(Region$$Table)
    Region$$Table$$Limit                     0x08009ac0   Number         0  anon$$obj.o(Region$$Table)
    adc_dual_buffer                          0x24000000   Data          16  main.o(.RAM_D2)
    uwTickFreq                               0x24000010   Data           1  stm32h7xx_hal.o(.data..L_MergedGlobals)
    uwTickPrio                               0x24000014   Data           4  stm32h7xx_hal.o(.data..L_MergedGlobals)
    SystemCoreClock                          0x24000018   Data           4  system_stm32h7xx.o(.data..L_MergedGlobals)
    SystemD2Clock                            0x2400001c   Data           4  system_stm32h7xx.o(.data..L_MergedGlobals)
    hdma_adc1                                0x2400002c   Data         120  adc.o(.bss..L_MergedGlobals)
    g_scope                                  0x240000a4   Data          96  scope.o(.bss.g_scope)
    hadc1                                    0x24000104   Data         100  adc.o(.bss.hadc1)
    hadc2                                    0x24000168   Data         100  adc.o(.bss.hadc2)
    hdma_spi1_tx                             0x240001cc   Data         120  spi.o(.bss.hdma_spi1_tx)
    hspi1                                    0x24000244   Data         136  spi.o(.bss.hspi1)
    htim3                                    0x240002cc   Data          76  tim.o(.bss.htim3)
    htim4                                    0x24000318   Data          76  tim.o(.bss.htim4)
    uwTick                                   0x24002368   Data           4  stm32h7xx_hal.o(.bss.uwTick)
    __initial_sp                             0x24006370   Data           0  startup_stm32h743xx.o(STACK)



==============================================================================

Memory Map of the image

  Image Entry point : 0x08000299

  Load Region LR_IROM1 (Base: 0x08000000, Size: 0x00009ae0, Max: 0x00200000, ABSOLUTE)

    Execution Region ER_IROM1 (Exec base: 0x08000000, Load base: 0x08000000, Size: 0x00009ac0, Max: 0x00200000, ABSOLUTE)

    Exec Addr    Load Addr    Size         Type   Attr      Idx    E Section Name        Object

    0x08000000   0x08000000   0x00000298   Data   RO            3    RESET               startup_stm32h743xx.o
    0x08000298   0x08000298   0x00000000   Code   RO         1663  * .ARM.Collect$$$$00000000  mc_w.l(entry.o)
    0x08000298   0x08000298   0x00000004   Code   RO         1929    .ARM.Collect$$$$00000001  mc_w.l(entry2.o)
    0x0800029c   0x0800029c   0x00000004   Code   RO         1932    .ARM.Collect$$$$00000004  mc_w.l(entry5.o)
    0x080002a0   0x080002a0   0x00000000   Code   RO         1934    .ARM.Collect$$$$00000008  mc_w.l(entry7b.o)
    0x080002a0   0x080002a0   0x00000000   Code   RO         1936    .ARM.Collect$$$$0000000A  mc_w.l(entry8b.o)
    0x080002a0   0x080002a0   0x00000008   Code   RO         1937    .ARM.Collect$$$$0000000B  mc_w.l(entry9a.o)
    0x080002a8   0x080002a8   0x00000000   Code   RO         1939    .ARM.Collect$$$$0000000D  mc_w.l(entry10a.o)
    0x080002a8   0x080002a8   0x00000000   Code   RO         1941    .ARM.Collect$$$$0000000F  mc_w.l(entry11a.o)
    0x080002a8   0x080002a8   0x00000004   Code   RO         1930    .ARM.Collect$$$$00002712  mc_w.l(entry2.o)
    0x080002ac   0x080002ac   0x0000002c   Code   RO            4    .text               startup_stm32h743xx.o
    0x080002d8   0x080002d8   0x00000024   Code   RO         1666    .text               mc_w.l(memseta.o)
    0x080002fc   0x080002fc   0x0000002c   Code   RO         1957    .text               mc_w.l(uidiv.o)
    0x08000328   0x08000328   0x00000062   Code   RO         1959    .text               mc_w.l(uldiv.o)
    0x0800038a   0x0800038a   0x00000000   Code   RO         1961    .text               mc_w.l(iusefp.o)
    0x0800038a   0x0800038a   0x0000014e   Code   RO         1962    .text               mf_w.l(dadd.o)
    0x080004d8   0x080004d8   0x000000e4   Code   RO         1964    .text               mf_w.l(dmul.o)
    0x080005bc   0x080005bc   0x000000de   Code   RO         1966    .text               mf_w.l(ddiv.o)
    0x0800069a   0x0800069a   0x00000030   Code   RO         1968    .text               mf_w.l(dfixul.o)
    0x080006ca   0x080006ca   0x00000002   PAD
    0x080006cc   0x080006cc   0x00000030   Code   RO         1970    .text               mf_w.l(cdrcmple.o)
    0x080006fc   0x080006fc   0x00000030   Code   RO         1972    .text               mc_w.l(init.o)
    0x0800072c   0x0800072c   0x0000001e   Code   RO         1975    .text               mc_w.l(llshl.o)
    0x0800074a   0x0800074a   0x00000020   Code   RO         1977    .text               mc_w.l(llushr.o)
    0x0800076a   0x0800076a   0x00000024   Code   RO         1979    .text               mc_w.l(llsshr.o)
    0x0800078e   0x0800078e   0x000000ba   Code   RO         1982    .text               mf_w.l(depilogue.o)
    0x08000848   0x08000848   0x0000012c   Code   RO          260    .text.ADC_ConfigureBoostMode  stm32h7xx_hal_adc.o
    0x08000974   0x08000974   0x00000004   PAD
    0x08000978   0x08000978   0x0000005e   Code   RO          286    .text.ADC_DMAConvCplt  stm32h7xx_hal_adc.o
    0x080009d6   0x080009d6   0x00000002   PAD
    0x080009d8   0x080009d8   0x00000016   Code   RO          290    .text.ADC_DMAError  stm32h7xx_hal_adc.o
    0x080009ee   0x080009ee   0x00000002   PAD
    0x080009f0   0x080009f0   0x00000006   Code   RO          288    .text.ADC_DMAHalfConvCplt  stm32h7xx_hal_adc.o
    0x080009f6   0x080009f6   0x00000002   PAD
    0x080009f8   0x080009f8   0x00000078   Code   RO          266    .text.ADC_Disable   stm32h7xx_hal_adc.o
    0x08000a70   0x08000a70   0x000000aa   Code   RO          272    .text.ADC_Enable    stm32h7xx_hal_adc.o
    0x08000b1a   0x08000b1a   0x00000006   PAD
    0x08000b20   0x08000b20   0x0000001e   Code   RO          199    .text.ADC_IRQHandler  stm32h7xx_it.o
    0x08000b3e   0x08000b3e   0x00000002   PAD
    0x08000b40   0x08000b40   0x00000002   Code   RO          183    .text.BusFault_Handler  stm32h7xx_it.o
    0x08000b42   0x08000b42   0x00000006   PAD
    0x08000b48   0x08000b48   0x0000000c   Code   RO          195    .text.DMA1_Stream0_IRQHandler  stm32h7xx_it.o
    0x08000b54   0x08000b54   0x00000004   PAD
    0x08000b58   0x08000b58   0x0000000c   Code   RO          197    .text.DMA1_Stream1_IRQHandler  stm32h7xx_it.o
    0x08000b64   0x08000b64   0x00000004   PAD
    0x08000b68   0x08000b68   0x00000128   Code   RO          611    .text.DMA_CalcBaseAndBitshift  stm32h7xx_hal_dma.o
    0x08000c90   0x08000c90   0x00000308   Code   RO          617    .text.DMA_SetConfig  stm32h7xx_hal_dma.o
    0x08000f98   0x08000f98   0x00000002   Code   RO          189    .text.DebugMon_Handler  stm32h7xx_it.o
    0x08000f9a   0x08000f9a   0x00000006   PAD
    0x08000fa0   0x08000fa0   0x00000006   Code   RO           84    .text.Error_Handler  main.o
    0x08000fa6   0x08000fa6   0x00000002   PAD
    0x08000fa8   0x08000fa8   0x0000002c   Code   RO         1652    .text.ExitRun0Mode  system_stm32h7xx.o
    0x08000fd4   0x08000fd4   0x00000004   PAD
    0x08000fd8   0x08000fd8   0x000000d8   Code   RO          322    .text.HAL_ADCEx_Calibration_Start  stm32h7xx_hal_adc_ex.o
    0x080010b0   0x080010b0   0x00000002   Code   RO          360    .text.HAL_ADCEx_EndOfSamplingCallback  stm32h7xx_hal_adc_ex.o
    0x080010b2   0x080010b2   0x00000006   PAD
    0x080010b8   0x080010b8   0x00000002   Code   RO          352    .text.HAL_ADCEx_InjectedConvCpltCallback  stm32h7xx_hal_adc_ex.o
    0x080010ba   0x080010ba   0x00000006   PAD
    0x080010c0   0x080010c0   0x00000002   Code   RO          354    .text.HAL_ADCEx_InjectedQueueOverflowCallback  stm32h7xx_hal_adc_ex.o
    0x080010c2   0x080010c2   0x00000006   PAD
    0x080010c8   0x080010c8   0x00000002   Code   RO          356    .text.HAL_ADCEx_LevelOutOfWindow2Callback  stm32h7xx_hal_adc_ex.o
    0x080010ca   0x080010ca   0x00000006   PAD
    0x080010d0   0x080010d0   0x00000002   Code   RO          358    .text.HAL_ADCEx_LevelOutOfWindow3Callback  stm32h7xx_hal_adc_ex.o
    0x080010d2   0x080010d2   0x00000006   PAD
    0x080010d8   0x080010d8   0x000000b8   Code   RO          372    .text.HAL_ADCEx_MultiModeConfigChannel  stm32h7xx_hal_adc_ex.o
    0x08001190   0x08001190   0x00000114   Code   RO          344    .text.HAL_ADCEx_MultiModeStart_DMA  stm32h7xx_hal_adc_ex.o
    0x080012a4   0x080012a4   0x00000004   PAD
    0x080012a8   0x080012a8   0x000004f0   Code   RO          306    .text.HAL_ADC_ConfigChannel  stm32h7xx_hal_adc.o
    0x08001798   0x08001798   0x0000005c   Code   RO           76    .text.HAL_ADC_ConvCpltCallback  main.o
    0x080017f4   0x080017f4   0x00000004   PAD
    0x080017f8   0x080017f8   0x00000002   Code   RO          304    .text.HAL_ADC_ConvHalfCpltCallback  stm32h7xx_hal_adc.o
    0x080017fa   0x080017fa   0x00000006   PAD
    0x08001800   0x08001800   0x00000002   Code   RO          302    .text.HAL_ADC_ErrorCallback  stm32h7xx_hal_adc.o
    0x08001802   0x08001802   0x00000006   PAD
    0x08001808   0x08001808   0x000002ca   Code   RO          296    .text.HAL_ADC_IRQHandler  stm32h7xx_hal_adc.o
    0x08001ad2   0x08001ad2   0x00000006   PAD
    0x08001ad8   0x08001ad8   0x00000256   Code   RO          256    .text.HAL_ADC_Init  stm32h7xx_hal_adc.o
    0x08001d2e   0x08001d2e   0x00000002   PAD
    0x08001d30   0x08001d30   0x00000002   Code   RO          300    .text.HAL_ADC_LevelOutOfWindowCallback  stm32h7xx_hal_adc.o
    0x08001d32   0x08001d32   0x00000006   PAD
    0x08001d38   0x08001d38   0x0000016a   Code   RO          115    .text.HAL_ADC_MspInit  adc.o
    0x08001ea2   0x08001ea2   0x00000006   PAD
    0x08001ea8   0x08001ea8   0x000002b6   Code   RO          623    .text.HAL_DMA_Abort_IT  stm32h7xx_hal_dma.o
    0x0800215e   0x0800215e   0x00000002   PAD
    0x08002160   0x08002160   0x00000824   Code   RO          627    .text.HAL_DMA_IRQHandler  stm32h7xx_hal_dma.o
    0x08002984   0x08002984   0x00000004   PAD
    0x08002988   0x08002988   0x0000065e   Code   RO          609    .text.HAL_DMA_Init  stm32h7xx_hal_dma.o
    0x08002fe6   0x08002fe6   0x00000002   PAD
    0x08002fe8   0x08002fe8   0x000003aa   Code   RO          619    .text.HAL_DMA_Start_IT  stm32h7xx_hal_dma.o
    0x08003392   0x08003392   0x00000006   PAD
    0x08003398   0x08003398   0x00000028   Code   RO          919    .text.HAL_Delay     stm32h7xx_hal.o
    0x080033c0   0x080033c0   0x000001e2   Code   RO          555    .text.HAL_GPIO_Init  stm32h7xx_hal_gpio.o
    0x080035a2   0x080035a2   0x00000006   PAD
    0x080035a8   0x080035a8   0x0000000a   Code   RO          561    .text.HAL_GPIO_WritePin  stm32h7xx_hal_gpio.o
    0x080035b2   0x080035b2   0x00000006   PAD
    0x080035b8   0x080035b8   0x0000000e   Code   RO          927    .text.HAL_GetREVID  stm32h7xx_hal.o
    0x080035c6   0x080035c6   0x00000002   PAD
    0x080035c8   0x080035c8   0x0000000c   Code   RO          911    .text.HAL_GetTick   stm32h7xx_hal.o
    0x080035d4   0x080035d4   0x00000004   PAD
    0x080035d8   0x080035d8   0x0000001a   Code   RO          909    .text.HAL_IncTick   stm32h7xx_hal.o
    0x080035f2   0x080035f2   0x00000006   PAD
    0x080035f8   0x080035f8   0x00000064   Code   RO          899    .text.HAL_Init      stm32h7xx_hal.o
    0x0800365c   0x0800365c   0x00000004   PAD
    0x08003660   0x08003660   0x00000050   Code   RO          901    .text.HAL_InitTick  stm32h7xx_hal.o
    0x080036b0   0x080036b0   0x0000005e   Code   RO          869    .text.HAL_MPU_ConfigRegion  stm32h7xx_hal_cortex.o
    0x0800370e   0x0800370e   0x00000002   PAD
    0x08003710   0x08003710   0x0000001a   Code   RO          861    .text.HAL_MPU_Disable  stm32h7xx_hal_cortex.o
    0x0800372a   0x0800372a   0x00000006   PAD
    0x08003730   0x08003730   0x00000020   Code   RO          863    .text.HAL_MPU_Enable  stm32h7xx_hal_cortex.o
    0x08003750   0x08003750   0x00000020   Code   RO          210    .text.HAL_MspInit   stm32h7xx_hal_msp.o
    0x08003770   0x08003770   0x00000022   Code   RO          851    .text.HAL_NVIC_EnableIRQ  stm32h7xx_hal_cortex.o
    0x08003792   0x08003792   0x00000006   PAD
    0x08003798   0x08003798   0x0000005a   Code   RO          849    .text.HAL_NVIC_SetPriority  stm32h7xx_hal_cortex.o
    0x080037f2   0x080037f2   0x00000006   PAD
    0x080037f8   0x080037f8   0x00000020   Code   RO          847    .text.HAL_NVIC_SetPriorityGrouping  stm32h7xx_hal_cortex.o
    0x08003818   0x08003818   0x0000004c   Code   RO          759    .text.HAL_PWREx_ConfigSupply  stm32h7xx_hal_pwr_ex.o
    0x08003864   0x08003864   0x00000004   PAD
    0x08003868   0x08003868   0x0000012c   Code   RO          436    .text.HAL_RCCEx_GetPLL1ClockFreq  stm32h7xx_hal_rcc_ex.o
    0x08003994   0x08003994   0x00000004   PAD
    0x08003998   0x08003998   0x00000128   Code   RO          438    .text.HAL_RCCEx_GetPLL2ClockFreq  stm32h7xx_hal_rcc_ex.o
    0x08003ac0   0x08003ac0   0x00000128   Code   RO          440    .text.HAL_RCCEx_GetPLL3ClockFreq  stm32h7xx_hal_rcc_ex.o
    0x08003be8   0x08003be8   0x000003ac   Code   RO          434    .text.HAL_RCCEx_GetPeriphCLKFreq  stm32h7xx_hal_rcc_ex.o
    0x08003f94   0x08003f94   0x00000004   PAD
    0x08003f98   0x08003f98   0x00000b0c   Code   RO          426    .text.HAL_RCCEx_PeriphCLKConfig  stm32h7xx_hal_rcc_ex.o
    0x08004aa4   0x08004aa4   0x00000004   PAD
    0x08004aa8   0x08004aa8   0x00000254   Code   RO          394    .text.HAL_RCC_ClockConfig  stm32h7xx_hal_rcc.o
    0x08004cfc   0x08004cfc   0x00000004   PAD
    0x08004d00   0x08004d00   0x0000004c   Code   RO          404    .text.HAL_RCC_GetHCLKFreq  stm32h7xx_hal_rcc.o
    0x08004d4c   0x08004d4c   0x00000004   PAD
    0x08004d50   0x08004d50   0x00000060   Code   RO          406    .text.HAL_RCC_GetPCLK1Freq  stm32h7xx_hal_rcc.o
    0x08004db0   0x08004db0   0x0000011c   Code   RO          396    .text.HAL_RCC_GetSysClockFreq  stm32h7xx_hal_rcc.o
    0x08004ecc   0x08004ecc   0x00000004   PAD
    0x08004ed0   0x08004ed0   0x0000056c   Code   RO          392    .text.HAL_RCC_OscConfig  stm32h7xx_hal_rcc.o
    0x0800543c   0x0800543c   0x00000004   PAD
    0x08005440   0x08005440   0x00000002   Code   RO         1279    .text.HAL_SPI_ErrorCallback  stm32h7xx_hal_spi.o
    0x08005442   0x08005442   0x00000006   PAD
    0x08005448   0x08005448   0x0000024e   Code   RO         1275    .text.HAL_SPI_IRQHandler  stm32h7xx_hal_spi.o
    0x08005696   0x08005696   0x00000002   PAD
    0x08005698   0x08005698   0x000001bc   Code   RO         1205    .text.HAL_SPI_Init  stm32h7xx_hal_spi.o
    0x08005854   0x08005854   0x00000004   PAD
    0x08005858   0x08005858   0x0000011e   Code   RO          141    .text.HAL_SPI_MspInit  spi.o
    0x08005976   0x08005976   0x00000002   PAD
    0x08005978   0x08005978   0x00000002   Code   RO         1283    .text.HAL_SPI_RxCpltCallback  stm32h7xx_hal_spi.o
    0x0800597a   0x0800597a   0x00000006   PAD
    0x08005980   0x08005980   0x00000002   Code   RO         1277    .text.HAL_SPI_SuspendCallback  stm32h7xx_hal_spi.o
    0x08005982   0x08005982   0x00000006   PAD
    0x08005988   0x08005988   0x00000298   Code   RO         1213    .text.HAL_SPI_Transmit  stm32h7xx_hal_spi.o
    0x08005c20   0x08005c20   0x0000002a   Code   RO           33    .text.HAL_SPI_TxCpltCallback  ili9488.o
    0x08005c4a   0x08005c4a   0x00000006   PAD
    0x08005c50   0x08005c50   0x00000002   Code   RO         1281    .text.HAL_SPI_TxRxCpltCallback  stm32h7xx_hal_spi.o
    0x08005c52   0x08005c52   0x00000006   PAD
    0x08005c58   0x08005c58   0x0000002e   Code   RO          859    .text.HAL_SYSTICK_Config  stm32h7xx_hal_cortex.o
    0x08005c86   0x08005c86   0x00000002   PAD
    0x08005c88   0x08005c88   0x000000ce   Code   RO         1616    .text.HAL_TIMEx_MasterConfigSynchronization  stm32h7xx_hal_tim_ex.o
    0x08005d56   0x08005d56   0x00000002   PAD
    0x08005d58   0x08005d58   0x00000060   Code   RO         1321    .text.HAL_TIM_Base_Init  stm32h7xx_hal_tim.o
    0x08005db8   0x08005db8   0x00000030   Code   RO          159    .text.HAL_TIM_Base_MspInit  tim.o
    0x08005de8   0x08005de8   0x000000ac   Code   RO         1331    .text.HAL_TIM_Base_Start  stm32h7xx_hal_tim.o
    0x08005e94   0x08005e94   0x00000004   PAD
    0x08005e98   0x08005e98   0x000002bc   Code   RO         1501    .text.HAL_TIM_ConfigClockSource  stm32h7xx_hal_tim.o
    0x08006154   0x08006154   0x00000004   PAD
    0x08006158   0x08006158   0x000000b8   Code   RO         1435    .text.HAL_TIM_Encoder_Init  stm32h7xx_hal_tim.o
    0x08006210   0x08006210   0x00000072   Code   RO          161    .text.HAL_TIM_Encoder_MspInit  tim.o
    0x08006282   0x08006282   0x00000006   PAD
    0x08006288   0x08006288   0x00000002   Code   RO          179    .text.HardFault_Handler  stm32h7xx_it.o
    0x0800628a   0x0800628a   0x00000006   PAD
    0x08006290   0x08006290   0x000002a8   Code   RO           53    .text.LCD_DrawString  ili9488.o
    0x08006538   0x08006538   0x0000021a   Code   RO           49    .text.LCD_FillColor  ili9488.o
    0x08006752   0x08006752   0x00000006   PAD
    0x08006758   0x08006758   0x0000024e   Code   RO           51    .text.LCD_FillRect  ili9488.o
    0x080069a6   0x080069a6   0x00000002   PAD
    0x080069a8   0x080069a8   0x00000adc   Code   RO           47    .text.LCD_Init      ili9488.o
    0x08007484   0x08007484   0x00000004   PAD
    0x08007488   0x08007488   0x000000cc   Code   RO           43    .text.LCD_SetRotation  ili9488.o
    0x08007554   0x08007554   0x00000004   PAD
    0x08007558   0x08007558   0x00000300   Code   RO           59    .text.LCD_SetWindow  ili9488.o
    0x08007858   0x08007858   0x000000c4   Code   RO          111    .text.MX_ADC1_Init  adc.o
    0x0800791c   0x0800791c   0x00000004   PAD
    0x08007920   0x08007920   0x0000007e   Code   RO          113    .text.MX_ADC2_Init  adc.o
    0x0800799e   0x0800799e   0x00000002   PAD
    0x080079a0   0x080079a0   0x00000044   Code   RO          130    .text.MX_DMA_Init   dma.o
    0x080079e4   0x080079e4   0x00000004   PAD
    0x080079e8   0x080079e8   0x00000114   Code   RO          102    .text.MX_GPIO_Init  gpio.o
    0x08007afc   0x08007afc   0x00000004   PAD
    0x08007b00   0x08007b00   0x00000062   Code   RO          139    .text.MX_SPI1_Init  spi.o
    0x08007b62   0x08007b62   0x00000006   PAD
    0x08007b68   0x08007b68   0x00000072   Code   RO          155    .text.MX_TIM3_Init  tim.o
    0x08007bda   0x08007bda   0x00000006   PAD
    0x08007be0   0x08007be0   0x00000064   Code   RO          157    .text.MX_TIM4_Init  tim.o
    0x08007c44   0x08007c44   0x00000004   PAD
    0x08007c48   0x08007c48   0x00000002   Code   RO          181    .text.MemManage_Handler  stm32h7xx_it.o
    0x08007c4a   0x08007c4a   0x00000006   PAD
    0x08007c50   0x08007c50   0x00000002   Code   RO          177    .text.NMI_Handler   stm32h7xx_it.o
    0x08007c52   0x08007c52   0x00000006   PAD
    0x08007c58   0x08007c58   0x00000002   Code   RO          191    .text.PendSV_Handler  stm32h7xx_it.o
    0x08007c5a   0x08007c5a   0x00000006   PAD
    0x08007c60   0x08007c60   0x00000122   Code   RO          428    .text.RCCEx_PLL2_Config  stm32h7xx_hal_rcc_ex.o
    0x08007d82   0x08007d82   0x00000006   PAD
    0x08007d88   0x08007d88   0x00000122   Code   RO          430    .text.RCCEx_PLL3_Config  stm32h7xx_hal_rcc_ex.o
    0x08007eaa   0x08007eaa   0x00000006   PAD
    0x08007eb0   0x08007eb0   0x0000000c   Code   RO          201    .text.SPI1_IRQHandler  stm32h7xx_it.o
    0x08007ebc   0x08007ebc   0x00000004   PAD
    0x08007ec0   0x08007ec0   0x000000d0   Code   RO         1215    .text.SPI_CloseTransfer  stm32h7xx_hal_spi.o
    0x08007f90   0x08007f90   0x00000016   Code   RO         1287    .text.SPI_DMAAbortOnError  stm32h7xx_hal_spi.o
    0x08007fa6   0x08007fa6   0x00000002   PAD
    0x08007fa8   0x08007fa8   0x00000002   Code   RO          187    .text.SVC_Handler   stm32h7xx_it.o
    0x08007faa   0x08007faa   0x00000006   PAD
    0x08007fb0   0x08007fb0   0x000004f8   Code   RO          228    .text.Scope_Draw    scope.o
    0x080084a8   0x080084a8   0x0000005a   Code   RO          218    .text.Scope_Init    scope.o
    0x08008502   0x08008502   0x00000006   PAD
    0x08008508   0x08008508   0x0000003e   Code   RO          224    .text.Scope_Measure  scope.o
    0x08008546   0x08008546   0x00000002   PAD
    0x08008548   0x08008548   0x00000062   Code   RO          222    .text.Scope_ProcessFrame  scope.o
    0x080085aa   0x080085aa   0x00000006   PAD
    0x080085b0   0x080085b0   0x00000086   Code   RO          220    .text.Scope_PushSample  scope.o
    0x08008636   0x08008636   0x00000002   PAD
    0x08008638   0x08008638   0x00000004   Code   RO          193    .text.SysTick_Handler  stm32h7xx_it.o
    0x0800863c   0x0800863c   0x00000004   PAD
    0x08008640   0x08008640   0x000000dc   Code   RO           80    .text.SystemClock_Config  main.o
    0x0800871c   0x0800871c   0x00000004   PAD
    0x08008720   0x08008720   0x000000ee   Code   RO         1648    .text.SystemInit    system_stm32h7xx.o
    0x0800880e   0x0800880e   0x00000002   PAD
    0x08008810   0x08008810   0x0000014e   Code   RO         1325    .text.TIM_Base_SetConfig  stm32h7xx_hal_tim.o
    0x0800895e   0x0800895e   0x00000002   PAD
    0x08008960   0x08008960   0x00000002   Code   RO          185    .text.UsageFault_Handler  stm32h7xx_it.o
    0x08008962   0x08008962   0x00000006   PAD
    0x08008968   0x08008968   0x00000408   Code   RO          226    .text.do_measure    scope.o
    0x08008d70   0x08008d70   0x00000178   Code   RO           78    .text.main          main.o
    0x08008ee8   0x08008ee8   0x00000034   Code   RO         1902    i.__0snprintf       mc_w.l(printfa.o)
    0x08008f1c   0x08008f1c   0x0000000e   Code   RO         1986    i.__scatterload_copy  mc_w.l(handlers.o)
    0x08008f2a   0x08008f2a   0x00000002   Code   RO         1987    i.__scatterload_null  mc_w.l(handlers.o)
    0x08008f2c   0x08008f2c   0x0000000e   Code   RO         1988    i.__scatterload_zeroinit  mc_w.l(handlers.o)
    0x08008f3a   0x08008f3a   0x00000002   PAD
    0x08008f3c   0x08008f3c   0x00000184   Code   RO         1908    i._fp_digits        mc_w.l(printfa.o)
    0x080090c0   0x080090c0   0x000006dc   Code   RO         1909    i._printf_core      mc_w.l(printfa.o)
    0x0800979c   0x0800979c   0x00000024   Code   RO         1910    i._printf_post_padding  mc_w.l(printfa.o)
    0x080097c0   0x080097c0   0x0000002e   Code   RO         1911    i._printf_pre_padding  mc_w.l(printfa.o)
    0x080097ee   0x080097ee   0x00000016   Code   RO         1912    i._snputc           mc_w.l(printfa.o)
    0x08009804   0x08009804   0x00000010   Data   RO         1654    .rodata.D1CorePrescTable  system_stm32h7xx.o
    0x08009814   0x08009814   0x00000240   Data   RO           66    .rodata.font6x8     ili9488.o
    0x08009a54   0x08009a54   0x0000000c   Data   RO          242    .rodata.scope_tb_interval_us  scope.o
    0x08009a60   0x08009a60   0x00000008   Data   RO          243    .rodata.scope_vdiv_mv  scope.o
    0x08009a68   0x08009a68   0x00000036   Data   RO          247    .rodata.str1.1      scope.o
    0x08009a9e   0x08009a9e   0x00000002   PAD
    0x08009aa0   0x08009aa0   0x00000020   Data   RO         1985    Region$$Table       anon$$obj.o


    Execution Region RW_IRAM1 (Exec base: 0x20000000, Load base: 0x08009ac0, Size: 0x00000000, Max: 0x00020000, ABSOLUTE)

    **** No section assigned to this execution region ****


    Execution Region RW_IRAM2 (Exec base: 0x24000000, Load base: 0x08009ac0, Size: 0x00006370, Max: 0x00080000, ABSOLUTE)

    Exec Addr    Load Addr    Size         Type   Attr      Idx    E Section Name        Object

    0x24000000   0x08009ac0   0x00000010   Data   RW           86    .RAM_D2             main.o
    0x24000010   0x08009ad0   0x00000008   Data   RW          996    .data..L_MergedGlobals  stm32h7xx_hal.o
    0x24000018   0x08009ad8   0x00000008   Data   RW         1655    .data..L_MergedGlobals  system_stm32h7xx.o
    0x24000020        -       0x00000008   Zero   RW           67    .bss..L_MergedGlobals  ili9488.o
    0x24000028        -       0x0000007c   Zero   RW          121    .bss..L_MergedGlobals  adc.o
    0x240000a4        -       0x00000060   Zero   RW          245    .bss.g_scope        scope.o
    0x24000104        -       0x00000064   Zero   RW          119    .bss.hadc1          adc.o
    0x24000168        -       0x00000064   Zero   RW          120    .bss.hadc2          adc.o
    0x240001cc        -       0x00000078   Zero   RW          146    .bss.hdma_spi1_tx   spi.o
    0x24000244        -       0x00000088   Zero   RW          145    .bss.hspi1          spi.o
    0x240002cc        -       0x0000004c   Zero   RW          167    .bss.htim3          tim.o
    0x24000318        -       0x0000004c   Zero   RW          168    .bss.htim4          tim.o
    0x24000364        -       0x00000001   Zero   RW           65    .bss.lcd_rotation   ili9488.o
    0x24000365   0x08009ae0   0x00000003   PAD
    0x24000368        -       0x00001000   Zero   RW          244    .bss.scope_buf1     scope.o
    0x24001368        -       0x00001000   Zero   RW          246    .bss.scope_buf2     scope.o
    0x24002368        -       0x00000004   Zero   RW          995    .bss.uwTick         stm32h7xx_hal.o
    0x2400236c   0x08009ae0   0x00000004   PAD
    0x24002370        -       0x00004000   Zero   RW            1    STACK               startup_stm32h743xx.o


==============================================================================

Image component sizes


      Code (inc. data)   RO Data    RW Data    ZI Data      Debug   Object Name

       684          0          0          0        324      11386   adc.o
        68          0          0          0          0       5445   dma.o
       276          0          0          0          0       3060   gpio.o
      5602         40        576          0          9      21016   ili9488.o
       694          0          0         16          0      13440   main.o
      2688        144         74          0       8288      10663   scope.o
       384          0          0          0        256      11787   spi.o
        44         12        664          0      16384        812   startup_stm32h743xx.o
       272          0          0          8          4      15050   stm32h7xx_hal.o
      3294         14          0          0          0      28623   stm32h7xx_hal_adc.o
       686          0          0          0          0      30207   stm32h7xx_hal_adc_ex.o
       354          0          0          0          0      12487   stm32h7xx_hal_cortex.o
      6418         12          0          0          0      18492   stm32h7xx_hal_dma.o
       492          0          0          0          0       7182   stm32h7xx_hal_gpio.o
        32          0          0          0          0       2194   stm32h7xx_hal_msp.o
        76          0          0          0          0      10794   stm32h7xx_hal_pwr_ex.o
      2440         24          0          0          0      12015   stm32h7xx_hal_rcc.o
      5240        264          0          0          0      20344   stm32h7xx_hal_rcc_ex.o
      1936          0          0          0          0      23897   stm32h7xx_hal_spi.o
      1486          0          0          0          0      68634   stm32h7xx_hal_tim.o
       206          0          0          0          0      26004   stm32h7xx_hal_tim_ex.o
        86          0          0          0          0       7083   stm32h7xx_it.o
       282          0         16          8          0       6227   system_stm32h7xx.o
       376          0          0          0        152       8499   tim.o

    ----------------------------------------------------------------------
     34508        522       1364         32      25424     375341   Object Totals
         0          0         32          0          0          0   (incl. Generated)
       392         12          2          0          7          0   (incl. Padding)

    ----------------------------------------------------------------------

      Code (inc. data)   RO Data    RW Data    ZI Data      Debug   Library Member Name

         0          0          0          0          0          0   entry.o
         0          0          0          0          0          0   entry10a.o
         0          0          0          0          0          0   entry11a.o
         8          4          0          0          0          0   entry2.o
         4          0          0          0          0          0   entry5.o
         0          0          0          0          0          0   entry7b.o
         0          0          0          0          0          0   entry8b.o
         8          4          0          0          0          0   entry9a.o
        30          0          0          0          0          0   handlers.o
        48         10          0          0          0         68   init.o
         0          0          0          0          0          0   iusefp.o
        30          0          0          0          0         68   llshl.o
        36          0          0          0          0         68   llsshr.o
        32          0          0          0          0         68   llushr.o
        36          0          0          0          0        108   memseta.o
      2300         84          0          0          0        524   printfa.o
        44          0          0          0          0         80   uidiv.o
        98          0          0          0          0         92   uldiv.o
        48          0          0          0          0         68   cdrcmple.o
       334          0          0          0          0        148   dadd.o
       222          0          0          0          0        100   ddiv.o
       186          0          0          0          0        176   depilogue.o
        48          0          0          0          0         68   dfixul.o
       228          0          0          0          0         96   dmul.o

    ----------------------------------------------------------------------
      3744        102          0          0          0       1732   Library Totals
         4          0          0          0          0          0   (incl. Padding)

    ----------------------------------------------------------------------

      Code (inc. data)   RO Data    RW Data    ZI Data      Debug   Library Name

      2674        102          0          0          0       1076   mc_w.l
      1066          0          0          0          0        656   mf_w.l

    ----------------------------------------------------------------------
      3744        102          0          0          0       1732   Library Totals

    ----------------------------------------------------------------------

==============================================================================


      Code (inc. data)   RO Data    RW Data    ZI Data      Debug   

     38252        624       1364         32      25424     375953   Grand Totals
     38252        624       1364         32      25424     375953   ELF Image Totals
     38252        624       1364         32          0          0   ROM Totals

==============================================================================

    Total RO  Size (Code + RO Data)                39616 (  38.69kB)
    Total RW  Size (RW Data + ZI Data)             25456 (  24.86kB)
    Total ROM Size (Code + RO Data + RW Data)      39648 (  38.72kB)

==============================================================================

