Component: Arm Compiler for Embedded 6.24 Tool: armlink [5f371500]

==============================================================================

Section Cross References

    startup_stm32h743xx.o(RESET) refers to startup_stm32h743xx.o(STACK) for __initial_sp
    startup_stm32h743xx.o(RESET) refers to startup_stm32h743xx.o(.text) for Reset_Handler
    startup_stm32h743xx.o(RESET) refers to stm32h7xx_it.o(.text.NMI_Handler) for NMI_Handler
    startup_stm32h743xx.o(RESET) refers to stm32h7xx_it.o(.text.HardFault_Handler) for HardFault_Handler
    startup_stm32h743xx.o(RESET) refers to stm32h7xx_it.o(.text.MemManage_Handler) for MemManage_Handler
    startup_stm32h743xx.o(RESET) refers to stm32h7xx_it.o(.text.BusFault_Handler) for BusFault_Handler
    startup_stm32h743xx.o(RESET) refers to stm32h7xx_it.o(.text.UsageFault_Handler) for UsageFault_Handler
    startup_stm32h743xx.o(RESET) refers to stm32h7xx_it.o(.text.SVC_Handler) for SVC_Handler
    startup_stm32h743xx.o(RESET) refers to stm32h7xx_it.o(.text.DebugMon_Handler) for DebugMon_Handler
    startup_stm32h743xx.o(RESET) refers to stm32h7xx_it.o(.text.PendSV_Handler) for PendSV_Handler
    startup_stm32h743xx.o(RESET) refers to stm32h7xx_it.o(.text.SysTick_Handler) for SysTick_Handler
    startup_stm32h743xx.o(RESET) refers to stm32h7xx_it.o(.text.DMA1_Stream0_IRQHandler) for DMA1_Stream0_IRQHandler
    startup_stm32h743xx.o(RESET) refers to stm32h7xx_it.o(.text.DMA1_Stream1_IRQHandler) for DMA1_Stream1_IRQHandler
    startup_stm32h743xx.o(RESET) refers to stm32h7xx_it.o(.text.ADC_IRQHandler) for ADC_IRQHandler
    startup_stm32h743xx.o(RESET) refers to stm32h7xx_it.o(.text.SPI1_IRQHandler) for SPI1_IRQHandler
    startup_stm32h743xx.o(.text) refers to system_stm32h7xx.o(.text.ExitRun0Mode) for ExitRun0Mode
    startup_stm32h743xx.o(.text) refers to system_stm32h7xx.o(.text.SystemInit) for SystemInit
    startup_stm32h743xx.o(.text) refers to entry.o(.ARM.Collect$$$$00000000) for __main
    adc_driver.o(.text.ADC_DisplayOnLCD) refers to main.o(.bss..L_MergedGlobals) for g_hist_idx
    adc_driver.o(.text.ADC_DisplayOnLCD) refers to ili9488.o(.text.LCD_FillRect) for LCD_FillRect
    adc_driver.o(.text.ADC_DisplayOnLCD) refers to ili9488.o(.text.LCD_DrawString) for LCD_DrawString
    adc_driver.o(.text.ADC_DisplayOnLCD) refers to printf4.o(i.__0snprintf$4) for __2snprintf
    adc_driver.o(.text.ADC_DisplayOnLCD) refers to main.o(.bss.g_hist2) for g_hist2
    adc_driver.o(.text.ADC_DisplayOnLCD) refers to main.o(.bss.g_hist1) for g_hist1
    adc_driver.o(.ARM.exidx.text.ADC_DisplayOnLCD) refers to adc_driver.o(.text.ADC_DisplayOnLCD) for [Anonymous Symbol]
    ili9488.o(.text.LCD_GetWidth) refers to ili9488.o(.bss.lcd_rotation) for lcd_rotation
    ili9488.o(.ARM.exidx.text.LCD_GetWidth) refers to ili9488.o(.text.LCD_GetWidth) for [Anonymous Symbol]
    ili9488.o(.text.LCD_GetHeight) refers to ili9488.o(.bss.lcd_rotation) for lcd_rotation
    ili9488.o(.ARM.exidx.text.LCD_GetHeight) refers to ili9488.o(.text.LCD_GetHeight) for [Anonymous Symbol]
    ili9488.o(.text.LCD_WriteCommand) refers to stm32h7xx_hal_gpio.o(.text.HAL_GPIO_WritePin) for HAL_GPIO_WritePin
    ili9488.o(.text.LCD_WriteCommand) refers to spi.o(.bss.hspi1) for hspi1
    ili9488.o(.text.LCD_WriteCommand) refers to stm32h7xx_hal_spi.o(.text.HAL_SPI_Transmit) for HAL_SPI_Transmit
    ili9488.o(.ARM.exidx.text.LCD_WriteCommand) refers to ili9488.o(.text.LCD_WriteCommand) for [Anonymous Symbol]
    ili9488.o(.text.LCD_WriteData) refers to stm32h7xx_hal_gpio.o(.text.HAL_GPIO_WritePin) for HAL_GPIO_WritePin
    ili9488.o(.text.LCD_WriteData) refers to spi.o(.bss.hspi1) for hspi1
    ili9488.o(.text.LCD_WriteData) refers to stm32h7xx_hal_spi.o(.text.HAL_SPI_Transmit) for HAL_SPI_Transmit
    ili9488.o(.ARM.exidx.text.LCD_WriteData) refers to ili9488.o(.text.LCD_WriteData) for [Anonymous Symbol]
    ili9488.o(.text.LCD_WriteData16) refers to stm32h7xx_hal_gpio.o(.text.HAL_GPIO_WritePin) for HAL_GPIO_WritePin
    ili9488.o(.text.LCD_WriteData16) refers to spi.o(.bss.hspi1) for hspi1
    ili9488.o(.text.LCD_WriteData16) refers to stm32h7xx_hal_spi.o(.text.HAL_SPI_Transmit) for HAL_SPI_Transmit
    ili9488.o(.ARM.exidx.text.LCD_WriteData16) refers to ili9488.o(.text.LCD_WriteData16) for [Anonymous Symbol]
    ili9488.o(.text.LCD_WriteDataBuffer16) refers to stm32h7xx_hal_gpio.o(.text.HAL_GPIO_WritePin) for HAL_GPIO_WritePin
    ili9488.o(.text.LCD_WriteDataBuffer16) refers to spi.o(.bss.hspi1) for hspi1
    ili9488.o(.text.LCD_WriteDataBuffer16) refers to stm32h7xx_hal_spi.o(.text.HAL_SPI_Transmit) for HAL_SPI_Transmit
    ili9488.o(.ARM.exidx.text.LCD_WriteDataBuffer16) refers to ili9488.o(.text.LCD_WriteDataBuffer16) for [Anonymous Symbol]
    ili9488.o(.text.HAL_SPI_TxCpltCallback) refers to ili9488.o(.bss..L_MergedGlobals) for .L_MergedGlobals
    ili9488.o(.ARM.exidx.text.HAL_SPI_TxCpltCallback) refers to ili9488.o(.text.HAL_SPI_TxCpltCallback) for [Anonymous Symbol]
[...]
    Removing stm32h7xx_hal_tim_ex.o(.text.TIM_DMAErrorCCxN), (70 bytes).
    Removing stm32h7xx_hal_tim_ex.o(.ARM.exidx.text.TIM_DMAErrorCCxN), (8 bytes).
    Removing stm32h7xx_hal_tim_ex.o(.text.HAL_TIMEx_OCN_Stop_DMA), (184 bytes).
    Removing stm32h7xx_hal_tim_ex.o(.ARM.exidx.text.HAL_TIMEx_OCN_Stop_DMA), (8 bytes).
    Removing stm32h7xx_hal_tim_ex.o(.text.HAL_TIMEx_PWMN_Start), (272 bytes).
    Removing stm32h7xx_hal_tim_ex.o(.ARM.exidx.text.HAL_TIMEx_PWMN_Start), (8 bytes).
    Removing stm32h7xx_hal_tim_ex.o(.text.HAL_TIMEx_PWMN_Stop), (158 bytes).
    Removing stm32h7xx_hal_tim_ex.o(.ARM.exidx.text.HAL_TIMEx_PWMN_Stop), (8 bytes).
    Removing stm32h7xx_hal_tim_ex.o(.text.HAL_TIMEx_PWMN_Start_IT), (288 bytes).
    Removing stm32h7xx_hal_tim_ex.o(.ARM.exidx.text.HAL_TIMEx_PWMN_Start_IT), (8 bytes).
    Removing stm32h7xx_hal_tim_ex.o(.text.HAL_TIMEx_PWMN_Stop_IT), (222 bytes).
    Removing stm32h7xx_hal_tim_ex.o(.ARM.exidx.text.HAL_TIMEx_PWMN_Stop_IT), (8 bytes).
    Removing stm32h7xx_hal_tim_ex.o(.text.HAL_TIMEx_PWMN_Start_DMA), (564 bytes).
    Removing stm32h7xx_hal_tim_ex.o(.ARM.exidx.text.HAL_TIMEx_PWMN_Start_DMA), (8 bytes).
    Removing stm32h7xx_hal_tim_ex.o(.text.HAL_TIMEx_PWMN_Stop_DMA), (184 bytes).
    Removing stm32h7xx_hal_tim_ex.o(.ARM.exidx.text.HAL_TIMEx_PWMN_Stop_DMA), (8 bytes).
    Removing stm32h7xx_hal_tim_ex.o(.text.HAL_TIMEx_OnePulseN_Start), (122 bytes).
    Removing stm32h7xx_hal_tim_ex.o(.ARM.exidx.text.HAL_TIMEx_OnePulseN_Start), (8 bytes).
    Removing stm32h7xx_hal_tim_ex.o(.text.HAL_TIMEx_OnePulseN_Stop), (132 bytes).
    Removing stm32h7xx_hal_tim_ex.o(.ARM.exidx.text.HAL_TIMEx_OnePulseN_Stop), (8 bytes).
    Removing stm32h7xx_hal_tim_ex.o(.text.HAL_TIMEx_OnePulseN_Start_IT), (138 bytes).
    Removing stm32h7xx_hal_tim_ex.o(.ARM.exidx.text.HAL_TIMEx_OnePulseN_Start_IT), (8 bytes).
    Removing stm32h7xx_hal_tim_ex.o(.text.HAL_TIMEx_OnePulseN_Stop_IT), (148 bytes).
    Removing stm32h7xx_hal_tim_ex.o(.ARM.exidx.text.HAL_TIMEx_OnePulseN_Stop_IT), (8 bytes).
    Removing stm32h7xx_hal_tim_ex.o(.text.HAL_TIMEx_ConfigCommutEvent), (160 bytes).
    Removing stm32h7xx_hal_tim_ex.o(.ARM.exidx.text.HAL_TIMEx_ConfigCommutEvent), (8 bytes).
    Removing stm32h7xx_hal_tim_ex.o(.text.HAL_TIMEx_ConfigCommutEvent_IT), (160 bytes).
    Removing stm32h7xx_hal_tim_ex.o(.ARM.exidx.text.HAL_TIMEx_ConfigCommutEvent_IT), (8 bytes).
    Removing stm32h7xx_hal_tim_ex.o(.text.HAL_TIMEx_ConfigCommutEvent_DMA), (196 bytes).
    Removing stm32h7xx_hal_tim_ex.o(.ARM.exidx.text.HAL_TIMEx_ConfigCommutEvent_DMA), (8 bytes).
    Removing stm32h7xx_hal_tim_ex.o(.text.TIMEx_DMACommutationCplt), (12 bytes).
    Removing stm32h7xx_hal_tim_ex.o(.ARM.exidx.text.TIMEx_DMACommutationCplt), (8 bytes).
    Removing stm32h7xx_hal_tim_ex.o(.text.TIMEx_DMACommutationHalfCplt), (12 bytes).
    Removing stm32h7xx_hal_tim_ex.o(.ARM.exidx.text.TIMEx_DMACommutationHalfCplt), (8 bytes).
    Removing stm32h7xx_hal_tim_ex.o(.ARM.exidx.text.HAL_TIMEx_MasterConfigSynchronization), (8 bytes).
    Removing stm32h7xx_hal_tim_ex.o(.text.HAL_TIMEx_ConfigBreakDeadTime), (152 bytes).
    Removing stm32h7xx_hal_tim_ex.o(.ARM.exidx.text.HAL_TIMEx_ConfigBreakDeadTime), (8 bytes).
    Removing stm32h7xx_hal_tim_ex.o(.text.HAL_TIMEx_ConfigBreakInput), (312 bytes).
    Removing stm32h7xx_hal_tim_ex.o(.ARM.exidx.text.HAL_TIMEx_ConfigBreakInput), (8 bytes).
    Removing stm32h7xx_hal_tim_ex.o(.text.HAL_TIMEx_RemapConfig), (34 bytes).
    Removing stm32h7xx_hal_tim_ex.o(.ARM.exidx.text.HAL_TIMEx_RemapConfig), (8 bytes).
    Removing stm32h7xx_hal_tim_ex.o(.text.HAL_TIMEx_TISelection), (80 bytes).
    Removing stm32h7xx_hal_tim_ex.o(.ARM.exidx.text.HAL_TIMEx_TISelection), (8 bytes).
    Removing stm32h7xx_hal_tim_ex.o(.text.HAL_TIMEx_GroupChannel5), (48 bytes).
    Removing stm32h7xx_hal_tim_ex.o(.ARM.exidx.text.HAL_TIMEx_GroupChannel5), (8 bytes).
    Removing stm32h7xx_hal_tim_ex.o(.text.HAL_TIMEx_CommutCallback), (2 bytes).
    Removing stm32h7xx_hal_tim_ex.o(.ARM.exidx.text.HAL_TIMEx_CommutCallback), (8 bytes).
    Removing stm32h7xx_hal_tim_ex.o(.text.HAL_TIMEx_CommutHalfCpltCallback), (2 bytes).
    Removing stm32h7xx_hal_tim_ex.o(.ARM.exidx.text.HAL_TIMEx_CommutHalfCpltCallback), (8 bytes).
    Removing stm32h7xx_hal_tim_ex.o(.text.HAL_TIMEx_BreakCallback), (2 bytes).
    Removing stm32h7xx_hal_tim_ex.o(.ARM.exidx.text.HAL_TIMEx_BreakCallback), (8 bytes).
    Removing stm32h7xx_hal_tim_ex.o(.text.HAL_TIMEx_Break2Callback), (2 bytes).
    Removing stm32h7xx_hal_tim_ex.o(.ARM.exidx.text.HAL_TIMEx_Break2Callback), (8 bytes).
    Removing stm32h7xx_hal_tim_ex.o(.text.HAL_TIMEx_HallSensor_GetState), (6 bytes).
    Removing stm32h7xx_hal_tim_ex.o(.ARM.exidx.text.HAL_TIMEx_HallSensor_GetState), (8 bytes).
    Removing stm32h7xx_hal_tim_ex.o(.text.HAL_TIMEx_GetChannelNState), (34 bytes).
    Removing stm32h7xx_hal_tim_ex.o(.ARM.exidx.text.HAL_TIMEx_GetChannelNState), (8 bytes).
    Removing system_stm32h7xx.o(.text), (0 bytes).
    Removing system_stm32h7xx.o(.ARM.exidx.text.SystemInit), (8 bytes).
    Removing system_stm32h7xx.o(.text.SystemCoreClockUpdate), (304 bytes).
    Removing system_stm32h7xx.o(.ARM.exidx.text.SystemCoreClockUpdate), (8 bytes).
    Removing system_stm32h7xx.o(.ARM.exidx.text.ExitRun0Mode), (8 bytes).
    Removing dadd.o(.text), (334 bytes).
    Removing dmul.o(.text), (228 bytes).
    Removing ddiv.o(.text), (222 bytes).
    Removing dfixul.o(.text), (48 bytes).
    Removing cdrcmple.o(.text), (48 bytes).
    Removing depilogue.o(.text), (186 bytes).

1264 unused section(s) (total 98118 bytes) removed from the image.

==============================================================================

Image Symbol Table

    Local Symbols

    Symbol Name                              Value     Ov Type        Size  Object(Section)

    ../clib/division.s                       0x00000000   Number         0  aeabi_sdiv.o ABSOLUTE
    ../clib/microlib/division.c              0x00000000   Number         0  uidiv.o ABSOLUTE
    ../clib/microlib/division.c              0x00000000   Number         0  uldiv.o ABSOLUTE
    ../clib/microlib/init/entry.s            0x00000000   Number         0  entry.o ABSOLUTE
    ../clib/microlib/init/entry.s            0x00000000   Number         0  entry2.o ABSOLUTE
    ../clib/microlib/init/entry.s            0x00000000   Number         0  entry5.o ABSOLUTE
    ../clib/microlib/init/entry.s            0x00000000   Number         0  entry7a.o ABSOLUTE
    ../clib/microlib/init/entry.s            0x00000000   Number         0  entry7b.o ABSOLUTE
    ../clib/microlib/init/entry.s            0x00000000   Number         0  entry8a.o ABSOLUTE
    ../clib/microlib/init/entry.s            0x00000000   Number         0  entry8b.o ABSOLUTE
    ../clib/microlib/init/entry.s            0x00000000   Number         0  entry9a.o ABSOLUTE
    ../clib/microlib/init/entry.s            0x00000000   Number         0  entry9b.o ABSOLUTE
    ../clib/microlib/init/entry.s            0x00000000   Number         0  entry10a.o ABSOLUTE
    ../clib/microlib/init/entry.s            0x00000000   Number         0  entry10b.o ABSOLUTE
    ../clib/microlib/init/entry.s            0x00000000   Number         0  entry11a.o ABSOLUTE
    ../clib/microlib/init/entry.s            0x00000000   Number         0  entry11b.o ABSOLUTE
    ../clib/microlib/longlong.c              0x00000000   Number         0  llshl.o ABSOLUTE
    ../clib/microlib/longlong.c              0x00000000   Number         0  llushr.o ABSOLUTE
    ../clib/microlib/longlong.c              0x00000000   Number         0  llsshr.o ABSOLUTE
    ../clib/microlib/printf/printf.c         0x00000000   Number         0  printfb.o ABSOLUTE
    ../clib/microlib/printf/printf.c         0x00000000   Number         0  printf0.o ABSOLUTE
    ../clib/microlib/printf/printf.c         0x00000000   Number         0  printf1.o ABSOLUTE
    ../clib/microlib/printf/printf.c         0x00000000   Number         0  printf2.o ABSOLUTE
    ../clib/microlib/printf/printf.c         0x00000000   Number         0  printf3.o ABSOLUTE
    ../clib/microlib/printf/printf.c         0x00000000   Number         0  printf4.o ABSOLUTE
    ../clib/microlib/printf/printf.c         0x00000000   Number         0  printf5.o ABSOLUTE
    ../clib/microlib/printf/printf.c         0x00000000   Number         0  printf6.o ABSOLUTE
    ../clib/microlib/printf/printf.c         0x00000000   Number         0  printf7.o ABSOLUTE
    ../clib/microlib/printf/printf.c         0x00000000   Number         0  printf8.o ABSOLUTE
    ../clib/microlib/printf/printf.c         0x00000000   Number         0  printfa.o ABSOLUTE
    ../clib/microlib/printf/stubs.s          0x00000000   Number         0  printfstubs.o ABSOLUTE
    ../clib/microlib/stdio/fputc.c           0x00000000   Number         0  fputc.o ABSOLUTE
    ../clib/microlib/stdio/fputc.c           0x00000000   Number         0  fputc_h.o ABSOLUTE
    ../clib/microlib/stdio/semi.s            0x00000000   Number         0  semi.o ABSOLUTE
    ../clib/microlib/stdio/streams.c         0x00000000   Number         0  stdout.o ABSOLUTE
    ../clib/microlib/string/memset.c         0x00000000   Number         0  memseta.o ABSOLUTE
    ../clib/microlib/stubs.s                 0x00000000   Number         0  iusefp.o ABSOLUTE
    ../clib/microlib/stubs.s                 0x00000000   Number         0  iusesemip.o ABSOLUTE
    ../fplib/microlib/fpadd.c                0x00000000   Number         0  dadd.o ABSOLUTE
    ../fplib/microlib/fpdiv.c                0x00000000   Number         0  ddiv.o ABSOLUTE
    ../fplib/microlib/fpepilogue.c           0x00000000   Number         0  depilogue.o ABSOLUTE
    ../fplib/microlib/fpfix.c                0x00000000   Number         0  dfixul.o ABSOLUTE
    ../fplib/microlib/fpmul.c                0x00000000   Number         0  dmul.o ABSOLUTE
    ILI9488.c                                0x00000000   Number         0  ili9488.o ABSOLUTE
    adc.c                                    0x00000000   Number         0  adc.o ABSOLUTE
    adc_driver.c                             0x00000000   Number         0  adc_driver.o ABSOLUTE
    cdrcmple.s                               0x00000000   Number         0  cdrcmple.o ABSOLUTE
    dc.s                                     0x00000000   Number         0  dc.o ABSOLUTE
    dma.c                                    0x00000000   Number         0  dma.o ABSOLUTE
    gpio.c                                   0x00000000   Number         0  gpio.o ABSOLUTE
    handlers.s                               0x00000000   Number         0  handlers.o ABSOLUTE
    init.s                                   0x00000000   Number         0  init.o ABSOLUTE
    main.c                                   0x00000000   Number         0  main.o ABSOLUTE
    spi.c                                    0x00000000   Number         0  spi.o ABSOLUTE
    startup_stm32h743xx.s                    0x00000000   Number         0  startup_stm32h743xx.o ABSOLUTE
    stm32h7xx_hal.c                          0x00000000   Number         0  stm32h7xx_hal.o ABSOLUTE
    stm32h7xx_hal_adc.c                      0x00000000   Number         0  stm32h7xx_hal_adc.o ABSOLUTE
    stm32h7xx_hal_adc_ex.c                   0x00000000   Number         0  stm32h7xx_hal_adc_ex.o ABSOLUTE
    stm32h7xx_hal_cortex.c                   0x00000000   Number         0  stm32h7xx_hal_cortex.o ABSOLUTE
    stm32h7xx_hal_dma.c                      0x00000000   Number         0  stm32h7xx_hal_dma.o ABSOLUTE
    stm32h7xx_hal_dma_ex.c                   0x00000000   Number         0  stm32h7xx_hal_dma_ex.o ABSOLUTE
    stm32h7xx_hal_exti.c                     0x00000000   Number         0  stm32h7xx_hal_exti.o ABSOLUTE
    stm32h7xx_hal_flash.c                    0x00000000   Number         0  stm32h7xx_hal_flash.o ABSOLUTE
    stm32h7xx_hal_flash_ex.c                 0x00000000   Number         0  stm32h7xx_hal_flash_ex.o ABSOLUTE
    stm32h7xx_hal_gpio.c                     0x00000000   Number         0  stm32h7xx_hal_gpio.o ABSOLUTE
    stm32h7xx_hal_hsem.c                     0x00000000   Number         0  stm32h7xx_hal_hsem.o ABSOLUTE
    stm32h7xx_hal_i2c.c                      0x00000000   Number         0  stm32h7xx_hal_i2c.o ABSOLUTE
    stm32h7xx_hal_i2c_ex.c                   0x00000000   Number         0  stm32h7xx_hal_i2c_ex.o ABSOLUTE
    stm32h7xx_hal_mdma.c                     0x00000000   Number         0  stm32h7xx_hal_mdma.o ABSOLUTE
    stm32h7xx_hal_msp.c                      0x00000000   Number         0  stm32h7xx_hal_msp.o ABSOLUTE
    stm32h7xx_hal_pwr.c                      0x00000000   Number         0  stm32h7xx_hal_pwr.o ABSOLUTE
    stm32h7xx_hal_pwr_ex.c                   0x00000000   Number         0  stm32h7xx_hal_pwr_ex.o ABSOLUTE
    stm32h7xx_hal_rcc.c                      0x00000000   Number         0  stm32h7xx_hal_rcc.o ABSOLUTE
    stm32h7xx_hal_rcc_ex.c                   0x00000000   Number         0  stm32h7xx_hal_rcc_ex.o ABSOLUTE
    stm32h7xx_hal_spi.c                      0x00000000   Number         0  stm32h7xx_hal_spi.o ABSOLUTE
    stm32h7xx_hal_spi_ex.c                   0x00000000   Number         0  stm32h7xx_hal_spi_ex.o ABSOLUTE
    stm32h7xx_hal_tim.c                      0x00000000   Number         0  stm32h7xx_hal_tim.o ABSOLUTE
    stm32h7xx_hal_tim_ex.c                   0x00000000   Number         0  stm32h7xx_hal_tim_ex.o ABSOLUTE
    stm32h7xx_it.c                           0x00000000   Number         0  stm32h7xx_it.o ABSOLUTE
    system_stm32h7xx.c                       0x00000000   Number         0  system_stm32h7xx.o ABSOLUTE
    tim.c                                    0x00000000   Number         0  tim.o ABSOLUTE
    RESET                                    0x08000000   Section      664  startup_stm32h743xx.o(RESET)
    .ARM.Collect$$$$00000000                 0x08000298   Section        0  entry.o(.ARM.Collect$$$$00000000)
    .ARM.Collect$$$$00000001                 0x08000298   Section        4  entry2.o(.ARM.Collect$$$$00000001)
    .ARM.Collect$$$$00000004                 0x0800029c   Section        4  entry5.o(.ARM.Collect$$$$00000004)
    .ARM.Collect$$$$00000008                 0x080002a0   Section        0  entry7b.o(.ARM.Collect$$$$00000008)
    .ARM.Collect$$$$0000000A                 0x080002a0   Section        0  entry8b.o(.ARM.Collect$$$$0000000A)
    .ARM.Collect$$$$0000000B                 0x080002a0   Section        8  entry9a.o(.ARM.Collect$$$$0000000B)
    __lit__00000000                          0x080002a8   Data           4  entry2.o(.ARM.Collect$$$$00002712)
    .ARM.Collect$$$$0000000D                 0x080002a8   Section        0  entry10a.o(.ARM.Collect$$$$0000000D)
    .ARM.Collect$$$$0000000F                 0x080002a8   Section        0  entry11a.o(.ARM.Collect$$$$0000000F)
    .ARM.Collect$$$$00002712                 0x080002a8   Section        4  entry2.o(.ARM.Collect$$$$00002712)
    $v0                                      0x080002ac   Number         0  startup_stm32h743xx.o(.text)
    .text                                    0x080002ac   Section       44  startup_stm32h743xx.o(.text)
    .text                                    0x080002d8   Section        0  memseta.o(.text)
    .text                                    0x080002fc   Section        0  uldiv.o(.text)
    .text                                    0x08000360   Section       48  init.o(.text)
    .text                                    0x08000390   Section        0  llshl.o(.text)
    .text                                    0x080003ae   Section        0  llushr.o(.text)
    [Anonymous Symbol]                       0x080003d0   Section        0  stm32h7xx_hal_adc.o(.text.ADC_ConfigureBoostMode)
    [Anonymous Symbol]                       0x08000500   Section        0  stm32h7xx_hal_adc.o(.text.ADC_DMAConvCplt)
    [Anonymous Symbol]                       0x08000560   Section        0  stm32h7xx_hal_adc.o(.text.ADC_DMAError)
    [Anonymous Symbol]                       0x08000578   Section        0  stm32h7xx_hal_adc.o(.text.ADC_DMAHalfConvCplt)
    [Anonymous Symbol]                       0x08000580   Section        0  stm32h7xx_hal_adc.o(.text.ADC_Disable)
    [Anonymous Symbol]                       0x080005f8   Section        0  adc_driver.o(.text.ADC_DisplayOnLCD)
    [Anonymous Symbol]                       0x08000a10   Section        0  stm32h7xx_hal_adc.o(.text.ADC_Enable)
    [Anonymous Symbol]                       0x08000ac0   Section        0  stm32h7xx_it.o(.text.ADC_IRQHandler)
    [Anonymous Symbol]                       0x08000ae0   Section        0  stm32h7xx_it.o(.text.BusFault_Handler)
    [Anonymous Symbol]                       0x08000ae8   Section        0  stm32h7xx_it.o(.text.DMA1_Stream0_IRQHandler)
    [Anonymous Symbol]                       0x08000af8   Section        0  stm32h7xx_it.o(.text.DMA1_Stream1_IRQHandler)
    DMA_CalcBaseAndBitshift                  0x08000b09   Thumb Code   288  stm32h7xx_hal_dma.o(.text.DMA_CalcBaseAndBitshift)
    [Anonymous Symbol]                       0x08000b08   Section        0  stm32h7xx_hal_dma.o(.text.DMA_CalcBaseAndBitshift)
    DMA_CalcBaseAndBitshift.flagBitshiftOffset 0x08000c28   Number         0  stm32h7xx_hal_dma.o(.text.DMA_CalcBaseAndBitshift)
    DMA_SetConfig                            0x08000c31   Thumb Code   776  stm32h7xx_hal_dma.o(.text.DMA_SetConfig)
    [Anonymous Symbol]                       0x08000c30   Section        0  stm32h7xx_hal_dma.o(.text.DMA_SetConfig)
    [Anonymous Symbol]                       0x08000f38   Section        0  stm32h7xx_it.o(.text.DebugMon_Handler)
    [Anonymous Symbol]                       0x08000f40   Section        0  main.o(.text.Error_Handler)
    [Anonymous Symbol]                       0x08000f48   Section        0  system_stm32h7xx.o(.text.ExitRun0Mode)
    [Anonymous Symbol]                       0x08000f78   Section        0  stm32h7xx_hal_adc_ex.o(.text.HAL_ADCEx_Calibration_Start)
    [Anonymous Symbol]                       0x08001050   Section        0  stm32h7xx_hal_adc_ex.o(.text.HAL_ADCEx_EndOfSamplingCallback)
    [Anonymous Symbol]                       0x08001058   Section        0  stm32h7xx_hal_adc_ex.o(.text.HAL_ADCEx_InjectedConvCpltCallback)
    [Anonymous Symbol]                       0x08001060   Section        0  stm32h7xx_hal_adc_ex.o(.text.HAL_ADCEx_InjectedQueueOverflowCallback)
    [Anonymous Symbol]                       0x08001068   Section        0  stm32h7xx_hal_adc_ex.o(.text.HAL_ADCEx_LevelOutOfWindow2Callback)
    [Anonymous Symbol]                       0x08001070   Section        0  stm32h7xx_hal_adc_ex.o(.text.HAL_ADCEx_LevelOutOfWindow3Callback)
    [Anonymous Symbol]                       0x08001078   Section        0  stm32h7xx_hal_adc_ex.o(.text.HAL_ADCEx_MultiModeConfigChannel)
    [Anonymous Symbol]                       0x08001130   Section        0  stm32h7xx_hal_adc_ex.o(.text.HAL_ADCEx_MultiModeStart_DMA)
    [Anonymous Symbol]                       0x08001248   Section        0  stm32h7xx_hal_adc.o(.text.HAL_ADC_ConfigChannel)
    [Anonymous Symbol]                       0x08001738   Section        0  main.o(.text.HAL_ADC_ConvCpltCallback)
    [Anonymous Symbol]                       0x080018e8   Section        0  stm32h7xx_hal_adc.o(.text.HAL_ADC_ConvHalfCpltCallback)
    [Anonymous Symbol]                       0x080018f0   Section        0  stm32h7xx_hal_adc.o(.text.HAL_ADC_ErrorCallback)
    [Anonymous Symbol]                       0x080018f8   Section        0  stm32h7xx_hal_adc.o(.text.HAL_ADC_IRQHandler)
    [Anonymous Symbol]                       0x08001bc8   Section        0  stm32h7xx_hal_adc.o(.text.HAL_ADC_Init)
    [Anonymous Symbol]                       0x08001e20   Section        0  stm32h7xx_hal_adc.o(.text.HAL_ADC_LevelOutOfWindowCallback)
    [Anonymous Symbol]                       0x08001e28   Section        0  adc.o(.text.HAL_ADC_MspInit)
    [Anonymous Symbol]                       0x08001f98   Section        0  stm32h7xx_hal_dma.o(.text.HAL_DMA_Abort_IT)
    [Anonymous Symbol]                       0x08002250   Section        0  stm32h7xx_hal_dma.o(.text.HAL_DMA_IRQHandler)
    [Anonymous Symbol]                       0x08002a78   Section        0  stm32h7xx_hal_dma.o(.text.HAL_DMA_Init)
    [Anonymous Symbol]                       0x080030d8   Section        0  stm32h7xx_hal_dma.o(.text.HAL_DMA_Start_IT)
    [Anonymous Symbol]                       0x08003488   Section        0  stm32h7xx_hal.o(.text.HAL_Delay)
    [Anonymous Symbol]                       0x080034b0   Section        0  stm32h7xx_hal_gpio.o(.text.HAL_GPIO_Init)
    [Anonymous Symbol]                       0x08003698   Section        0  stm32h7xx_hal_gpio.o(.text.HAL_GPIO_WritePin)
    [Anonymous Symbol]                       0x080036a8   Section        0  stm32h7xx_hal.o(.text.HAL_GetREVID)
    [Anonymous Symbol]                       0x080036b8   Section        0  stm32h7xx_hal.o(.text.HAL_GetTick)
    [Anonymous Symbol]                       0x080036c8   Section        0  stm32h7xx_hal.o(.text.HAL_IncTick)
    [Anonymous Symbol]                       0x080036e8   Section        0  stm32h7xx_hal.o(.text.HAL_Init)
    [Anonymous Symbol]                       0x08003750   Section        0  stm32h7xx_hal.o(.text.HAL_InitTick)
    [Anonymous Symbol]                       0x080037a0   Section        0  stm32h7xx_hal_cortex.o(.text.HAL_MPU_ConfigRegion)
    [Anonymous Symbol]                       0x08003800   Section        0  stm32h7xx_hal_cortex.o(.text.HAL_MPU_Disable)
    [Anonymous Symbol]                       0x08003820   Section        0  stm32h7xx_hal_cortex.o(.text.HAL_MPU_Enable)
    [Anonymous Symbol]                       0x08003840   Section        0  stm32h7xx_hal_msp.o(.text.HAL_MspInit)
    [Anonymous Symbol]                       0x08003860   Section        0  stm32h7xx_hal_cortex.o(.text.HAL_NVIC_EnableIRQ)
    [Anonymous Symbol]                       0x08003888   Section        0  stm32h7xx_hal_cortex.o(.text.HAL_NVIC_SetPriority)
    [Anonymous Symbol]                       0x080038e8   Section        0  stm32h7xx_hal_cortex.o(.text.HAL_NVIC_SetPriorityGrouping)
    [Anonymous Symbol]                       0x08003908   Section        0  stm32h7xx_hal_pwr_ex.o(.text.HAL_PWREx_ConfigSupply)
    [Anonymous Symbol]                       0x08003958   Section        0  stm32h7xx_hal_rcc_ex.o(.text.HAL_RCCEx_GetPLL1ClockFreq)
    [Anonymous Symbol]                       0x08003a88   Section        0  stm32h7xx_hal_rcc_ex.o(.text.HAL_RCCEx_GetPLL2ClockFreq)
    [Anonymous Symbol]                       0x08003bb0   Section        0  stm32h7xx_hal_rcc_ex.o(.text.HAL_RCCEx_GetPLL3ClockFreq)
    [Anonymous Symbol]                       0x08003cd8   Section        0  stm32h7xx_hal_rcc_ex.o(.text.HAL_RCCEx_GetPeriphCLKFreq)
    [Anonymous Symbol]                       0x08004088   Section        0  stm32h7xx_hal_rcc_ex.o(.text.HAL_RCCEx_PeriphCLKConfig)
    [Anonymous Symbol]                       0x08004b98   Section        0  stm32h7xx_hal_rcc.o(.text.HAL_RCC_ClockConfig)
    [Anonymous Symbol]                       0x08004df0   Section        0  stm32h7xx_hal_rcc.o(.text.HAL_RCC_GetHCLKFreq)
    [Anonymous Symbol]                       0x08004e40   Section        0  stm32h7xx_hal_rcc.o(.text.HAL_RCC_GetPCLK1Freq)
    [Anonymous Symbol]                       0x08004ea0   Section        0  stm32h7xx_hal_rcc.o(.text.HAL_RCC_GetSysClockFreq)
    [Anonymous Symbol]                       0x08004fc0   Section        0  stm32h7xx_hal_rcc.o(.text.HAL_RCC_OscConfig)
    [Anonymous Symbol]                       0x08005530   Section        0  stm32h7xx_hal_spi.o(.text.HAL_SPI_ErrorCallback)
    [Anonymous Symbol]                       0x08005538   Section        0  stm32h7xx_hal_spi.o(.text.HAL_SPI_IRQHandler)
    [Anonymous Symbol]                       0x08005788   Section        0  stm32h7xx_hal_spi.o(.text.HAL_SPI_Init)
    [Anonymous Symbol]                       0x08005948   Section        0  spi.o(.text.HAL_SPI_MspInit)
    [Anonymous Symbol]                       0x08005a68   Section        0  stm32h7xx_hal_spi.o(.text.HAL_SPI_RxCpltCallback)
    [Anonymous Symbol]                       0x08005a70   Section        0  stm32h7xx_hal_spi.o(.text.HAL_SPI_SuspendCallback)
    [Anonymous Symbol]                       0x08005a78   Section        0  stm32h7xx_hal_spi.o(.text.HAL_SPI_Transmit)
    [Anonymous Symbol]                       0x08005d10   Section        0  ili9488.o(.text.HAL_SPI_TxCpltCallback)
    [Anonymous Symbol]                       0x08005d40   Section        0  stm32h7xx_hal_spi.o(.text.HAL_SPI_TxRxCpltCallback)
    [Anonymous Symbol]                       0x08005d48   Section        0  stm32h7xx_hal_cortex.o(.text.HAL_SYSTICK_Config)
    [Anonymous Symbol]                       0x08005d78   Section        0  stm32h7xx_hal_tim_ex.o(.text.HAL_TIMEx_MasterConfigSynchronization)
    [Anonymous Symbol]                       0x08005e48   Section        0  stm32h7xx_hal_tim.o(.text.HAL_TIM_Base_Init)
    [Anonymous Symbol]                       0x08005ea8   Section        0  tim.o(.text.HAL_TIM_Base_MspInit)
    [Anonymous Symbol]                       0x08005ed8   Section        0  stm32h7xx_hal_tim.o(.text.HAL_TIM_Base_Start)
    [Anonymous Symbol]                       0x08005f88   Section        0  stm32h7xx_hal_tim.o(.text.HAL_TIM_ConfigClockSource)
    [Anonymous Symbol]                       0x08006248   Section        0  stm32h7xx_it.o(.text.HardFault_Handler)
    [Anonymous Symbol]                       0x08006250   Section        0  ili9488.o(.text.LCD_DrawString)
    [Anonymous Symbol]                       0x080064f8   Section        0  ili9488.o(.text.LCD_FillColor)
    [Anonymous Symbol]                       0x08006718   Section        0  ili9488.o(.text.LCD_FillRect)
    [Anonymous Symbol]                       0x08006968   Section        0  ili9488.o(.text.LCD_Init)
    [Anonymous Symbol]                       0x08007448   Section        0  ili9488.o(.text.LCD_SetRotation)
    [Anonymous Symbol]                       0x08007518   Section        0  ili9488.o(.text.LCD_SetWindow)
    [Anonymous Symbol]                       0x08007818   Section        0  adc.o(.text.MX_ADC1_Init)
    [Anonymous Symbol]                       0x080078e0   Section        0  adc.o(.text.MX_ADC2_Init)
    [Anonymous Symbol]                       0x08007960   Section        0  dma.o(.text.MX_DMA_Init)
    [Anonymous Symbol]                       0x080079a8   Section        0  gpio.o(.text.MX_GPIO_Init)
    [Anonymous Symbol]                       0x08007aa8   Section        0  spi.o(.text.MX_SPI1_Init)
    [Anonymous Symbol]                       0x08007b10   Section        0  tim.o(.text.MX_TIM3_Init)
    [Anonymous Symbol]                       0x08007b88   Section        0  stm32h7xx_it.o(.text.MemManage_Handler)
    [Anonymous Symbol]                       0x08007b90   Section        0  stm32h7xx_it.o(.text.NMI_Handler)
    [Anonymous Symbol]                       0x08007b98   Section        0  stm32h7xx_it.o(.text.PendSV_Handler)
    RCCEx_PLL2_Config                        0x08007ba1   Thumb Code   290  stm32h7xx_hal_rcc_ex.o(.text.RCCEx_PLL2_Config)
    [Anonymous Symbol]                       0x08007ba0   Section        0  stm32h7xx_hal_rcc_ex.o(.text.RCCEx_PLL2_Config)
    RCCEx_PLL3_Config                        0x08007cc9   Thumb Code   290  stm32h7xx_hal_rcc_ex.o(.text.RCCEx_PLL3_Config)
    [Anonymous Symbol]                       0x08007cc8   Section        0  stm32h7xx_hal_rcc_ex.o(.text.RCCEx_PLL3_Config)
    [Anonymous Symbol]                       0x08007df0   Section        0  stm32h7xx_it.o(.text.SPI1_IRQHandler)
    SPI_CloseTransfer                        0x08007e01   Thumb Code   208  stm32h7xx_hal_spi.o(.text.SPI_CloseTransfer)
    [Anonymous Symbol]                       0x08007e00   Section        0  stm32h7xx_hal_spi.o(.text.SPI_CloseTransfer)
    SPI_DMAAbortOnError                      0x08007ed1   Thumb Code    22  stm32h7xx_hal_spi.o(.text.SPI_DMAAbortOnError)
    [Anonymous Symbol]                       0x08007ed0   Section        0  stm32h7xx_hal_spi.o(.text.SPI_DMAAbortOnError)
    [Anonymous Symbol]                       0x08007ee8   Section        0  stm32h7xx_it.o(.text.SVC_Handler)
    [Anonymous Symbol]                       0x08007ef0   Section        0  stm32h7xx_it.o(.text.SysTick_Handler)
    [Anonymous Symbol]                       0x08007ef8   Section        0  main.o(.text.SystemClock_Config)
    [Anonymous Symbol]                       0x08007fd8   Section        0  system_stm32h7xx.o(.text.SystemInit)
    [Anonymous Symbol]                       0x080080c8   Section        0  stm32h7xx_hal_tim.o(.text.TIM_Base_SetConfig)
    [Anonymous Symbol]                       0x08008218   Section        0  stm32h7xx_it.o(.text.UsageFault_Handler)
    [Anonymous Symbol]                       0x08008220   Section        0  main.o(.text.main)
    i.__0snprintf$4                          0x08008388   Section        0  printf4.o(i.__0snprintf$4)
    i.__scatterload_copy                     0x080083bc   Section       14  handlers.o(i.__scatterload_copy)
    i.__scatterload_null                     0x080083ca   Section        2  handlers.o(i.__scatterload_null)
    i.__scatterload_zeroinit                 0x080083cc   Section       14  handlers.o(i.__scatterload_zeroinit)
    _printf_core                             0x080083dd   Thumb Code   552  printf4.o(i._printf_core)
    i._printf_core                           0x080083dc   Section        0  printf4.o(i._printf_core)
    _snputc                                  0x08008609   Thumb Code    22  printf4.o(i._snputc)
    i._snputc                                0x08008608   Section        0  printf4.o(i._snputc)
    font6x8                                  0x0800862e   Data         576  ili9488.o(.rodata.font6x8)
    [Anonymous Symbol]                       0x0800862e   Section        0  ili9488.o(.rodata.font6x8)
    .L_MergedGlobals                         0x24000010   Data           8  stm32h7xx_hal.o(.data..L_MergedGlobals)
    [Anonymous Symbol]                       0x24000010   Section        0  stm32h7xx_hal.o(.data..L_MergedGlobals)
    .L_MergedGlobals                         0x24000018   Data           8  system_stm32h7xx.o(.data..L_MergedGlobals)
    [Anonymous Symbol]                       0x24000018   Section        0  system_stm32h7xx.o(.data..L_MergedGlobals)
    .L_MergedGlobals                         0x24000020   Data           8  ili9488.o(.bss..L_MergedGlobals)
    dma_complete_flag                        0x24000020   Data           1  ili9488.o(.bss..L_MergedGlobals)
    [Anonymous Symbol]                       0x24000020   Section        0  ili9488.o(.bss..L_MergedGlobals)
    dma_state                                0x24000021   Data           1  ili9488.o(.bss..L_MergedGlobals)
    dma_callback                             0x24000024   Data           4  ili9488.o(.bss..L_MergedGlobals)
    .L_MergedGlobals                         0x24000028   Data          16  main.o(.bss..L_MergedGlobals)
    [Anonymous Symbol]                       0x24000028   Section        0  main.o(.bss..L_MergedGlobals)
    .L_MergedGlobals                         0x24000038   Data         124  adc.o(.bss..L_MergedGlobals)
    HAL_RCC_ADC12_CLK_ENABLED                0x24000038   Data           4  adc.o(.bss..L_MergedGlobals)
    [Anonymous Symbol]                       0x24000038   Section        0  adc.o(.bss..L_MergedGlobals)
    lcd_rotation                             0x24000a48   Data           1  ili9488.o(.bss.lcd_rotation)
    [Anonymous Symbol]                       0x24000a48   Section        0  ili9488.o(.bss.lcd_rotation)
    STACK                                    0x24000a50   Section    16384  startup_stm32h743xx.o(STACK)

    Global Symbols

    Symbol Name                              Value     Ov Type        Size  Object(Section)

    BuildAttributes$$THM_ISAv4$E$P$D$K$B$S$7EM$VFPv5_D16$PE$PLD8$A:L22UL41UL21$X:L11$S22US41US21$IEEE1$IW$~IW$USESV6$~STKCKD$USESV7$~SHL$OTIME$ROPI$EBA8$MICROLIB$REQ8$PRES8$EABIv2 0x00000000   Number         0  anon$$obj.o ABSOLUTE
    _printf_a                                0x00000000   Number         0  printfstubs.o ABSOLUTE
    _printf_c                                0x00000000   Number         0  printfstubs.o ABSOLUTE
    _printf_charcount                        0x00000000   Number         0  printfstubs.o ABSOLUTE
    _printf_d                                0x00000000   Number         0  printfstubs.o ABSOLUTE
    _printf_e                                0x00000000   Number         0  printfstubs.o ABSOLUTE
    _printf_f                                0x00000000   Number         0  printfstubs.o ABSOLUTE
    _printf_flags                            0x00000000   Number         0  printfstubs.o ABSOLUTE
    _printf_fp_dec                           0x00000000   Number         0  printfstubs.o ABSOLUTE
    _printf_fp_hex                           0x00000000   Number         0  printfstubs.o ABSOLUTE
    _printf_g                                0x00000000   Number         0  printfstubs.o ABSOLUTE
    _printf_i                                0x00000000   Number         0  printfstubs.o ABSOLUTE
    _printf_int_dec                          0x00000000   Number         0  printfstubs.o ABSOLUTE
    _printf_l                                0x00000000   Number         0  printfstubs.o ABSOLUTE
    _printf_lc                               0x00000000   Number         0  printfstubs.o ABSOLUTE
    _printf_ll                               0x00000000   Number         0  printfstubs.o ABSOLUTE
    _printf_lld                              0x00000000   Number         0  printfstubs.o ABSOLUTE
    _printf_lli                              0x00000000   Number         0  printfstubs.o ABSOLUTE
    _printf_llo                              0x00000000   Number         0  printfstubs.o ABSOLUTE
    _printf_llu                              0x00000000   Number         0  printfstubs.o ABSOLUTE
    _printf_llx                              0x00000000   Number         0  printfstubs.o ABSOLUTE
    _printf_longlong_dec                     0x00000000   Number         0  printfstubs.o ABSOLUTE
    _printf_longlong_hex                     0x00000000   Number         0  printfstubs.o ABSOLUTE
    _printf_longlong_oct                     0x00000000   Number         0  printfstubs.o ABSOLUTE
    _printf_ls                               0x00000000   Number         0  printfstubs.o ABSOLUTE
    _printf_mbtowc                           0x00000000   Number         0  printfstubs.o ABSOLUTE
    _printf_n                                0x00000000   Number         0  printfstubs.o ABSOLUTE
    _printf_o                                0x00000000   Number         0  printfstubs.o ABSOLUTE
    _printf_p                                0x00000000   Number         0  printfstubs.o ABSOLUTE
    _printf_percent                          0x00000000   Number         0  printfstubs.o ABSOLUTE
    _printf_pre_padding                      0x00000000   Number         0  printfstubs.o ABSOLUTE
    _printf_return_value                     0x00000000   Number         0  printfstubs.o ABSOLUTE
    _printf_s                                0x00000000   Number         0  printfstubs.o ABSOLUTE
    _printf_sizespec                         0x00000000   Number         0  printfstubs.o ABSOLUTE
    _printf_str                              0x00000000   Number         0  printfstubs.o ABSOLUTE
    _printf_truncate_signed                  0x00000000   Number         0  printfstubs.o ABSOLUTE
    _printf_truncate_unsigned                0x00000000   Number         0  printfstubs.o ABSOLUTE
    _printf_u                                0x00000000   Number         0  printfstubs.o ABSOLUTE
    _printf_wc                               0x00000000   Number         0  printfstubs.o ABSOLUTE
    _printf_wctomb                           0x00000000   Number         0  printfstubs.o ABSOLUTE
    _printf_widthprec                        0x00000000   Number         0  printfstubs.o ABSOLUTE
    _printf_x                                0x00000000   Number         0  printfstubs.o ABSOLUTE
    __cpp_initialize__aeabi_                  - Undefined Weak Reference
    __cxa_finalize                            - Undefined Weak Reference
    __decompress                              - Undefined Weak Reference
    _clock_init                               - Undefined Weak Reference
    _microlib_exit                            - Undefined Weak Reference
    __Vectors_Size                           0x00000298   Number         0  startup_stm32h743xx.o ABSOLUTE
    __Vectors                                0x08000000   Data           4  startup_stm32h743xx.o(RESET)
    __Vectors_End                            0x08000298   Data           0  startup_stm32h743xx.o(RESET)
    __main                                   0x08000299   Thumb Code     0  entry.o(.ARM.Collect$$$$00000000)
    _main_stk                                0x08000299   Thumb Code     0  entry2.o(.ARM.Collect$$$$00000001)
    _main_scatterload                        0x0800029d   Thumb Code     0  entry5.o(.ARM.Collect$$$$00000004)
    __main_after_scatterload                 0x080002a1   Thumb Code     0  entry5.o(.ARM.Collect$$$$00000004)
    _main_clock                              0x080002a1   Thumb Code     0  entry7b.o(.ARM.Collect$$$$00000008)
    _main_cpp_init                           0x080002a1   Thumb Code     0  entry8b.o(.ARM.Collect$$$$0000000A)
    _main_init                               0x080002a1   Thumb Code     0  entry9a.o(.ARM.Collect$$$$0000000B)
    __rt_final_cpp                           0x080002a9   Thumb Code     0  entry10a.o(.ARM.Collect$$$$0000000D)
    __rt_final_exit                          0x080002a9   Thumb Code     0  entry11a.o(.ARM.Collect$$$$0000000F)
    Reset_Handler                            0x080002ad   Thumb Code    12  startup_stm32h743xx.o(.text)
    ADC3_IRQHandler                          0x080002cb   Thumb Code     0  startup_stm32h743xx.o(.text)
    BDMA_Channel0_IRQHandler                 0x080002cb   Thumb Code     0  startup_stm32h743xx.o(.text)
    BDMA_Channel1_IRQHandler                 0x080002cb   Thumb Code     0  startup_stm32h743xx.o(.text)
    BDMA_Channel2_IRQHandler                 0x080002cb   Thumb Code     0  startup_stm32h743xx.o(.text)
    BDMA_Channel3_IRQHandler                 0x080002cb   Thumb Code     0  startup_stm32h743xx.o(.text)
    BDMA_Channel4_IRQHandler                 0x080002cb   Thumb Code     0  startup_stm32h743xx.o(.text)
    BDMA_Channel5_IRQHandler                 0x080002cb   Thumb Code     0  startup_stm32h743xx.o(.text)
    BDMA_Channel6_IRQHandler                 0x080002cb   Thumb Code     0  startup_stm32h743xx.o(.text)
    BDMA_Channel7_IRQHandler                 0x080002cb   Thumb Code     0  startup_stm32h743xx.o(.text)
    CEC_IRQHandler                           0x080002cb   Thumb Code     0  startup_stm32h743xx.o(.text)
    COMP1_IRQHandler                         0x080002cb   Thumb Code     0  startup_stm32h743xx.o(.text)
    CRS_IRQHandler                           0x080002cb   Thumb Code     0  startup_stm32h743xx.o(.text)
    DCMI_IRQHandler                          0x080002cb   Thumb Code     0  startup_stm32h743xx.o(.text)
    DFSDM1_FLT0_IRQHandler                   0x080002cb   Thumb Code     0  startup_stm32h743xx.o(.text)
    DFSDM1_FLT1_IRQHandler                   0x080002cb   Thumb Code     0  startup_stm32h743xx.o(.text)
    DFSDM1_FLT2_IRQHandler                   0x080002cb   Thumb Code     0  startup_stm32h743xx.o(.text)
    DFSDM1_FLT3_IRQHandler                   0x080002cb   Thumb Code     0  startup_stm32h743xx.o(.text)
    DMA1_Stream2_IRQHandler                  0x080002cb   Thumb Code     0  startup_stm32h743xx.o(.text)
    DMA1_Stream3_IRQHandler                  0x080002cb   Thumb Code     0  startup_stm32h743xx.o(.text)
    DMA1_Stream4_IRQHandler                  0x080002cb   Thumb Code     0  startup_stm32h743xx.o(.text)
    DMA1_Stream5_IRQHandler                  0x080002cb   Thumb Code     0  startup_stm32h743xx.o(.text)
    DMA1_Stream6_IRQHandler                  0x080002cb   Thumb Code     0  startup_stm32h743xx.o(.text)
    DMA1_Stream7_IRQHandler                  0x080002cb   Thumb Code     0  startup_stm32h743xx.o(.text)
    DMA2D_IRQHandler                         0x080002cb   Thumb Code     0  startup_stm32h743xx.o(.text)
    DMA2_Stream0_IRQHandler                  0x080002cb   Thumb Code     0  startup_stm32h743xx.o(.text)
    DMA2_Stream1_IRQHandler                  0x080002cb   Thumb Code     0  startup_stm32h743xx.o(.text)
    DMA2_Stream2_IRQHandler                  0x080002cb   Thumb Code     0  startup_stm32h743xx.o(.text)
    DMA2_Stream3_IRQHandler                  0x080002cb   Thumb Code     0  startup_stm32h743xx.o(.text)
    DMA2_Stream4_IRQHandler                  0x080002cb   Thumb Code     0  startup_stm32h743xx.o(.text)
    DMA2_Stream5_IRQHandler                  0x080002cb   Thumb Code     0  startup_stm32h743xx.o(.text)
    DMA2_Stream6_IRQHandler                  0x080002cb   Thumb Code     0  startup_stm32h743xx.o(.text)
    DMA2_Stream7_IRQHandler                  0x080002cb   Thumb Code     0  startup_stm32h743xx.o(.text)
    DMAMUX1_OVR_IRQHandler                   0x080002cb   Thumb Code     0  startup_stm32h743xx.o(.text)
    DMAMUX2_OVR_IRQHandler                   0x080002cb   Thumb Code     0  startup_stm32h743xx.o(.text)
    ECC_IRQHandler                           0x080002cb   Thumb Code     0  startup_stm32h743xx.o(.text)
    ETH_IRQHandler                           0x080002cb   Thumb Code     0  startup_stm32h743xx.o(.text)
    ETH_WKUP_IRQHandler                      0x080002cb   Thumb Code     0  startup_stm32h743xx.o(.text)
    EXTI0_IRQHandler                         0x080002cb   Thumb Code     0  startup_stm32h743xx.o(.text)
    EXTI15_10_IRQHandler                     0x080002cb   Thumb Code     0  startup_stm32h743xx.o(.text)
    EXTI1_IRQHandler                         0x080002cb   Thumb Code     0  startup_stm32h743xx.o(.text)
    EXTI2_IRQHandler                         0x080002cb   Thumb Code     0  startup_stm32h743xx.o(.text)
    EXTI3_IRQHandler                         0x080002cb   Thumb Code     0  startup_stm32h743xx.o(.text)
    EXTI4_IRQHandler                         0x080002cb   Thumb Code     0  startup_stm32h743xx.o(.text)
    EXTI9_5_IRQHandler                       0x080002cb   Thumb Code     0  startup_stm32h743xx.o(.text)
    FDCAN1_IT0_IRQHandler                    0x080002cb   Thumb Code     0  startup_stm32h743xx.o(.text)
    FDCAN1_IT1_IRQHandler                    0x080002cb   Thumb Code     0  startup_stm32h743xx.o(.text)
    FDCAN2_IT0_IRQHandler                    0x080002cb   Thumb Code     0  startup_stm32h743xx.o(.text)
    FDCAN2_IT1_IRQHandler                    0x080002cb   Thumb Code     0  startup_stm32h743xx.o(.text)
    FDCAN_CAL_IRQHandler                     0x080002cb   Thumb Code     0  startup_stm32h743xx.o(.text)
    FLASH_IRQHandler                         0x080002cb   Thumb Code     0  startup_stm32h743xx.o(.text)
    FMC_IRQHandler                           0x080002cb   Thumb Code     0  startup_stm32h743xx.o(.text)
    FPU_IRQHandler                           0x080002cb   Thumb Code     0  startup_stm32h743xx.o(.text)
    HRTIM1_FLT_IRQHandler                    0x080002cb   Thumb Code     0  startup_stm32h743xx.o(.text)
    HRTIM1_Master_IRQHandler                 0x080002cb   Thumb Code     0  startup_stm32h743xx.o(.text)
    HRTIM1_TIMA_IRQHandler                   0x080002cb   Thumb Code     0  startup_stm32h743xx.o(.text)
    HRTIM1_TIMB_IRQHandler                   0x080002cb   Thumb Code     0  startup_stm32h743xx.o(.text)
    HRTIM1_TIMC_IRQHandler                   0x080002cb   Thumb Code     0  startup_stm32h743xx.o(.text)
    HRTIM1_TIMD_IRQHandler                   0x080002cb   Thumb Code     0  startup_stm32h743xx.o(.text)
    HRTIM1_TIME_IRQHandler                   0x080002cb   Thumb Code     0  startup_stm32h743xx.o(.text)
    HSEM1_IRQHandler                         0x080002cb   Thumb Code     0  startup_stm32h743xx.o(.text)
    I2C1_ER_IRQHandler                       0x080002cb   Thumb Code     0  startup_stm32h743xx.o(.text)
    I2C1_EV_IRQHandler                       0x080002cb   Thumb Code     0  startup_stm32h743xx.o(.text)
    I2C2_ER_IRQHandler                       0x080002cb   Thumb Code     0  startup_stm32h743xx.o(.text)
    I2C2_EV_IRQHandler                       0x080002cb   Thumb Code     0  startup_stm32h743xx.o(.text)
    I2C3_ER_IRQHandler                       0x080002cb   Thumb Code     0  startup_stm32h743xx.o(.text)
    I2C3_EV_IRQHandler                       0x080002cb   Thumb Code     0  startup_stm32h743xx.o(.text)
    I2C4_ER_IRQHandler                       0x080002cb   Thumb Code     0  startup_stm32h743xx.o(.text)
    I2C4_EV_IRQHandler                       0x080002cb   Thumb Code     0  startup_stm32h743xx.o(.text)
    JPEG_IRQHandler                          0x080002cb   Thumb Code     0  startup_stm32h743xx.o(.text)
    LPTIM1_IRQHandler                        0x080002cb   Thumb Code     0  startup_stm32h743xx.o(.text)
    LPTIM2_IRQHandler                        0x080002cb   Thumb Code     0  startup_stm32h743xx.o(.text)
    LPTIM3_IRQHandler                        0x080002cb   Thumb Code     0  startup_stm32h743xx.o(.text)
    LPTIM4_IRQHandler                        0x080002cb   Thumb Code     0  startup_stm32h743xx.o(.text)
    LPTIM5_IRQHandler                        0x080002cb   Thumb Code     0  startup_stm32h743xx.o(.text)
    LPUART1_IRQHandler                       0x080002cb   Thumb Code     0  startup_stm32h743xx.o(.text)
    LTDC_ER_IRQHandler                       0x080002cb   Thumb Code     0  startup_stm32h743xx.o(.text)
    LTDC_IRQHandler                          0x080002cb   Thumb Code     0  startup_stm32h743xx.o(.text)
    MDIOS_IRQHandler                         0x080002cb   Thumb Code     0  startup_stm32h743xx.o(.text)
    MDIOS_WKUP_IRQHandler                    0x080002cb   Thumb Code     0  startup_stm32h743xx.o(.text)
    MDMA_IRQHandler                          0x080002cb   Thumb Code     0  startup_stm32h743xx.o(.text)
    OTG_FS_EP1_IN_IRQHandler                 0x080002cb   Thumb Code     0  startup_stm32h743xx.o(.text)
    OTG_FS_EP1_OUT_IRQHandler                0x080002cb   Thumb Code     0  startup_stm32h743xx.o(.text)
    OTG_FS_IRQHandler                        0x080002cb   Thumb Code     0  startup_stm32h743xx.o(.text)
    OTG_FS_WKUP_IRQHandler                   0x080002cb   Thumb Code     0  startup_stm32h743xx.o(.text)
    OTG_HS_EP1_IN_IRQHandler                 0x080002cb   Thumb Code     0  startup_stm32h743xx.o(.text)
    OTG_HS_EP1_OUT_IRQHandler                0x080002cb   Thumb Code     0  startup_stm32h743xx.o(.text)
    OTG_HS_IRQHandler                        0x080002cb   Thumb Code     0  startup_stm32h743xx.o(.text)
    OTG_HS_WKUP_IRQHandler                   0x080002cb   Thumb Code     0  startup_stm32h743xx.o(.text)
    PVD_AVD_IRQHandler                       0x080002cb   Thumb Code     0  startup_stm32h743xx.o(.text)
    QUADSPI_IRQHandler                       0x080002cb   Thumb Code     0  startup_stm32h743xx.o(.text)
    RCC_IRQHandler                           0x080002cb   Thumb Code     0  startup_stm32h743xx.o(.text)
    RNG_IRQHandler                           0x080002cb   Thumb Code     0  startup_stm32h743xx.o(.text)
    RTC_Alarm_IRQHandler                     0x080002cb   Thumb Code     0  startup_stm32h743xx.o(.text)
    RTC_WKUP_IRQHandler                      0x080002cb   Thumb Code     0  startup_stm32h743xx.o(.text)
    SAI1_IRQHandler                          0x080002cb   Thumb Code     0  startup_stm32h743xx.o(.text)
    SAI2_IRQHandler                          0x080002cb   Thumb Code     0  startup_stm32h743xx.o(.text)
    SAI3_IRQHandler                          0x080002cb   Thumb Code     0  startup_stm32h743xx.o(.text)
    SAI4_IRQHandler                          0x080002cb   Thumb Code     0  startup_stm32h743xx.o(.text)
    SDMMC1_IRQHandler                        0x080002cb   Thumb Code     0  startup_stm32h743xx.o(.text)
    SDMMC2_IRQHandler                        0x080002cb   Thumb Code     0  startup_stm32h743xx.o(.text)
    SPDIF_RX_IRQHandler                      0x080002cb   Thumb Code     0  startup_stm32h743xx.o(.text)
    SPI2_IRQHandler                          0x080002cb   Thumb Code     0  startup_stm32h743xx.o(.text)
    SPI3_IRQHandler                          0x080002cb   Thumb Code     0  startup_stm32h743xx.o(.text)
    SPI4_IRQHandler                          0x080002cb   Thumb Code     0  startup_stm32h743xx.o(.text)
    SPI5_IRQHandler                          0x080002cb   Thumb Code     0  startup_stm32h743xx.o(.text)
    SPI6_IRQHandler                          0x080002cb   Thumb Code     0  startup_stm32h743xx.o(.text)
    SWPMI1_IRQHandler                        0x080002cb   Thumb Code     0  startup_stm32h743xx.o(.text)
    TAMP_STAMP_IRQHandler                    0x080002cb   Thumb Code     0  startup_stm32h743xx.o(.text)
    TIM15_IRQHandler                         0x080002cb   Thumb Code     0  startup_stm32h743xx.o(.text)
    TIM16_IRQHandler                         0x080002cb   Thumb Code     0  startup_stm32h743xx.o(.text)
    TIM17_IRQHandler                         0x080002cb   Thumb Code     0  startup_stm32h743xx.o(.text)
    TIM1_BRK_IRQHandler                      0x080002cb   Thumb Code     0  startup_stm32h743xx.o(.text)
    TIM1_CC_IRQHandler                       0x080002cb   Thumb Code     0  startup_stm32h743xx.o(.text)
    TIM1_TRG_COM_IRQHandler                  0x080002cb   Thumb Code     0  startup_stm32h743xx.o(.text)
    TIM1_UP_IRQHandler                       0x080002cb   Thumb Code     0  startup_stm32h743xx.o(.text)
    TIM2_IRQHandler                          0x080002cb   Thumb Code     0  startup_stm32h743xx.o(.text)
    TIM3_IRQHandler                          0x080002cb   Thumb Code     0  startup_stm32h743xx.o(.text)
    TIM4_IRQHandler                          0x080002cb   Thumb Code     0  startup_stm32h743xx.o(.text)
    TIM5_IRQHandler                          0x080002cb   Thumb Code     0  startup_stm32h743xx.o(.text)
    TIM6_DAC_IRQHandler                      0x080002cb   Thumb Code     0  startup_stm32h743xx.o(.text)
    TIM7_IRQHandler                          0x080002cb   Thumb Code     0  startup_stm32h743xx.o(.text)
    TIM8_BRK_TIM12_IRQHandler                0x080002cb   Thumb Code     0  startup_stm32h743xx.o(.text)
    TIM8_CC_IRQHandler                       0x080002cb   Thumb Code     0  startup_stm32h743xx.o(.text)
    TIM8_TRG_COM_TIM14_IRQHandler            0x080002cb   Thumb Code     0  startup_stm32h743xx.o(.text)
    TIM8_UP_TIM13_IRQHandler                 0x080002cb   Thumb Code     0  startup_stm32h743xx.o(.text)
    UART4_IRQHandler                         0x080002cb   Thumb Code     0  startup_stm32h743xx.o(.text)
    UART5_IRQHandler                         0x080002cb   Thumb Code     0  startup_stm32h743xx.o(.text)
    UART7_IRQHandler                         0x080002cb   Thumb Code     0  startup_stm32h743xx.o(.text)
    UART8_IRQHandler                         0x080002cb   Thumb Code     0  startup_stm32h743xx.o(.text)
    USART1_IRQHandler                        0x080002cb   Thumb Code     0  startup_stm32h743xx.o(.text)
    USART2_IRQHandler                        0x080002cb   Thumb Code     0  startup_stm32h743xx.o(.text)
    USART3_IRQHandler                        0x080002cb   Thumb Code     0  startup_stm32h743xx.o(.text)
    USART6_IRQHandler                        0x080002cb   Thumb Code     0  startup_stm32h743xx.o(.text)
    WAKEUP_PIN_IRQHandler                    0x080002cb   Thumb Code     0  startup_stm32h743xx.o(.text)
    WWDG_IRQHandler                          0x080002cb   Thumb Code     0  startup_stm32h743xx.o(.text)
    __aeabi_memset                           0x080002d9   Thumb Code    14  memseta.o(.text)
    __aeabi_memset4                          0x080002d9   Thumb Code     0  memseta.o(.text)
    __aeabi_memset8                          0x080002d9   Thumb Code     0  memseta.o(.text)
    __aeabi_memclr                           0x080002e7   Thumb Code     4  memseta.o(.text)
    __aeabi_memclr4                          0x080002e7   Thumb Code     0  memseta.o(.text)
    __aeabi_memclr8                          0x080002e7   Thumb Code     0  memseta.o(.text)
    _memset$wrapper                          0x080002eb   Thumb Code    18  memseta.o(.text)
    __aeabi_uldivmod                         0x080002fd   Thumb Code    98  uldiv.o(.text)
    __scatterload                            0x08000361   Thumb Code    38  init.o(.text)
    __scatterload_rt2                        0x08000361   Thumb Code     0  init.o(.text)
    __aeabi_llsl                             0x08000391   Thumb Code    30  llshl.o(.text)
    _ll_shift_l                              0x08000391   Thumb Code     0  llshl.o(.text)
    __aeabi_llsr                             0x080003af   Thumb Code    32  llushr.o(.text)
    _ll_ushift_r                             0x080003af   Thumb Code     0  llushr.o(.text)
    ADC_ConfigureBoostMode                   0x080003d1   Thumb Code   300  stm32h7xx_hal_adc.o(.text.ADC_ConfigureBoostMode)
    ADC_DMAConvCplt                          0x08000501   Thumb Code    94  stm32h7xx_hal_adc.o(.text.ADC_DMAConvCplt)
    ADC_DMAError                             0x08000561   Thumb Code    22  stm32h7xx_hal_adc.o(.text.ADC_DMAError)
    ADC_DMAHalfConvCplt                      0x08000579   Thumb Code     6  stm32h7xx_hal_adc.o(.text.ADC_DMAHalfConvCplt)
    ADC_Disable                              0x08000581   Thumb Code   120  stm32h7xx_hal_adc.o(.text.ADC_Disable)
    ADC_DisplayOnLCD                         0x080005f9   Thumb Code   992  adc_driver.o(.text.ADC_DisplayOnLCD)
    ADC_Enable                               0x08000a11   Thumb Code   170  stm32h7xx_hal_adc.o(.text.ADC_Enable)
    ADC_IRQHandler                           0x08000ac1   Thumb Code    30  stm32h7xx_it.o(.text.ADC_IRQHandler)
    BusFault_Handler                         0x08000ae1   Thumb Code     2  stm32h7xx_it.o(.text.BusFault_Handler)
    DMA1_Stream0_IRQHandler                  0x08000ae9   Thumb Code    12  stm32h7xx_it.o(.text.DMA1_Stream0_IRQHandler)
    DMA1_Stream1_IRQHandler                  0x08000af9   Thumb Code    12  stm32h7xx_it.o(.text.DMA1_Stream1_IRQHandler)
    DebugMon_Handler                         0x08000f39   Thumb Code     2  stm32h7xx_it.o(.text.DebugMon_Handler)
    Error_Handler                            0x08000f41   Thumb Code     6  main.o(.text.Error_Handler)
    ExitRun0Mode                             0x08000f49   Thumb Code    44  system_stm32h7xx.o(.text.ExitRun0Mode)
    HAL_ADCEx_Calibration_Start              0x08000f79   Thumb Code   216  stm32h7xx_hal_adc_ex.o(.text.HAL_ADCEx_Calibration_Start)
    HAL_ADCEx_EndOfSamplingCallback          0x08001051   Thumb Code     2  stm32h7xx_hal_adc_ex.o(.text.HAL_ADCEx_EndOfSamplingCallback)
    HAL_ADCEx_InjectedConvCpltCallback       0x08001059   Thumb Code     2  stm32h7xx_hal_adc_ex.o(.text.HAL_ADCEx_InjectedConvCpltCallback)
    HAL_ADCEx_InjectedQueueOverflowCallback  0x08001061   Thumb Code     2  stm32h7xx_hal_adc_ex.o(.text.HAL_ADCEx_InjectedQueueOverflowCallback)
    HAL_ADCEx_LevelOutOfWindow2Callback      0x08001069   Thumb Code     2  stm32h7xx_hal_adc_ex.o(.text.HAL_ADCEx_LevelOutOfWindow2Callback)
    HAL_ADCEx_LevelOutOfWindow3Callback      0x08001071   Thumb Code     2  stm32h7xx_hal_adc_ex.o(.text.HAL_ADCEx_LevelOutOfWindow3Callback)
    HAL_ADCEx_MultiModeConfigChannel         0x08001079   Thumb Code   184  stm32h7xx_hal_adc_ex.o(.text.HAL_ADCEx_MultiModeConfigChannel)
    HAL_ADCEx_MultiModeStart_DMA             0x08001131   Thumb Code   276  stm32h7xx_hal_adc_ex.o(.text.HAL_ADCEx_MultiModeStart_DMA)
    HAL_ADC_ConfigChannel                    0x08001249   Thumb Code  1264  stm32h7xx_hal_adc.o(.text.HAL_ADC_ConfigChannel)
    HAL_ADC_ConvCpltCallback                 0x08001739   Thumb Code   420  main.o(.text.HAL_ADC_ConvCpltCallback)
    HAL_ADC_ConvHalfCpltCallback             0x080018e9   Thumb Code     2  stm32h7xx_hal_adc.o(.text.HAL_ADC_ConvHalfCpltCallback)
    HAL_ADC_ErrorCallback                    0x080018f1   Thumb Code     2  stm32h7xx_hal_adc.o(.text.HAL_ADC_ErrorCallback)
    HAL_ADC_IRQHandler                       0x080018f9   Thumb Code   714  stm32h7xx_hal_adc.o(.text.HAL_ADC_IRQHandler)
    HAL_ADC_Init                             0x08001bc9   Thumb Code   598  stm32h7xx_hal_adc.o(.text.HAL_ADC_Init)
    HAL_ADC_LevelOutOfWindowCallback         0x08001e21   Thumb Code     2  stm32h7xx_hal_adc.o(.text.HAL_ADC_LevelOutOfWindowCallback)
    HAL_ADC_MspInit                          0x08001e29   Thumb Code   362  adc.o(.text.HAL_ADC_MspInit)
    HAL_DMA_Abort_IT                         0x08001f99   Thumb Code   694  stm32h7xx_hal_dma.o(.text.HAL_DMA_Abort_IT)
    HAL_DMA_IRQHandler                       0x08002251   Thumb Code  2084  stm32h7xx_hal_dma.o(.text.HAL_DMA_IRQHandler)
    HAL_DMA_Init                             0x08002a79   Thumb Code  1630  stm32h7xx_hal_dma.o(.text.HAL_DMA_Init)
    HAL_DMA_Start_IT                         0x080030d9   Thumb Code   938  stm32h7xx_hal_dma.o(.text.HAL_DMA_Start_IT)
    HAL_Delay                                0x08003489   Thumb Code    40  stm32h7xx_hal.o(.text.HAL_Delay)
    HAL_GPIO_Init                            0x080034b1   Thumb Code   482  stm32h7xx_hal_gpio.o(.text.HAL_GPIO_Init)
    HAL_GPIO_WritePin                        0x08003699   Thumb Code    10  stm32h7xx_hal_gpio.o(.text.HAL_GPIO_WritePin)
    HAL_GetREVID                             0x080036a9   Thumb Code    14  stm32h7xx_hal.o(.text.HAL_GetREVID)
    HAL_GetTick                              0x080036b9   Thumb Code    12  stm32h7xx_hal.o(.text.HAL_GetTick)
    HAL_IncTick                              0x080036c9   Thumb Code    26  stm32h7xx_hal.o(.text.HAL_IncTick)
    HAL_Init                                 0x080036e9   Thumb Code   100  stm32h7xx_hal.o(.text.HAL_Init)
    HAL_InitTick                             0x08003751   Thumb Code    80  stm32h7xx_hal.o(.text.HAL_InitTick)
    HAL_MPU_ConfigRegion                     0x080037a1   Thumb Code    94  stm32h7xx_hal_cortex.o(.text.HAL_MPU_ConfigRegion)
    HAL_MPU_Disable                          0x08003801   Thumb Code    26  stm32h7xx_hal_cortex.o(.text.HAL_MPU_Disable)
    HAL_MPU_Enable                           0x08003821   Thumb Code    32  stm32h7xx_hal_cortex.o(.text.HAL_MPU_Enable)
    HAL_MspInit                              0x08003841   Thumb Code    32  stm32h7xx_hal_msp.o(.text.HAL_MspInit)
    HAL_NVIC_EnableIRQ                       0x08003861   Thumb Code    34  stm32h7xx_hal_cortex.o(.text.HAL_NVIC_EnableIRQ)
    HAL_NVIC_SetPriority                     0x08003889   Thumb Code    90  stm32h7xx_hal_cortex.o(.text.HAL_NVIC_SetPriority)
    HAL_NVIC_SetPriorityGrouping             0x080038e9   Thumb Code    32  stm32h7xx_hal_cortex.o(.text.HAL_NVIC_SetPriorityGrouping)
    HAL_PWREx_ConfigSupply                   0x08003909   Thumb Code    76  stm32h7xx_hal_pwr_ex.o(.text.HAL_PWREx_ConfigSupply)
    HAL_RCCEx_GetPLL1ClockFreq               0x08003959   Thumb Code   280  stm32h7xx_hal_rcc_ex.o(.text.HAL_RCCEx_GetPLL1ClockFreq)
    HAL_RCCEx_GetPLL2ClockFreq               0x08003a89   Thumb Code   280  stm32h7xx_hal_rcc_ex.o(.text.HAL_RCCEx_GetPLL2ClockFreq)
    HAL_RCCEx_GetPLL3ClockFreq               0x08003bb1   Thumb Code   280  stm32h7xx_hal_rcc_ex.o(.text.HAL_RCCEx_GetPLL3ClockFreq)
    HAL_RCCEx_GetPeriphCLKFreq               0x08003cd9   Thumb Code   940  stm32h7xx_hal_rcc_ex.o(.text.HAL_RCCEx_GetPeriphCLKFreq)
    HAL_RCCEx_PeriphCLKConfig                0x08004089   Thumb Code  2828  stm32h7xx_hal_rcc_ex.o(.text.HAL_RCCEx_PeriphCLKConfig)
    HAL_RCC_ClockConfig                      0x08004b99   Thumb Code   596  stm32h7xx_hal_rcc.o(.text.HAL_RCC_ClockConfig)
    HAL_RCC_GetHCLKFreq                      0x08004df1   Thumb Code    76  stm32h7xx_hal_rcc.o(.text.HAL_RCC_GetHCLKFreq)
    HAL_RCC_GetPCLK1Freq                     0x08004e41   Thumb Code    96  stm32h7xx_hal_rcc.o(.text.HAL_RCC_GetPCLK1Freq)
    HAL_RCC_GetSysClockFreq                  0x08004ea1   Thumb Code   264  stm32h7xx_hal_rcc.o(.text.HAL_RCC_GetSysClockFreq)
    HAL_RCC_OscConfig                        0x08004fc1   Thumb Code  1388  stm32h7xx_hal_rcc.o(.text.HAL_RCC_OscConfig)
    HAL_SPI_ErrorCallback                    0x08005531   Thumb Code     2  stm32h7xx_hal_spi.o(.text.HAL_SPI_ErrorCallback)
    HAL_SPI_IRQHandler                       0x08005539   Thumb Code   590  stm32h7xx_hal_spi.o(.text.HAL_SPI_IRQHandler)
    HAL_SPI_Init                             0x08005789   Thumb Code   444  stm32h7xx_hal_spi.o(.text.HAL_SPI_Init)
    HAL_SPI_MspInit                          0x08005949   Thumb Code   286  spi.o(.text.HAL_SPI_MspInit)
    HAL_SPI_RxCpltCallback                   0x08005a69   Thumb Code     2  stm32h7xx_hal_spi.o(.text.HAL_SPI_RxCpltCallback)
    HAL_SPI_SuspendCallback                  0x08005a71   Thumb Code     2  stm32h7xx_hal_spi.o(.text.HAL_SPI_SuspendCallback)
    HAL_SPI_Transmit                         0x08005a79   Thumb Code   664  stm32h7xx_hal_spi.o(.text.HAL_SPI_Transmit)
    HAL_SPI_TxCpltCallback                   0x08005d11   Thumb Code    42  ili9488.o(.text.HAL_SPI_TxCpltCallback)
    HAL_SPI_TxRxCpltCallback                 0x08005d41   Thumb Code     2  stm32h7xx_hal_spi.o(.text.HAL_SPI_TxRxCpltCallback)
    HAL_SYSTICK_Config                       0x08005d49   Thumb Code    46  stm32h7xx_hal_cortex.o(.text.HAL_SYSTICK_Config)
    HAL_TIMEx_MasterConfigSynchronization    0x08005d79   Thumb Code   206  stm32h7xx_hal_tim_ex.o(.text.HAL_TIMEx_MasterConfigSynchronization)
    HAL_TIM_Base_Init                        0x08005e49   Thumb Code    96  stm32h7xx_hal_tim.o(.text.HAL_TIM_Base_Init)
    HAL_TIM_Base_MspInit                     0x08005ea9   Thumb Code    48  tim.o(.text.HAL_TIM_Base_MspInit)
    HAL_TIM_Base_Start                       0x08005ed9   Thumb Code   172  stm32h7xx_hal_tim.o(.text.HAL_TIM_Base_Start)
    HAL_TIM_ConfigClockSource                0x08005f89   Thumb Code   700  stm32h7xx_hal_tim.o(.text.HAL_TIM_ConfigClockSource)
    HardFault_Handler                        0x08006249   Thumb Code     2  stm32h7xx_it.o(.text.HardFault_Handler)
    LCD_DrawString                           0x08006251   Thumb Code   680  ili9488.o(.text.LCD_DrawString)
    LCD_FillColor                            0x080064f9   Thumb Code   538  ili9488.o(.text.LCD_FillColor)
    LCD_FillRect                             0x08006719   Thumb Code   590  ili9488.o(.text.LCD_FillRect)
    LCD_Init                                 0x08006969   Thumb Code  2740  ili9488.o(.text.LCD_Init)
    LCD_SetRotation                          0x08007449   Thumb Code   204  ili9488.o(.text.LCD_SetRotation)
    LCD_SetWindow                            0x08007519   Thumb Code   768  ili9488.o(.text.LCD_SetWindow)
    MX_ADC1_Init                             0x08007819   Thumb Code   196  adc.o(.text.MX_ADC1_Init)
    MX_ADC2_Init                             0x080078e1   Thumb Code   126  adc.o(.text.MX_ADC2_Init)
    MX_DMA_Init                              0x08007961   Thumb Code    68  dma.o(.text.MX_DMA_Init)
    MX_GPIO_Init                             0x080079a9   Thumb Code   254  gpio.o(.text.MX_GPIO_Init)
    MX_SPI1_Init                             0x08007aa9   Thumb Code    98  spi.o(.text.MX_SPI1_Init)
    MX_TIM3_Init                             0x08007b11   Thumb Code   114  tim.o(.text.MX_TIM3_Init)
    MemManage_Handler                        0x08007b89   Thumb Code     2  stm32h7xx_it.o(.text.MemManage_Handler)
    NMI_Handler                              0x08007b91   Thumb Code     2  stm32h7xx_it.o(.text.NMI_Handler)
    PendSV_Handler                           0x08007b99   Thumb Code     2  stm32h7xx_it.o(.text.PendSV_Handler)
    SPI1_IRQHandler                          0x08007df1   Thumb Code    12  stm32h7xx_it.o(.text.SPI1_IRQHandler)
    SVC_Handler                              0x08007ee9   Thumb Code     2  stm32h7xx_it.o(.text.SVC_Handler)
    SysTick_Handler                          0x08007ef1   Thumb Code     4  stm32h7xx_it.o(.text.SysTick_Handler)
    SystemClock_Config                       0x08007ef9   Thumb Code   220  main.o(.text.SystemClock_Config)
    SystemInit                               0x08007fd9   Thumb Code   238  system_stm32h7xx.o(.text.SystemInit)
    TIM_Base_SetConfig                       0x080080c9   Thumb Code   334  stm32h7xx_hal_tim.o(.text.TIM_Base_SetConfig)
    UsageFault_Handler                       0x08008219   Thumb Code     2  stm32h7xx_it.o(.text.UsageFault_Handler)
    main                                     0x08008221   Thumb Code   360  main.o(.text.main)
    __0snprintf$4                            0x08008389   Thumb Code    48  printf4.o(i.__0snprintf$4)
    __1snprintf$4                            0x08008389   Thumb Code     0  printf4.o(i.__0snprintf$4)
    __2snprintf                              0x08008389   Thumb Code     0  printf4.o(i.__0snprintf$4)
    __scatterload_copy                       0x080083bd   Thumb Code    14  handlers.o(i.__scatterload_copy)
    __scatterload_null                       0x080083cb   Thumb Code     2  handlers.o(i.__scatterload_null)
    __scatterload_zeroinit                   0x080083cd   Thumb Code    14  handlers.o(i.__scatterload_zeroinit)
    D1CorePrescTable                         0x0800861e   Data          16  system_stm32h7xx.o(.rodata.D1CorePrescTable)
    Region$$Table$$Base                      0x08008870   Number         0  anon$$obj.o(Region$$Table)
    Region$$Table$$Limit                     0x08008890   Number         0  anon$$obj.o(Region$$Table)
    adc_dual_buffer                          0x24000000   Data          16  main.o(.RAM_D2)
    uwTickFreq                               0x24000010   Data           1  stm32h7xx_hal.o(.data..L_MergedGlobals)
    uwTickPrio                               0x24000014   Data           4  stm32h7xx_hal.o(.data..L_MergedGlobals)
    SystemCoreClock                          0x24000018   Data           4  system_stm32h7xx.o(.data..L_MergedGlobals)
    SystemD2Clock                            0x2400001c   Data           4  system_stm32h7xx.o(.data..L_MergedGlobals)
    g_hist_idx                               0x24000028   Data           4  main.o(.bss..L_MergedGlobals)
    g_new_count                              0x2400002c   Data           4  main.o(.bss..L_MergedGlobals)
    diff_voltage_1                           0x24000030   Data           4  main.o(.bss..L_MergedGlobals)
    diff_voltage_2                           0x24000034   Data           4  main.o(.bss..L_MergedGlobals)
    hdma_adc1                                0x2400003c   Data         120  adc.o(.bss..L_MergedGlobals)
    g_hist1                                  0x240000b4   Data         960  main.o(.bss.g_hist1)
    g_hist2                                  0x24000474   Data         960  main.o(.bss.g_hist2)
    hadc1                                    0x24000834   Data         100  adc.o(.bss.hadc1)
    hadc2                                    0x24000898   Data         100  adc.o(.bss.hadc2)
    hdma_spi1_tx                             0x240008fc   Data         120  spi.o(.bss.hdma_spi1_tx)
    hspi1                                    0x24000974   Data         136  spi.o(.bss.hspi1)
    htim3                                    0x240009fc   Data          76  tim.o(.bss.htim3)
    uwTick                                   0x24000a4c   Data           4  stm32h7xx_hal.o(.bss.uwTick)
    __initial_sp                             0x24004a50   Data           0  startup_stm32h743xx.o(STACK)



==============================================================================

Memory Map of the image

  Image Entry point : 0x08000299

  Load Region LR_IROM1 (Base: 0x08000000, Size: 0x000088c0, Max: 0x00200000, ABSOLUTE)

    Execution Region ER_IROM1 (Exec base: 0x08000000, Load base: 0x08000000, Size: 0x00008890, Max: 0x00200000, ABSOLUTE)

    Exec Addr    Load Addr    Size         Type   Attr      Idx    E Section Name        Object

    0x08000000   0x08000000   0x00000298   Data   RO            3    RESET               startup_stm32h743xx.o
    0x08000298   0x08000298   0x00000000   Code   RO         1615  * .ARM.Collect$$$$00000000  mc_w.l(entry.o)
    0x08000298   0x08000298   0x00000004   Code   RO         1881    .ARM.Collect$$$$00000001  mc_w.l(entry2.o)
    0x0800029c   0x0800029c   0x00000004   Code   RO         1884    .ARM.Collect$$$$00000004  mc_w.l(entry5.o)
    0x080002a0   0x080002a0   0x00000000   Code   RO         1886    .ARM.Collect$$$$00000008  mc_w.l(entry7b.o)
    0x080002a0   0x080002a0   0x00000000   Code   RO         1888    .ARM.Collect$$$$0000000A  mc_w.l(entry8b.o)
    0x080002a0   0x080002a0   0x00000008   Code   RO         1889    .ARM.Collect$$$$0000000B  mc_w.l(entry9a.o)
    0x080002a8   0x080002a8   0x00000000   Code   RO         1891    .ARM.Collect$$$$0000000D  mc_w.l(entry10a.o)
    0x080002a8   0x080002a8   0x00000000   Code   RO         1893    .ARM.Collect$$$$0000000F  mc_w.l(entry11a.o)
    0x080002a8   0x080002a8   0x00000004   Code   RO         1882    .ARM.Collect$$$$00002712  mc_w.l(entry2.o)
    0x080002ac   0x080002ac   0x0000002c   Code   RO            4    .text               startup_stm32h743xx.o
    0x080002d8   0x080002d8   0x00000024   Code   RO         1618    .text               mc_w.l(memseta.o)
    0x080002fc   0x080002fc   0x00000062   Code   RO         1911    .text               mc_w.l(uldiv.o)
    0x0800035e   0x0800035e   0x00000002   PAD
    0x08000360   0x08000360   0x00000030   Code   RO         1924    .text               mc_w.l(init.o)
    0x08000390   0x08000390   0x0000001e   Code   RO         1927    .text               mc_w.l(llshl.o)
    0x080003ae   0x080003ae   0x00000020   Code   RO         1929    .text               mc_w.l(llushr.o)
    0x080003ce   0x080003ce   0x00000002   PAD
    0x080003d0   0x080003d0   0x0000012c   Code   RO          212    .text.ADC_ConfigureBoostMode  stm32h7xx_hal_adc.o
    0x080004fc   0x080004fc   0x00000004   PAD
    0x08000500   0x08000500   0x0000005e   Code   RO          238    .text.ADC_DMAConvCplt  stm32h7xx_hal_adc.o
    0x0800055e   0x0800055e   0x00000002   PAD
    0x08000560   0x08000560   0x00000016   Code   RO          242    .text.ADC_DMAError  stm32h7xx_hal_adc.o
    0x08000576   0x08000576   0x00000002   PAD
    0x08000578   0x08000578   0x00000006   Code   RO          240    .text.ADC_DMAHalfConvCplt  stm32h7xx_hal_adc.o
    0x0800057e   0x0800057e   0x00000002   PAD
    0x08000580   0x08000580   0x00000078   Code   RO          218    .text.ADC_Disable   stm32h7xx_hal_adc.o
    0x080005f8   0x080005f8   0x00000414   Code   RO           11    .text.ADC_DisplayOnLCD  adc_driver.o
    0x08000a0c   0x08000a0c   0x00000004   PAD
    0x08000a10   0x08000a10   0x000000aa   Code   RO          224    .text.ADC_Enable    stm32h7xx_hal_adc.o
    0x08000aba   0x08000aba   0x00000006   PAD
    0x08000ac0   0x08000ac0   0x0000001e   Code   RO          189    .text.ADC_IRQHandler  stm32h7xx_it.o
    0x08000ade   0x08000ade   0x00000002   PAD
    0x08000ae0   0x08000ae0   0x00000002   Code   RO          173    .text.BusFault_Handler  stm32h7xx_it.o
    0x08000ae2   0x08000ae2   0x00000006   PAD
    0x08000ae8   0x08000ae8   0x0000000c   Code   RO          185    .text.DMA1_Stream0_IRQHandler  stm32h7xx_it.o
    0x08000af4   0x08000af4   0x00000004   PAD
    0x08000af8   0x08000af8   0x0000000c   Code   RO          187    .text.DMA1_Stream1_IRQHandler  stm32h7xx_it.o
    0x08000b04   0x08000b04   0x00000004   PAD
    0x08000b08   0x08000b08   0x00000128   Code   RO          563    .text.DMA_CalcBaseAndBitshift  stm32h7xx_hal_dma.o
    0x08000c30   0x08000c30   0x00000308   Code   RO          569    .text.DMA_SetConfig  stm32h7xx_hal_dma.o
    0x08000f38   0x08000f38   0x00000002   Code   RO          179    .text.DebugMon_Handler  stm32h7xx_it.o
    0x08000f3a   0x08000f3a   0x00000006   PAD
    0x08000f40   0x08000f40   0x00000006   Code   RO           84    .text.Error_Handler  main.o
    0x08000f46   0x08000f46   0x00000002   PAD
    0x08000f48   0x08000f48   0x0000002c   Code   RO         1604    .text.ExitRun0Mode  system_stm32h7xx.o
    0x08000f74   0x08000f74   0x00000004   PAD
    0x08000f78   0x08000f78   0x000000d8   Code   RO          274    .text.HAL_ADCEx_Calibration_Start  stm32h7xx_hal_adc_ex.o
    0x08001050   0x08001050   0x00000002   Code   RO          312    .text.HAL_ADCEx_EndOfSamplingCallback  stm32h7xx_hal_adc_ex.o
    0x08001052   0x08001052   0x00000006   PAD
    0x08001058   0x08001058   0x00000002   Code   RO          304    .text.HAL_ADCEx_InjectedConvCpltCallback  stm32h7xx_hal_adc_ex.o
    0x0800105a   0x0800105a   0x00000006   PAD
    0x08001060   0x08001060   0x00000002   Code   RO          306    .text.HAL_ADCEx_InjectedQueueOverflowCallback  stm32h7xx_hal_adc_ex.o
    0x08001062   0x08001062   0x00000006   PAD
    0x08001068   0x08001068   0x00000002   Code   RO          308    .text.HAL_ADCEx_LevelOutOfWindow2Callback  stm32h7xx_hal_adc_ex.o
    0x0800106a   0x0800106a   0x00000006   PAD
    0x08001070   0x08001070   0x00000002   Code   RO          310    .text.HAL_ADCEx_LevelOutOfWindow3Callback  stm32h7xx_hal_adc_ex.o
    0x08001072   0x08001072   0x00000006   PAD
    0x08001078   0x08001078   0x000000b8   Code   RO          324    .text.HAL_ADCEx_MultiModeConfigChannel  stm32h7xx_hal_adc_ex.o
    0x08001130   0x08001130   0x00000114   Code   RO          296    .text.HAL_ADCEx_MultiModeStart_DMA  stm32h7xx_hal_adc_ex.o
    0x08001244   0x08001244   0x00000004   PAD
    0x08001248   0x08001248   0x000004f0   Code   RO          258    .text.HAL_ADC_ConfigChannel  stm32h7xx_hal_adc.o
    0x08001738   0x08001738   0x000001ac   Code   RO           76    .text.HAL_ADC_ConvCpltCallback  main.o
    0x080018e4   0x080018e4   0x00000004   PAD
    0x080018e8   0x080018e8   0x00000002   Code   RO          256    .text.HAL_ADC_ConvHalfCpltCallback  stm32h7xx_hal_adc.o
    0x080018ea   0x080018ea   0x00000006   PAD
    0x080018f0   0x080018f0   0x00000002   Code   RO          254    .text.HAL_ADC_ErrorCallback  stm32h7xx_hal_adc.o
    0x080018f2   0x080018f2   0x00000006   PAD
    0x080018f8   0x080018f8   0x000002ca   Code   RO          248    .text.HAL_ADC_IRQHandler  stm32h7xx_hal_adc.o
    0x08001bc2   0x08001bc2   0x00000006   PAD
    0x08001bc8   0x08001bc8   0x00000256   Code   RO          208    .text.HAL_ADC_Init  stm32h7xx_hal_adc.o
    0x08001e1e   0x08001e1e   0x00000002   PAD
    0x08001e20   0x08001e20   0x00000002   Code   RO          252    .text.HAL_ADC_LevelOutOfWindowCallback  stm32h7xx_hal_adc.o
    0x08001e22   0x08001e22   0x00000006   PAD
    0x08001e28   0x08001e28   0x0000016a   Code   RO          112    .text.HAL_ADC_MspInit  adc.o
    0x08001f92   0x08001f92   0x00000006   PAD
    0x08001f98   0x08001f98   0x000002b6   Code   RO          575    .text.HAL_DMA_Abort_IT  stm32h7xx_hal_dma.o
    0x0800224e   0x0800224e   0x00000002   PAD
    0x08002250   0x08002250   0x00000824   Code   RO          579    .text.HAL_DMA_IRQHandler  stm32h7xx_hal_dma.o
    0x08002a74   0x08002a74   0x00000004   PAD
    0x08002a78   0x08002a78   0x0000065e   Code   RO          561    .text.HAL_DMA_Init  stm32h7xx_hal_dma.o
    0x080030d6   0x080030d6   0x00000002   PAD
    0x080030d8   0x080030d8   0x000003aa   Code   RO          571    .text.HAL_DMA_Start_IT  stm32h7xx_hal_dma.o
    0x08003482   0x08003482   0x00000006   PAD
    0x08003488   0x08003488   0x00000028   Code   RO          871    .text.HAL_Delay     stm32h7xx_hal.o
    0x080034b0   0x080034b0   0x000001e2   Code   RO          507    .text.HAL_GPIO_Init  stm32h7xx_hal_gpio.o
    0x08003692   0x08003692   0x00000006   PAD
    0x08003698   0x08003698   0x0000000a   Code   RO          513    .text.HAL_GPIO_WritePin  stm32h7xx_hal_gpio.o
    0x080036a2   0x080036a2   0x00000006   PAD
    0x080036a8   0x080036a8   0x0000000e   Code   RO          879    .text.HAL_GetREVID  stm32h7xx_hal.o
    0x080036b6   0x080036b6   0x00000002   PAD
    0x080036b8   0x080036b8   0x0000000c   Code   RO          863    .text.HAL_GetTick   stm32h7xx_hal.o
    0x080036c4   0x080036c4   0x00000004   PAD
    0x080036c8   0x080036c8   0x0000001a   Code   RO          861    .text.HAL_IncTick   stm32h7xx_hal.o
    0x080036e2   0x080036e2   0x00000006   PAD
    0x080036e8   0x080036e8   0x00000064   Code   RO          851    .text.HAL_Init      stm32h7xx_hal.o
    0x0800374c   0x0800374c   0x00000004   PAD
    0x08003750   0x08003750   0x00000050   Code   RO          853    .text.HAL_InitTick  stm32h7xx_hal.o
    0x080037a0   0x080037a0   0x0000005e   Code   RO          821    .text.HAL_MPU_ConfigRegion  stm32h7xx_hal_cortex.o
    0x080037fe   0x080037fe   0x00000002   PAD
    0x08003800   0x08003800   0x0000001a   Code   RO          813    .text.HAL_MPU_Disable  stm32h7xx_hal_cortex.o
    0x0800381a   0x0800381a   0x00000006   PAD
    0x08003820   0x08003820   0x00000020   Code   RO          815    .text.HAL_MPU_Enable  stm32h7xx_hal_cortex.o
    0x08003840   0x08003840   0x00000020   Code   RO          200    .text.HAL_MspInit   stm32h7xx_hal_msp.o
    0x08003860   0x08003860   0x00000022   Code   RO          803    .text.HAL_NVIC_EnableIRQ  stm32h7xx_hal_cortex.o
    0x08003882   0x08003882   0x00000006   PAD
    0x08003888   0x08003888   0x0000005a   Code   RO          801    .text.HAL_NVIC_SetPriority  stm32h7xx_hal_cortex.o
    0x080038e2   0x080038e2   0x00000006   PAD
    0x080038e8   0x080038e8   0x00000020   Code   RO          799    .text.HAL_NVIC_SetPriorityGrouping  stm32h7xx_hal_cortex.o
    0x08003908   0x08003908   0x0000004c   Code   RO          711    .text.HAL_PWREx_ConfigSupply  stm32h7xx_hal_pwr_ex.o
    0x08003954   0x08003954   0x00000004   PAD
    0x08003958   0x08003958   0x0000012c   Code   RO          388    .text.HAL_RCCEx_GetPLL1ClockFreq  stm32h7xx_hal_rcc_ex.o
    0x08003a84   0x08003a84   0x00000004   PAD
    0x08003a88   0x08003a88   0x00000128   Code   RO          390    .text.HAL_RCCEx_GetPLL2ClockFreq  stm32h7xx_hal_rcc_ex.o
    0x08003bb0   0x08003bb0   0x00000128   Code   RO          392    .text.HAL_RCCEx_GetPLL3ClockFreq  stm32h7xx_hal_rcc_ex.o
    0x08003cd8   0x08003cd8   0x000003ac   Code   RO          386    .text.HAL_RCCEx_GetPeriphCLKFreq  stm32h7xx_hal_rcc_ex.o
    0x08004084   0x08004084   0x00000004   PAD
    0x08004088   0x08004088   0x00000b0c   Code   RO          378    .text.HAL_RCCEx_PeriphCLKConfig  stm32h7xx_hal_rcc_ex.o
    0x08004b94   0x08004b94   0x00000004   PAD
    0x08004b98   0x08004b98   0x00000254   Code   RO          346    .text.HAL_RCC_ClockConfig  stm32h7xx_hal_rcc.o
    0x08004dec   0x08004dec   0x00000004   PAD
    0x08004df0   0x08004df0   0x0000004c   Code   RO          356    .text.HAL_RCC_GetHCLKFreq  stm32h7xx_hal_rcc.o
    0x08004e3c   0x08004e3c   0x00000004   PAD
    0x08004e40   0x08004e40   0x00000060   Code   RO          358    .text.HAL_RCC_GetPCLK1Freq  stm32h7xx_hal_rcc.o
    0x08004ea0   0x08004ea0   0x0000011c   Code   RO          348    .text.HAL_RCC_GetSysClockFreq  stm32h7xx_hal_rcc.o
    0x08004fbc   0x08004fbc   0x00000004   PAD
    0x08004fc0   0x08004fc0   0x0000056c   Code   RO          344    .text.HAL_RCC_OscConfig  stm32h7xx_hal_rcc.o
    0x0800552c   0x0800552c   0x00000004   PAD
    0x08005530   0x08005530   0x00000002   Code   RO         1231    .text.HAL_SPI_ErrorCallback  stm32h7xx_hal_spi.o
    0x08005532   0x08005532   0x00000006   PAD
    0x08005538   0x08005538   0x0000024e   Code   RO         1227    .text.HAL_SPI_IRQHandler  stm32h7xx_hal_spi.o
    0x08005786   0x08005786   0x00000002   PAD
    0x08005788   0x08005788   0x000001bc   Code   RO         1157    .text.HAL_SPI_Init  stm32h7xx_hal_spi.o
    0x08005944   0x08005944   0x00000004   PAD
    0x08005948   0x08005948   0x0000011e   Code   RO          138    .text.HAL_SPI_MspInit  spi.o
    0x08005a66   0x08005a66   0x00000002   PAD
    0x08005a68   0x08005a68   0x00000002   Code   RO         1235    .text.HAL_SPI_RxCpltCallback  stm32h7xx_hal_spi.o
    0x08005a6a   0x08005a6a   0x00000006   PAD
    0x08005a70   0x08005a70   0x00000002   Code   RO         1229    .text.HAL_SPI_SuspendCallback  stm32h7xx_hal_spi.o
    0x08005a72   0x08005a72   0x00000006   PAD
    0x08005a78   0x08005a78   0x00000298   Code   RO         1165    .text.HAL_SPI_Transmit  stm32h7xx_hal_spi.o
    0x08005d10   0x08005d10   0x0000002a   Code   RO           33    .text.HAL_SPI_TxCpltCallback  ili9488.o
    0x08005d3a   0x08005d3a   0x00000006   PAD
    0x08005d40   0x08005d40   0x00000002   Code   RO         1233    .text.HAL_SPI_TxRxCpltCallback  stm32h7xx_hal_spi.o
    0x08005d42   0x08005d42   0x00000006   PAD
    0x08005d48   0x08005d48   0x0000002e   Code   RO          811    .text.HAL_SYSTICK_Config  stm32h7xx_hal_cortex.o
    0x08005d76   0x08005d76   0x00000002   PAD
    0x08005d78   0x08005d78   0x000000ce   Code   RO         1568    .text.HAL_TIMEx_MasterConfigSynchronization  stm32h7xx_hal_tim_ex.o
    0x08005e46   0x08005e46   0x00000002   PAD
    0x08005e48   0x08005e48   0x00000060   Code   RO         1273    .text.HAL_TIM_Base_Init  stm32h7xx_hal_tim.o
    0x08005ea8   0x08005ea8   0x00000030   Code   RO          154    .text.HAL_TIM_Base_MspInit  tim.o
    0x08005ed8   0x08005ed8   0x000000ac   Code   RO         1283    .text.HAL_TIM_Base_Start  stm32h7xx_hal_tim.o
    0x08005f84   0x08005f84   0x00000004   PAD
    0x08005f88   0x08005f88   0x000002bc   Code   RO         1453    .text.HAL_TIM_ConfigClockSource  stm32h7xx_hal_tim.o
    0x08006244   0x08006244   0x00000004   PAD
    0x08006248   0x08006248   0x00000002   Code   RO          169    .text.HardFault_Handler  stm32h7xx_it.o
    0x0800624a   0x0800624a   0x00000006   PAD
    0x08006250   0x08006250   0x000002a8   Code   RO           53    .text.LCD_DrawString  ili9488.o
    0x080064f8   0x080064f8   0x0000021a   Code   RO           49    .text.LCD_FillColor  ili9488.o
    0x08006712   0x08006712   0x00000006   PAD
    0x08006718   0x08006718   0x0000024e   Code   RO           51    .text.LCD_FillRect  ili9488.o
    0x08006966   0x08006966   0x00000002   PAD
    0x08006968   0x08006968   0x00000adc   Code   RO           47    .text.LCD_Init      ili9488.o
    0x08007444   0x08007444   0x00000004   PAD
    0x08007448   0x08007448   0x000000cc   Code   RO           43    .text.LCD_SetRotation  ili9488.o
    0x08007514   0x08007514   0x00000004   PAD
    0x08007518   0x08007518   0x00000300   Code   RO           59    .text.LCD_SetWindow  ili9488.o
    0x08007818   0x08007818   0x000000c4   Code   RO          108    .text.MX_ADC1_Init  adc.o
    0x080078dc   0x080078dc   0x00000004   PAD
    0x080078e0   0x080078e0   0x0000007e   Code   RO          110    .text.MX_ADC2_Init  adc.o
    0x0800795e   0x0800795e   0x00000002   PAD
    0x08007960   0x08007960   0x00000044   Code   RO          127    .text.MX_DMA_Init   dma.o
    0x080079a4   0x080079a4   0x00000004   PAD
    0x080079a8   0x080079a8   0x000000fe   Code   RO           99    .text.MX_GPIO_Init  gpio.o
    0x08007aa6   0x08007aa6   0x00000002   PAD
    0x08007aa8   0x08007aa8   0x00000062   Code   RO          136    .text.MX_SPI1_Init  spi.o
    0x08007b0a   0x08007b0a   0x00000006   PAD
    0x08007b10   0x08007b10   0x00000072   Code   RO          152    .text.MX_TIM3_Init  tim.o
    0x08007b82   0x08007b82   0x00000006   PAD
    0x08007b88   0x08007b88   0x00000002   Code   RO          171    .text.MemManage_Handler  stm32h7xx_it.o
    0x08007b8a   0x08007b8a   0x00000006   PAD
    0x08007b90   0x08007b90   0x00000002   Code   RO          167    .text.NMI_Handler   stm32h7xx_it.o
    0x08007b92   0x08007b92   0x00000006   PAD
    0x08007b98   0x08007b98   0x00000002   Code   RO          181    .text.PendSV_Handler  stm32h7xx_it.o
    0x08007b9a   0x08007b9a   0x00000006   PAD
    0x08007ba0   0x08007ba0   0x00000122   Code   RO          380    .text.RCCEx_PLL2_Config  stm32h7xx_hal_rcc_ex.o
    0x08007cc2   0x08007cc2   0x00000006   PAD
    0x08007cc8   0x08007cc8   0x00000122   Code   RO          382    .text.RCCEx_PLL3_Config  stm32h7xx_hal_rcc_ex.o
    0x08007dea   0x08007dea   0x00000006   PAD
    0x08007df0   0x08007df0   0x0000000c   Code   RO          191    .text.SPI1_IRQHandler  stm32h7xx_it.o
    0x08007dfc   0x08007dfc   0x00000004   PAD
    0x08007e00   0x08007e00   0x000000d0   Code   RO         1167    .text.SPI_CloseTransfer  stm32h7xx_hal_spi.o
    0x08007ed0   0x08007ed0   0x00000016   Code   RO         1239    .text.SPI_DMAAbortOnError  stm32h7xx_hal_spi.o
    0x08007ee6   0x08007ee6   0x00000002   PAD
    0x08007ee8   0x08007ee8   0x00000002   Code   RO          177    .text.SVC_Handler   stm32h7xx_it.o
    0x08007eea   0x08007eea   0x00000006   PAD
    0x08007ef0   0x08007ef0   0x00000004   Code   RO          183    .text.SysTick_Handler  stm32h7xx_it.o
    0x08007ef4   0x08007ef4   0x00000004   PAD
    0x08007ef8   0x08007ef8   0x000000dc   Code   RO           80    .text.SystemClock_Config  main.o
    0x08007fd4   0x08007fd4   0x00000004   PAD
    0x08007fd8   0x08007fd8   0x000000ee   Code   RO         1600    .text.SystemInit    system_stm32h7xx.o
    0x080080c6   0x080080c6   0x00000002   PAD
    0x080080c8   0x080080c8   0x0000014e   Code   RO         1277    .text.TIM_Base_SetConfig  stm32h7xx_hal_tim.o
    0x08008216   0x08008216   0x00000002   PAD
    0x08008218   0x08008218   0x00000002   Code   RO          175    .text.UsageFault_Handler  stm32h7xx_it.o
    0x0800821a   0x0800821a   0x00000006   PAD
    0x08008220   0x08008220   0x00000168   Code   RO           78    .text.main          main.o
    0x08008388   0x08008388   0x00000034   Code   RO         1732    i.__0snprintf$4     mc_w.l(printf4.o)
    0x080083bc   0x080083bc   0x0000000e   Code   RO         1938    i.__scatterload_copy  mc_w.l(handlers.o)
    0x080083ca   0x080083ca   0x00000002   Code   RO         1939    i.__scatterload_null  mc_w.l(handlers.o)
    0x080083cc   0x080083cc   0x0000000e   Code   RO         1940    i.__scatterload_zeroinit  mc_w.l(handlers.o)
    0x080083da   0x080083da   0x00000002   PAD
    0x080083dc   0x080083dc   0x0000022c   Code   RO         1738    i._printf_core      mc_w.l(printf4.o)
    0x08008608   0x08008608   0x00000016   Code   RO         1739    i._snputc           mc_w.l(printf4.o)
    0x0800861e   0x0800861e   0x00000010   Data   RO         1606    .rodata.D1CorePrescTable  system_stm32h7xx.o
    0x0800862e   0x0800862e   0x00000240   Data   RO           66    .rodata.font6x8     ili9488.o
    0x0800886e   0x0800886e   0x00000002   PAD
    0x08008870   0x08008870   0x00000020   Data   RO         1937    Region$$Table       anon$$obj.o


    Execution Region RW_IRAM1 (Exec base: 0x20000000, Load base: 0x08008890, Size: 0x00000000, Max: 0x00020000, ABSOLUTE)

    **** No section assigned to this execution region ****


    Execution Region RW_IRAM2 (Exec base: 0x24000000, Load base: 0x080088a0, Size: 0x00004a50, Max: 0x00080000, ABSOLUTE)

    Exec Addr    Load Addr    Size         Type   Attr      Idx    E Section Name        Object

    0x24000000   0x080088a0   0x00000010   Data   RW           86    .RAM_D2             main.o
    0x24000010   0x080088b0   0x00000008   Data   RW          948    .data..L_MergedGlobals  stm32h7xx_hal.o
    0x24000018   0x080088b8   0x00000008   Data   RW         1607    .data..L_MergedGlobals  system_stm32h7xx.o
    0x24000020        -       0x00000008   Zero   RW           67    .bss..L_MergedGlobals  ili9488.o
    0x24000028        -       0x00000010   Zero   RW           90    .bss..L_MergedGlobals  main.o
    0x24000038        -       0x0000007c   Zero   RW          118    .bss..L_MergedGlobals  adc.o
    0x240000b4        -       0x000003c0   Zero   RW           87    .bss.g_hist1        main.o
    0x24000474        -       0x000003c0   Zero   RW           88    .bss.g_hist2        main.o
    0x24000834        -       0x00000064   Zero   RW          116    .bss.hadc1          adc.o
    0x24000898        -       0x00000064   Zero   RW          117    .bss.hadc2          adc.o
    0x240008fc        -       0x00000078   Zero   RW          143    .bss.hdma_spi1_tx   spi.o
    0x24000974        -       0x00000088   Zero   RW          142    .bss.hspi1          spi.o
    0x240009fc        -       0x0000004c   Zero   RW          158    .bss.htim3          tim.o
    0x24000a48        -       0x00000001   Zero   RW           65    .bss.lcd_rotation   ili9488.o
    0x24000a49   0x080088c0   0x00000003   PAD
    0x24000a4c        -       0x00000004   Zero   RW          947    .bss.uwTick         stm32h7xx_hal.o
    0x24000a50        -       0x00004000   Zero   RW            1    STACK               startup_stm32h743xx.o


==============================================================================

Image component sizes


      Code (inc. data)   RO Data    RW Data    ZI Data      Debug   Object Name

       684          0          0          0        324      11386   adc.o
      1044         52          0          0          0       3461   adc_driver.o
        68          0          0          0          0       5445   dma.o
       254          0          0          0          0       3033   gpio.o
      5602         40        576          0          9      21016   ili9488.o
      1014          8          0         16       1936      13952   main.o
       384          0          0          0        256      11787   spi.o
        44         12        664          0      16384        812   startup_stm32h743xx.o
       272          0          0          8          4      15050   stm32h7xx_hal.o
      3294         14          0          0          0      28623   stm32h7xx_hal_adc.o
       686          0          0          0          0      30207   stm32h7xx_hal_adc_ex.o
       354          0          0          0          0      12487   stm32h7xx_hal_cortex.o
      6418         12          0          0          0      18492   stm32h7xx_hal_dma.o
       492          0          0          0          0       7182   stm32h7xx_hal_gpio.o
        32          0          0          0          0       2194   stm32h7xx_hal_msp.o
        76          0          0          0          0      10794   stm32h7xx_hal_pwr_ex.o
      2440         24          0          0          0      12015   stm32h7xx_hal_rcc.o
      5240        264          0          0          0      20344   stm32h7xx_hal_rcc_ex.o
      1936          0          0          0          0      23897   stm32h7xx_hal_spi.o
      1302          0          0          0          0      68634   stm32h7xx_hal_tim.o
       206          0          0          0          0      26004   stm32h7xx_hal_tim_ex.o
        86          0          0          0          0       7083   stm32h7xx_it.o
       282          0         16          8          0       6227   system_stm32h7xx.o
       162          0          0          0         76       6686   tim.o

    ----------------------------------------------------------------------
     32740        446       1290         32      18992     366811   Object Totals
         0          0         32          0          0          0   (incl. Generated)
       368         20          2          0          3          0   (incl. Padding)

    ----------------------------------------------------------------------

      Code (inc. data)   RO Data    RW Data    ZI Data      Debug   Library Member Name

         0          0          0          0          0          0   entry.o
         0          0          0          0          0          0   entry10a.o
         0          0          0          0          0          0   entry11a.o
         8          4          0          0          0          0   entry2.o
         4          0          0          0          0          0   entry5.o
         0          0          0          0          0          0   entry7b.o
         0          0          0          0          0          0   entry8b.o
         8          4          0          0          0          0   entry9a.o
        30          0          0          0          0          0   handlers.o
        48         10          0          0          0         68   init.o
        30          0          0          0          0         68   llshl.o
        32          0          0          0          0         68   llushr.o
        36          0          0          0          0        108   memseta.o
       630          8          0          0          0        256   printf4.o
        98          0          0          0          0         92   uldiv.o

    ----------------------------------------------------------------------
       930         26          0          0          0        660   Library Totals
         6          0          0          0          0          0   (incl. Padding)

    ----------------------------------------------------------------------

      Code (inc. data)   RO Data    RW Data    ZI Data      Debug   Library Name

       924         26          0          0          0        660   mc_w.l

    ----------------------------------------------------------------------
       930         26          0          0          0        660   Library Totals

    ----------------------------------------------------------------------

==============================================================================


      Code (inc. data)   RO Data    RW Data    ZI Data      Debug   

     33670        472       1290         32      18992     366975   Grand Totals
     33670        472       1290         32      18992     366975   ELF Image Totals
     33670        472       1290         32          0          0   ROM Totals

==============================================================================

    Total RO  Size (Code + RO Data)                34960 (  34.14kB)
    Total RW  Size (RW Data + ZI Data)             19024 (  18.58kB)
    Total ROM Size (Code + RO Data + RW Data)      34992 (  34.17kB)

==============================================================================

